HEAP DUMP BEGIN (799 objects, 151576 bytes) Fri Feb 15 13:26:35 2008
ROOT 0 (kind=<thread>, id=200000, trace=300000)
ROOT 50000320 (kind=<JNI global ref>, id=1, trace=300000)
ROOT 500000bf (kind=<JNI global ref>, id=2, trace=300000)
ROOT 50000020 (kind=<JNI global ref>, id=3, trace=300000)
ROOT 50000001 (kind=<JNI global ref>, id=4, trace=300000)
ROOT 5000009b (kind=<JNI global ref>, id=5, trace=300000)
ROOT 50000002 (kind=<JNI global ref>, id=6, trace=300000)
ROOT 500000a1 (kind=<JNI global ref>, id=7, trace=300000)
ROOT 50000003 (kind=<JNI global ref>, id=8, trace=300000)
ROOT 500000a7 (kind=<JNI global ref>, id=9, trace=300000)
ROOT 50000004 (kind=<JNI global ref>, id=a, trace=300000)
ROOT 50000090 (kind=<JNI global ref>, id=b, trace=300000)
ROOT 50000005 (kind=<JNI global ref>, id=c, trace=300000)
ROOT 50000006 (kind=<JNI global ref>, id=d, trace=300000)
ROOT 50000007 (kind=<JNI global ref>, id=e, trace=300000)
ROOT 50000008 (kind=<JNI global ref>, id=f, trace=300000)
ROOT 50000009 (kind=<JNI global ref>, id=10, trace=300000)
ROOT 5000000a (kind=<JNI global ref>, id=11, trace=300000)
ROOT 5000000b (kind=<JNI global ref>, id=12, trace=300000)
ROOT 500000d7 (kind=<JNI global ref>, id=13, trace=300000)
ROOT 5000000c (kind=<JNI global ref>, id=14, trace=300000)
ROOT 500000fd (kind=<JNI global ref>, id=15, trace=300000)
ROOT 5000000d (kind=<JNI global ref>, id=16, trace=300000)
ROOT 5000000e (kind=<JNI global ref>, id=17, trace=300000)
ROOT 5000000f (kind=<JNI global ref>, id=18, trace=300000)
ROOT 50000089 (kind=<JNI global ref>, id=19, trace=300000)
ROOT 50000010 (kind=<JNI global ref>, id=1a, trace=300000)
ROOT 50000074 (kind=<JNI global ref>, id=1b, trace=300000)
ROOT 50000011 (kind=<JNI global ref>, id=1c, trace=300000)
ROOT 50000116 (kind=<JNI global ref>, id=1d, trace=300000)
ROOT 50000012 (kind=<JNI global ref>, id=1e, trace=300000)
ROOT 50000013 (kind=<JNI global ref>, id=1f, trace=300000)
ROOT 50000014 (kind=<JNI global ref>, id=20, trace=300000)
ROOT 50000015 (kind=<JNI global ref>, id=21, trace=300000)
ROOT 50000016 (kind=<JNI global ref>, id=22, trace=300000)
ROOT 50000063 (kind=<JNI global ref>, id=23, trace=300000)
ROOT 50000017 (kind=<JNI global ref>, id=24, trace=300000)
ROOT 500000d6 (kind=<JNI global ref>, id=25, trace=300000)
ROOT 50000018 (kind=<JNI global ref>, id=26, trace=300000)
ROOT 50000095 (kind=<JNI global ref>, id=27, trace=300000)
ROOT 50000019 (kind=<JNI global ref>, id=28, trace=300000)
ROOT 500000b7 (kind=<JNI global ref>, id=29, trace=300000)
ROOT 5000001a (kind=<JNI global ref>, id=2a, trace=300000)
ROOT 5000001b (kind=<JNI global ref>, id=2b, trace=300000)
ROOT 5000001c (kind=<JNI global ref>, id=2c, trace=300000)
ROOT 5000001d (kind=<JNI global ref>, id=2d, trace=300000)
ROOT 5000001e (kind=<JNI global ref>, id=2e, trace=300000)
ROOT 5000001f (kind=<JNI global ref>, id=2f, trace=300000)
ROOT 50000020 (kind=<JNI global ref>, id=30, trace=300000)
ROOT 500000fe (kind=<JNI global ref>, id=31, trace=300000)
ROOT 50000021 (kind=<JNI global ref>, id=32, trace=300000)
ROOT 50000022 (kind=<JNI global ref>, id=33, trace=300000)
ROOT 50000023 (kind=<JNI global ref>, id=34, trace=300000)
ROOT 50000024 (kind=<JNI global ref>, id=35, trace=300000)
ROOT 50000062 (kind=<JNI global ref>, id=36, trace=300000)
ROOT 50000025 (kind=<JNI global ref>, id=37, trace=300000)
ROOT 500000af (kind=<JNI global ref>, id=38, trace=300000)
ROOT 50000026 (kind=<JNI global ref>, id=39, trace=300000)
ROOT 50000027 (kind=<JNI global ref>, id=3a, trace=300000)
ROOT 50000028 (kind=<JNI global ref>, id=3b, trace=300000)
ROOT 50000029 (kind=<JNI global ref>, id=3c, trace=300000)
ROOT 5000002a (kind=<JNI global ref>, id=3d, trace=300000)
ROOT 5000002b (kind=<JNI global ref>, id=3e, trace=300000)
ROOT 5000002c (kind=<JNI global ref>, id=3f, trace=300000)
ROOT 5000002d (kind=<JNI global ref>, id=40, trace=300000)
ROOT 5000002e (kind=<JNI global ref>, id=41, trace=300000)
ROOT 5000002f (kind=<JNI global ref>, id=42, trace=300000)
ROOT 50000030 (kind=<JNI global ref>, id=43, trace=300000)
ROOT 50000031 (kind=<JNI global ref>, id=44, trace=300000)
ROOT 50000032 (kind=<JNI global ref>, id=45, trace=300000)
ROOT 50000033 (kind=<JNI global ref>, id=46, trace=300000)
ROOT 500000d1 (kind=<JNI global ref>, id=47, trace=300000)
ROOT 50000034 (kind=<JNI global ref>, id=48, trace=300000)
ROOT 50000035 (kind=<JNI global ref>, id=49, trace=300000)
ROOT 50000036 (kind=<JNI global ref>, id=4a, trace=300000)
ROOT 50000037 (kind=<JNI global ref>, id=4b, trace=300000)
ROOT 500000d3 (kind=<JNI global ref>, id=4c, trace=300000)
ROOT 50000038 (kind=<JNI global ref>, id=4d, trace=300000)
ROOT 50000039 (kind=<JNI global ref>, id=4e, trace=300000)
ROOT 5000003a (kind=<JNI global ref>, id=4f, trace=300000)
ROOT 5000003b (kind=<JNI global ref>, id=50, trace=300000)
ROOT 5000003c (kind=<JNI global ref>, id=51, trace=300000)
ROOT 5000003d (kind=<JNI global ref>, id=52, trace=300000)
ROOT 5000006b (kind=<JNI global ref>, id=53, trace=300000)
ROOT 5000003e (kind=<JNI global ref>, id=54, trace=300000)
ROOT 500000ef (kind=<JNI global ref>, id=55, trace=300000)
ROOT 5000003f (kind=<JNI global ref>, id=56, trace=300000)
ROOT 50000040 (kind=<JNI global ref>, id=57, trace=300000)
ROOT 50000041 (kind=<JNI global ref>, id=58, trace=300000)
ROOT 50000042 (kind=<JNI global ref>, id=59, trace=300000)
ROOT 5000006a (kind=<JNI global ref>, id=5a, trace=300000)
ROOT 50000043 (kind=<JNI global ref>, id=5b, trace=300000)
ROOT 50000044 (kind=<JNI global ref>, id=5c, trace=300000)
ROOT 50000045 (kind=<JNI global ref>, id=5d, trace=300000)
ROOT 50000046 (kind=<JNI global ref>, id=5e, trace=300000)
ROOT 50000047 (kind=<JNI global ref>, id=5f, trace=300000)
ROOT 50000048 (kind=<JNI global ref>, id=60, trace=300000)
ROOT 50000049 (kind=<JNI global ref>, id=61, trace=300000)
ROOT 5000004a (kind=<JNI global ref>, id=62, trace=300000)
ROOT 5000004b (kind=<JNI global ref>, id=63, trace=300000)
ROOT 5000004c (kind=<JNI global ref>, id=64, trace=300000)
ROOT 5000004d (kind=<JNI global ref>, id=65, trace=300000)
ROOT 5000004e (kind=<JNI global ref>, id=66, trace=300000)
ROOT 5000004f (kind=<JNI global ref>, id=67, trace=300000)
ROOT 50000050 (kind=<JNI global ref>, id=68, trace=300000)
ROOT 50000051 (kind=<JNI global ref>, id=69, trace=300000)
ROOT 50000052 (kind=<JNI global ref>, id=6a, trace=300000)
ROOT 50000053 (kind=<JNI global ref>, id=6b, trace=300000)
ROOT 50000057 (kind=<JNI global ref>, id=6c, trace=300000)
ROOT 50000054 (kind=<JNI global ref>, id=6d, trace=300000)
ROOT 50000055 (kind=<JNI global ref>, id=6e, trace=300000)
ROOT 50000056 (kind=<JNI global ref>, id=6f, trace=300000)
ROOT 50000058 (kind=<JNI global ref>, id=70, trace=300000)
ROOT 50000059 (kind=<JNI global ref>, id=71, trace=300000)
ROOT 5000005a (kind=<JNI global ref>, id=72, trace=300000)
ROOT 5000005b (kind=<JNI global ref>, id=73, trace=300000)
ROOT 5000008d (kind=<JNI global ref>, id=74, trace=300000)
ROOT 5000005c (kind=<JNI global ref>, id=75, trace=300000)
ROOT 5000005d (kind=<JNI global ref>, id=76, trace=300000)
ROOT 5000005e (kind=<JNI global ref>, id=77, trace=300000)
ROOT 5000005f (kind=<JNI global ref>, id=78, trace=300000)
ROOT 50000060 (kind=<JNI global ref>, id=79, trace=300000)
ROOT 50000061 (kind=<JNI global ref>, id=7a, trace=300000)
ROOT 50000088 (kind=<JNI global ref>, id=7b, trace=300000)
ROOT 50000064 (kind=<JNI global ref>, id=7c, trace=300000)
ROOT 50000065 (kind=<JNI global ref>, id=7d, trace=300000)
ROOT 50000066 (kind=<JNI global ref>, id=7e, trace=300000)
ROOT 50000067 (kind=<JNI global ref>, id=7f, trace=300000)
ROOT 50000068 (kind=<JNI global ref>, id=80, trace=300000)
ROOT 50000069 (kind=<JNI global ref>, id=81, trace=300000)
ROOT 5000006c (kind=<JNI global ref>, id=82, trace=300000)
ROOT 5000006d (kind=<JNI global ref>, id=83, trace=300000)
ROOT 5000006e (kind=<JNI global ref>, id=84, trace=300000)
ROOT 5000006f (kind=<JNI global ref>, id=85, trace=300000)
ROOT 5000011a (kind=<JNI global ref>, id=86, trace=300000)
ROOT 50000070 (kind=<JNI global ref>, id=87, trace=300000)
ROOT 50000071 (kind=<JNI global ref>, id=88, trace=300000)
ROOT 50000072 (kind=<JNI global ref>, id=89, trace=300000)
ROOT 5000007e (kind=<JNI global ref>, id=8a, trace=300000)
ROOT 50000073 (kind=<JNI global ref>, id=8b, trace=300000)
ROOT 50000075 (kind=<JNI global ref>, id=8c, trace=300000)
ROOT 50000076 (kind=<JNI global ref>, id=8d, trace=300000)
ROOT 50000077 (kind=<JNI global ref>, id=8e, trace=300000)
ROOT 50000078 (kind=<JNI global ref>, id=8f, trace=300000)
ROOT 50000079 (kind=<JNI global ref>, id=90, trace=300000)
ROOT 5000007a (kind=<JNI global ref>, id=91, trace=300000)
ROOT 500000ec (kind=<JNI global ref>, id=92, trace=300000)
ROOT 5000007b (kind=<JNI global ref>, id=93, trace=300000)
ROOT 5000007c (kind=<JNI global ref>, id=94, trace=300000)
ROOT 5000007d (kind=<JNI global ref>, id=95, trace=300000)
ROOT 500000dc (kind=<JNI global ref>, id=96, trace=300000)
ROOT 5000007f (kind=<JNI global ref>, id=97, trace=300000)
ROOT 50000080 (kind=<JNI global ref>, id=98, trace=300000)
ROOT 50000081 (kind=<JNI global ref>, id=99, trace=300000)
ROOT 50000082 (kind=<JNI global ref>, id=9a, trace=300000)
ROOT 50000083 (kind=<JNI global ref>, id=9b, trace=300000)
ROOT 50000084 (kind=<JNI global ref>, id=9c, trace=300000)
ROOT 50000085 (kind=<JNI global ref>, id=9d, trace=300000)
ROOT 50000086 (kind=<JNI global ref>, id=9e, trace=300000)
ROOT 50000087 (kind=<JNI global ref>, id=9f, trace=300000)
ROOT 5000008a (kind=<JNI global ref>, id=a0, trace=300000)
ROOT 5000008b (kind=<JNI global ref>, id=a1, trace=300000)
ROOT 5000008c (kind=<JNI global ref>, id=a2, trace=300000)
ROOT 500000cd (kind=<JNI global ref>, id=a3, trace=300000)
ROOT 5000008e (kind=<JNI global ref>, id=a4, trace=300000)
ROOT 5000008f (kind=<JNI global ref>, id=a5, trace=300000)
ROOT 50000091 (kind=<JNI global ref>, id=a6, trace=300000)
ROOT 50000092 (kind=<JNI global ref>, id=a7, trace=300000)
ROOT 500000d9 (kind=<JNI global ref>, id=a8, trace=300000)
ROOT 50000093 (kind=<JNI global ref>, id=a9, trace=300000)
ROOT 50000094 (kind=<JNI global ref>, id=aa, trace=300000)
ROOT 50000096 (kind=<JNI global ref>, id=ab, trace=300000)
ROOT 50000097 (kind=<JNI global ref>, id=ac, trace=300000)
ROOT 50000098 (kind=<JNI global ref>, id=ad, trace=300000)
ROOT 50000099 (kind=<JNI global ref>, id=ae, trace=300000)
ROOT 5000009a (kind=<JNI global ref>, id=af, trace=300000)
ROOT 5000009c (kind=<JNI global ref>, id=b0, trace=300000)
ROOT 5000009d (kind=<JNI global ref>, id=b1, trace=300000)
ROOT 5000009e (kind=<JNI global ref>, id=b2, trace=300000)
ROOT 5000009f (kind=<JNI global ref>, id=b3, trace=300000)
ROOT 500000a0 (kind=<JNI global ref>, id=b4, trace=300000)
ROOT 500000fa (kind=<JNI global ref>, id=b5, trace=300000)
ROOT 500000a2 (kind=<JNI global ref>, id=b6, trace=300000)
ROOT 500000a3 (kind=<JNI global ref>, id=b7, trace=300000)
ROOT 500000a4 (kind=<JNI global ref>, id=b8, trace=300000)
ROOT 500000a5 (kind=<JNI global ref>, id=b9, trace=300000)
ROOT 500000c7 (kind=<JNI global ref>, id=ba, trace=300000)
ROOT 500000a6 (kind=<JNI global ref>, id=bb, trace=300000)
ROOT 500000a8 (kind=<JNI global ref>, id=bc, trace=300000)
ROOT 500000a9 (kind=<JNI global ref>, id=bd, trace=300000)
ROOT 500000aa (kind=<JNI global ref>, id=be, trace=300000)
ROOT 500000ab (kind=<JNI global ref>, id=bf, trace=300000)
ROOT 500000ac (kind=<JNI global ref>, id=c0, trace=300000)
ROOT 500000ad (kind=<JNI global ref>, id=c1, trace=300000)
ROOT 500000ae (kind=<JNI global ref>, id=c2, trace=300000)
ROOT 500000b0 (kind=<JNI global ref>, id=c3, trace=300000)
ROOT 500000b1 (kind=<JNI global ref>, id=c4, trace=300000)
ROOT 500000b2 (kind=<JNI global ref>, id=c5, trace=300000)
ROOT 500000f5 (kind=<JNI global ref>, id=c6, trace=300000)
ROOT 500000b3 (kind=<JNI global ref>, id=c7, trace=300000)
ROOT 500000b4 (kind=<JNI global ref>, id=c8, trace=300000)
ROOT 500000b5 (kind=<JNI global ref>, id=c9, trace=300000)
ROOT 500000b6 (kind=<JNI global ref>, id=ca, trace=300000)
ROOT 500000fb (kind=<JNI global ref>, id=cb, trace=300000)
ROOT 500000b8 (kind=<JNI global ref>, id=cc, trace=300000)
ROOT 500000b9 (kind=<JNI global ref>, id=cd, trace=300000)
ROOT 500000ba (kind=<JNI global ref>, id=ce, trace=300000)
ROOT 500000bb (kind=<JNI global ref>, id=cf, trace=300000)
ROOT 500000bc (kind=<JNI global ref>, id=d0, trace=300000)
ROOT 500000bd (kind=<JNI global ref>, id=d1, trace=300000)
ROOT 500000be (kind=<JNI global ref>, id=d2, trace=300000)
ROOT 500000bf (kind=<JNI global ref>, id=d3, trace=300000)
ROOT 500000c0 (kind=<JNI global ref>, id=d4, trace=300000)
ROOT 500000c1 (kind=<JNI global ref>, id=d5, trace=300000)
ROOT 500000c2 (kind=<JNI global ref>, id=d6, trace=300000)
ROOT 500000c3 (kind=<JNI global ref>, id=d7, trace=300000)
ROOT 500000f4 (kind=<JNI global ref>, id=d8, trace=300000)
ROOT 500000c4 (kind=<JNI global ref>, id=d9, trace=300000)
ROOT 500000c5 (kind=<JNI global ref>, id=da, trace=300000)
ROOT 500000c6 (kind=<JNI global ref>, id=db, trace=300000)
ROOT 500000c8 (kind=<JNI global ref>, id=dc, trace=300000)
ROOT 500000c9 (kind=<JNI global ref>, id=dd, trace=300000)
ROOT 500000ca (kind=<JNI global ref>, id=de, trace=300000)
ROOT 500000cb (kind=<JNI global ref>, id=df, trace=300000)
ROOT 500000cc (kind=<JNI global ref>, id=e0, trace=300000)
ROOT 500000ce (kind=<JNI global ref>, id=e1, trace=300000)
ROOT 500000cf (kind=<JNI global ref>, id=e2, trace=300000)
ROOT 500000d0 (kind=<JNI global ref>, id=e3, trace=300000)
ROOT 500000d2 (kind=<JNI global ref>, id=e4, trace=300000)
ROOT 500000d4 (kind=<JNI global ref>, id=e5, trace=300000)
ROOT 500000d5 (kind=<JNI global ref>, id=e6, trace=300000)
ROOT 500000d8 (kind=<JNI global ref>, id=e7, trace=300000)
ROOT 500000da (kind=<JNI global ref>, id=e8, trace=300000)
ROOT 500000db (kind=<JNI global ref>, id=e9, trace=300000)
ROOT 500000dd (kind=<JNI global ref>, id=ea, trace=300000)
ROOT 500000de (kind=<JNI global ref>, id=eb, trace=300000)
ROOT 500000df (kind=<JNI global ref>, id=ec, trace=300000)
ROOT 500000e0 (kind=<JNI global ref>, id=ed, trace=300000)
ROOT 500000e1 (kind=<JNI global ref>, id=ee, trace=300000)
ROOT 500000e2 (kind=<JNI global ref>, id=ef, trace=300000)
ROOT 500000e3 (kind=<JNI global ref>, id=f0, trace=300000)
ROOT 500000e4 (kind=<JNI global ref>, id=f1, trace=300000)
ROOT 500000e5 (kind=<JNI global ref>, id=f2, trace=300000)
ROOT 500000e6 (kind=<JNI global ref>, id=f3, trace=300000)
ROOT 500000e7 (kind=<JNI global ref>, id=f4, trace=300000)
ROOT 500000e8 (kind=<JNI global ref>, id=f5, trace=300000)
ROOT 500000e9 (kind=<JNI global ref>, id=f6, trace=300000)
ROOT 500000ea (kind=<JNI global ref>, id=f7, trace=300000)
ROOT 500000eb (kind=<JNI global ref>, id=f8, trace=300000)
ROOT 500000ed (kind=<JNI global ref>, id=f9, trace=300000)
ROOT 500000ee (kind=<JNI global ref>, id=fa, trace=300000)
ROOT 500000f0 (kind=<JNI global ref>, id=fb, trace=300000)
ROOT 500000f1 (kind=<JNI global ref>, id=fc, trace=300000)
ROOT 500000f2 (kind=<JNI global ref>, id=fd, trace=300000)
ROOT 500000f3 (kind=<JNI global ref>, id=fe, trace=300000)
ROOT 500000f6 (kind=<JNI global ref>, id=ff, trace=300000)
ROOT 500000f7 (kind=<JNI global ref>, id=100, trace=300000)
ROOT 500000fc (kind=<JNI global ref>, id=101, trace=300000)
ROOT 500000f8 (kind=<JNI global ref>, id=102, trace=300000)
ROOT 500000f9 (kind=<JNI global ref>, id=103, trace=300000)
ROOT 5000010d (kind=<JNI global ref>, id=104, trace=300000)
ROOT 500000ff (kind=<JNI global ref>, id=105, trace=300000)
ROOT 50000100 (kind=<JNI global ref>, id=106, trace=300000)
ROOT 50000101 (kind=<JNI global ref>, id=107, trace=300000)
ROOT 50000102 (kind=<JNI global ref>, id=108, trace=300000)
ROOT 50000103 (kind=<JNI global ref>, id=109, trace=300000)
ROOT 50000104 (kind=<JNI global ref>, id=10a, trace=300000)
ROOT 50000105 (kind=<JNI global ref>, id=10b, trace=300000)
ROOT 50000106 (kind=<JNI global ref>, id=10c, trace=300000)
ROOT 50000107 (kind=<JNI global ref>, id=10d, trace=300000)
ROOT 50000108 (kind=<JNI global ref>, id=10e, trace=300000)
ROOT 50000109 (kind=<JNI global ref>, id=10f, trace=300000)
ROOT 5000010a (kind=<JNI global ref>, id=110, trace=300000)
ROOT 5000010b (kind=<JNI global ref>, id=111, trace=300000)
ROOT 5000010c (kind=<JNI global ref>, id=112, trace=300000)
ROOT 5000010e (kind=<JNI global ref>, id=113, trace=300000)
ROOT 5000010f (kind=<JNI global ref>, id=114, trace=300000)
ROOT 50000113 (kind=<JNI global ref>, id=115, trace=300000)
ROOT 50000110 (kind=<JNI global ref>, id=116, trace=300000)
ROOT 50000111 (kind=<JNI global ref>, id=117, trace=300000)
ROOT 50000112 (kind=<JNI global ref>, id=118, trace=300000)
ROOT 50000114 (kind=<JNI global ref>, id=119, trace=300000)
ROOT 50000115 (kind=<JNI global ref>, id=11a, trace=300000)
ROOT 50000117 (kind=<JNI global ref>, id=11b, trace=300000)
ROOT 50000118 (kind=<JNI global ref>, id=11c, trace=300000)
ROOT 50000119 (kind=<JNI global ref>, id=11d, trace=300000)
ROOT 5000011b (kind=<JNI global ref>, id=11e, trace=300000)
ROOT 50000133 (kind=<JNI global ref>, id=11f, trace=300000)
ROOT 5000011c (kind=<JNI global ref>, id=120, trace=300000)
ROOT 5000011d (kind=<JNI global ref>, id=121, trace=300000)
ROOT 5000011e (kind=<JNI global ref>, id=122, trace=300000)
ROOT 5000011f (kind=<JNI global ref>, id=123, trace=300000)
ROOT 50000120 (kind=<JNI global ref>, id=124, trace=300000)
ROOT 50000121 (kind=<JNI global ref>, id=125, trace=300000)
ROOT 50000122 (kind=<JNI global ref>, id=126, trace=300000)
ROOT 50000123 (kind=<JNI global ref>, id=127, trace=300000)
ROOT 50000124 (kind=<JNI global ref>, id=128, trace=300000)
ROOT 50000125 (kind=<JNI global ref>, id=129, trace=300000)
ROOT 50000126 (kind=<JNI global ref>, id=12a, trace=300000)
ROOT 50000127 (kind=<JNI global ref>, id=12b, trace=300000)
ROOT 50000128 (kind=<JNI global ref>, id=12c, trace=300000)
ROOT 50000129 (kind=<JNI global ref>, id=12d, trace=300000)
ROOT 5000012a (kind=<JNI global ref>, id=12e, trace=300000)
ROOT 5000012b (kind=<JNI global ref>, id=12f, trace=300000)
ROOT 5000012c (kind=<JNI global ref>, id=130, trace=300000)
ROOT 5000012d (kind=<JNI global ref>, id=131, trace=300000)
ROOT 5000012e (kind=<JNI global ref>, id=132, trace=300000)
ROOT 5000012f (kind=<JNI global ref>, id=133, trace=300000)
ROOT 50000130 (kind=<JNI global ref>, id=134, trace=300000)
ROOT 50000131 (kind=<JNI global ref>, id=135, trace=300000)
ROOT 50000132 (kind=<JNI global ref>, id=136, trace=300000)
ROOT 50000134 (kind=<JNI global ref>, id=137, trace=300000)
ROOT 50000135 (kind=<JNI global ref>, id=138, trace=300000)
ROOT 50000136 (kind=<JNI global ref>, id=139, trace=300000)
ROOT 50000137 (kind=<JNI global ref>, id=13a, trace=300000)
ROOT 50000138 (kind=<JNI global ref>, id=13b, trace=300000)
ROOT 50000139 (kind=<JNI global ref>, id=13c, trace=300000)
ROOT 5000013a (kind=<JNI global ref>, id=13d, trace=300000)
ROOT 5000013b (kind=<JNI global ref>, id=13e, trace=300000)
ROOT 5000013c (kind=<JNI global ref>, id=13f, trace=300000)
ROOT 50000321 (kind=<JNI global ref>, id=140, trace=300000)
ROOT 50000322 (kind=<JNI global ref>, id=141, trace=300000)
ROOT 5000001e (kind=<JNI global ref>, id=142, trace=300000)
ROOT 500000fd (kind=<JNI global ref>, id=143, trace=300000)
ROOT 500000fc (kind=<JNI global ref>, id=144, trace=300000)
ROOT 5000009e (kind=<JNI global ref>, id=145, trace=300000)
ROOT 5000009b (kind=<JNI global ref>, id=146, trace=300000)
ROOT 5000009b (kind=<JNI global ref>, id=147, trace=300000)
ROOT 5000009e (kind=<JNI global ref>, id=148, trace=300000)
ROOT 500000fc (kind=<JNI global ref>, id=149, trace=300000)
ROOT 500000fd (kind=<JNI global ref>, id=14a, trace=300000)
ROOT 5000001e (kind=<JNI global ref>, id=14b, trace=300000)
ROOT 5000008e (kind=<JNI global ref>, id=14c, trace=300000)
ROOT 5000008e (kind=<JNI global ref>, id=14d, trace=300000)
ROOT 5000000c (kind=<JNI global ref>, id=14e, trace=300000)
ROOT 5000000c (kind=<JNI global ref>, id=14f, trace=300000)
ROOT 50000070 (kind=<JNI global ref>, id=150, trace=300000)
ROOT 50000070 (kind=<JNI global ref>, id=151, trace=300000)
ROOT 50000107 (kind=<JNI global ref>, id=152, trace=300000)
ROOT 5000007a (kind=<JNI global ref>, id=153, trace=300000)
ROOT 500000ec (kind=<JNI global ref>, id=154, trace=300000)
ROOT 500000ec (kind=<JNI global ref>, id=155, trace=300000)
ROOT 5000007a (kind=<JNI global ref>, id=156, trace=300000)
ROOT 50000107 (kind=<JNI global ref>, id=157, trace=300000)
ROOT 500000bf (kind=<JNI global ref>, id=158, trace=300000)
ROOT 500000bf (kind=<JNI global ref>, id=159, trace=300000)
ROOT 50000135 (kind=<JNI global ref>, id=15a, trace=300000)
ROOT 50000137 (kind=<JNI global ref>, id=15b, trace=300000)
ROOT 5000013b (kind=<JNI global ref>, id=15c, trace=300000)
ROOT 5000013c (kind=<JNI global ref>, id=15d, trace=300000)
ROOT 50000136 (kind=<JNI global ref>, id=15e, trace=300000)
ROOT 50000139 (kind=<JNI global ref>, id=15f, trace=300000)
ROOT 50000138 (kind=<JNI global ref>, id=160, trace=300000)
ROOT 5000013a (kind=<JNI global ref>, id=161, trace=300000)
ROOT 5000014a (kind=<JNI global ref>, id=162, trace=300009)
ROOT 5000014e (kind=<JNI global ref>, id=163, trace=300013)
ROOT 50000150 (kind=<JNI global ref>, id=164, trace=300015)
ROOT 50000151 (kind=<JNI global ref>, id=165, trace=300015)
ROOT 500001ca (kind=<JNI global ref>, id=166, trace=300046)
ROOT 500001d0 (kind=<JNI global ref>, id=167, trace=300049)
ROOT 500001fd (kind=<JNI global ref>, id=168, trace=300076)
ROOT 500001fe (kind=<JNI global ref>, id=169, trace=300076)
ROOT 50000206 (kind=<JNI global ref>, id=16a, trace=300082)
ROOT 5000020b (kind=<JNI global ref>, id=16b, trace=300085)
ROOT 5000020d (kind=<JNI global ref>, id=16c, trace=300087)
ROOT 5000020e (kind=<JNI global ref>, id=16d, trace=300087)
ROOT 5000023a (kind=<JNI global ref>, id=16e, trace=300104)
ROOT 5000023b (kind=<JNI global ref>, id=16f, trace=300104)
ROOT 5000023c (kind=<JNI global ref>, id=170, trace=300104)
ROOT 5000023f (kind=<JNI global ref>, id=171, trace=300107)
ROOT 50000240 (kind=<JNI global ref>, id=172, trace=300107)
ROOT 50000245 (kind=<JNI global ref>, id=173, trace=300112)
ROOT 5000024f (kind=<JNI global ref>, id=174, trace=300119)
ROOT 50000251 (kind=<JNI global ref>, id=175, trace=300121)
ROOT 50000253 (kind=<JNI global ref>, id=176, trace=300123)
ROOT 50000254 (kind=<JNI global ref>, id=177, trace=300123)
ROOT 50000255 (kind=<JNI global ref>, id=178, trace=300124)
ROOT 50000280 (kind=<JNI global ref>, id=179, trace=300144)
ROOT 50000293 (kind=<JNI global ref>, id=17a, trace=300151)
ROOT 50000294 (kind=<JNI global ref>, id=17b, trace=300152)
ROOT 50000296 (kind=<JNI global ref>, id=17c, trace=300154)
ROOT 500002bd (kind=<JNI global ref>, id=17d, trace=300164)
ROOT 500002be (kind=<JNI global ref>, id=17e, trace=300165)
ROOT 500002c1 (kind=<JNI global ref>, id=17f, trace=300167)
ROOT 500002c2 (kind=<JNI global ref>, id=180, trace=300168)
ROOT 50000301 (kind=<JNI global ref>, id=181, trace=300171)
ROOT 50000302 (kind=<JNI global ref>, id=182, trace=300171)
ROOT 50000309 (kind=<JNI global ref>, id=183, trace=300173)
ROOT 5000030b (kind=<JNI global ref>, id=184, trace=300175)
ROOT 5000030d (kind=<JNI global ref>, id=185, trace=300177)
ROOT 5000030e (kind=<JNI global ref>, id=186, trace=300177)
ROOT 50000311 (kind=<JNI global ref>, id=187, trace=300179)
ROOT 50000312 (kind=<JNI global ref>, id=188, trace=300180)
ROOT 5000031a (kind=<JNI global ref>, id=189, trace=300188)
ROOT 5000031c (kind=<JNI global ref>, id=18a, trace=300190)
ROOT 5000031d (kind=<JNI global ref>, id=18b, trace=300190)
ROOT 50000323 (kind=<unknown>)
ROOT 500000bf (kind=<system class>, name=java.lang.String)
ROOT 5000009b (kind=<system class>, name=java.lang.Object)
ROOT 5000008e (kind=<system class>, name=java.lang.Class)
ROOT 5000006c (kind=<system class>, name=java.lang.Cloneable)
ROOT 5000002f (kind=<system class>, name=java.lang.ClassLoader)
ROOT 50000101 (kind=<system class>, name=java.io.Serializable)
ROOT 5000002d (kind=<system class>, name=java.lang.System)
ROOT 5000009e (kind=<system class>, name=java.lang.Throwable)
ROOT 500000ec (kind=<system class>, name=java.lang.Error)
ROOT 500000a4 (kind=<system class>, name=java.lang.ThreadDeath)
ROOT 500000fc (kind=<system class>, name=java.lang.Exception)
ROOT 500000fd (kind=<system class>, name=java.lang.RuntimeException)
ROOT 500000f7 (kind=<system class>, name=java.lang.ClassNotFoundException)
ROOT 5000007d (kind=<system class>, name=java.lang.NoClassDefFoundError)
ROOT 500000dc (kind=<system class>, name=java.lang.LinkageError)
ROOT 5000000c (kind=<system class>, name=java.lang.ClassCastException)
ROOT 5000001e (kind=<system class>, name=java.lang.ArrayStoreException)
ROOT 5000007a (kind=<system class>, name=java.lang.VirtualMachineError)
ROOT 50000107 (kind=<system class>, name=java.lang.OutOfMemoryError)
ROOT 50000079 (kind=<system class>, name=java.lang.StackOverflowError)
ROOT 500000c2 (kind=<system class>, name=java.lang.IllegalMonitorStateException)
ROOT 500000ac (kind=<system class>, name=java.security.ProtectionDomain)
ROOT 500000a8 (kind=<system class>, name=java.security.AccessControlContext)
ROOT 500000d1 (kind=<system class>, name=java.lang.ref.Reference)
ROOT 500000b4 (kind=<system class>, name=java.lang.ref.SoftReference)
ROOT 50000033 (kind=<system class>, name=java.lang.ref.WeakReference)
ROOT 50000074 (kind=<system class>, name=java.lang.ref.FinalReference)
ROOT 5000012e (kind=<system class>, name=java.lang.ref.PhantomReference)
ROOT 50000010 (kind=<system class>, name=java.lang.ref.Finalizer)
ROOT 50000070 (kind=<system class>, name=java.lang.Thread)
ROOT 5000008a (kind=<system class>, name=java.lang.ThreadGroup)
ROOT 500000c6 (kind=<system class>, name=java.util.Properties)
ROOT 500000d9 (kind=<system class>, name=java.lang.reflect.AccessibleObject)
ROOT 50000096 (kind=<system class>, name=java.lang.reflect.Field)
ROOT 500000a2 (kind=<system class>, name=java.lang.reflect.Method)
ROOT 50000092 (kind=<system class>, name=java.lang.reflect.Constructor)
ROOT 50000089 (kind=<system class>, name=sun.reflect.MagicAccessorImpl)
ROOT 50000118 (kind=<system class>, name=sun.reflect.MethodAccessorImpl)
ROOT 500000f4 (kind=<system class>, name=sun.reflect.ConstructorAccessorImpl)
ROOT 5000007f (kind=<system class>, name=sun.reflect.DelegatingClassLoader)
ROOT 5000012f (kind=<system class>, name=sun.reflect.ConstantPool)
ROOT 500000f0 (kind=<system class>, name=sun.reflect.UnsafeStaticFieldAccessorImpl)
ROOT 5000003e (kind=<system class>, name=java.lang.StringBuffer)
ROOT 500000f3 (kind=<system class>, name=java.util.Vector)
ROOT 500000b2 (kind=<system class>, name=java.util.Hashtable)
ROOT 5000003a (kind=<system class>, name=java.lang.StackTraceElement)
ROOT 50000095 (kind=<system class>, name=java.nio.Buffer)
ROOT 50000072 (kind=<system class>, name=sun.misc.AtomicLongCSImpl)
ROOT 50000075 (kind=<system class>, name=java.lang.Boolean)
ROOT 500000d0 (kind=<system class>, name=java.lang.Character)
ROOT 50000046 (kind=<system class>, name=java.lang.Float)
ROOT 5000004d (kind=<system class>, name=java.lang.Double)
ROOT 5000003d (kind=<system class>, name=java.lang.Byte)
ROOT 50000055 (kind=<system class>, name=java.lang.Short)
ROOT 50000060 (kind=<system class>, name=java.lang.Integer)
ROOT 500000b5 (kind=<system class>, name=java.lang.Long)
ROOT 50000075 (kind=<system class>, name=java.lang.Boolean)
ROOT 500000d0 (kind=<system class>, name=java.lang.Character)
ROOT 50000046 (kind=<system class>, name=java.lang.Float)
ROOT 5000004d (kind=<system class>, name=java.lang.Double)
ROOT 5000003d (kind=<system class>, name=java.lang.Byte)
ROOT 50000055 (kind=<system class>, name=java.lang.Short)
ROOT 50000060 (kind=<system class>, name=java.lang.Integer)
ROOT 500000b5 (kind=<system class>, name=java.lang.Long)
ROOT 5000009e (kind=<system class>, name=java.lang.Throwable)
ROOT 5000012f (kind=<system class>, name=sun.reflect.ConstantPool)
ROOT 500000f0 (kind=<system class>, name=sun.reflect.UnsafeStaticFieldAccessorImpl)
ROOT 50000001 (kind=<system class>, name=sun.nio.cs.Surrogate$Parser)
ROOT 50000002 (kind=<system class>, name=java.io.FileReader)
ROOT 50000003 (kind=<system class>, name=java.io.FileOutputStream)
ROOT 50000240 (kind=<system class>, name=java.net.UnknownContentHandler)
ROOT 50000004 (kind=<system class>, name=java.nio.HeapCharBuffer)
ROOT 50000005 (kind=<system class>, name=java.lang.Math)
ROOT 50000006 (kind=<system class>, name=sun.reflect.ReflectionFactory$GetReflectionFactoryAction)
ROOT 50000007 (kind=<system class>, name=java.lang.ApplicationShutdownHooks)
ROOT 50000008 (kind=<system class>, name=java.lang.Compiler$1)
ROOT 50000009 (kind=<system class>, name=java.net.URLClassLoader$7)
ROOT 5000000a (kind=<system class>, name=java.util.Comparator)
ROOT 5000000b (kind=<system class>, name=sun.net.www.protocol.file.Handler)
ROOT 5000000c (kind=<system class>, name=java.lang.ClassCastException)
ROOT 5000000d (kind=<system class>, name=java.lang.Thread$UncaughtExceptionHandler)
ROOT 5000000f (kind=<system class>, name=sun.reflect.FieldAccessorImpl)
ROOT 50000010 (kind=<system class>, name=java.lang.ref.Finalizer)
ROOT 50000011 (kind=<system class>, name=java.util.concurrent.atomic.AtomicReferenceFieldUpdater$AtomicReferenceFieldUpdaterImpl)
ROOT 5000023b (kind=<system class>, name=sun.net.www.URLConnection)
ROOT 50000012 (kind=<system class>, name=sun.misc.Signal)
ROOT 50000013 (kind=<system class>, name=sun.reflect.ConstructorAccessor)
ROOT 50000014 (kind=<system class>, name=java.util.concurrent.locks.AbstractOwnableSynchronizer)
ROOT 50000015 (kind=<system class>, name=java.lang.ref.ReferenceQueue$Lock)
ROOT 50000016 (kind=<system class>, name=java.lang.RuntimePermission)
ROOT 50000253 (kind=<system class>, name=java.security.Policy)
ROOT 50000017 (kind=<system class>, name=java.util.concurrent.locks.ReentrantLock$NonfairSync)
ROOT 50000018 (kind=<system class>, name=java.nio.ByteBuffer)
ROOT 50000019 (kind=<system class>, name=sun.util.PreHashedMap)
ROOT 5000001a (kind=<system class>, name=sun.misc.OSEnvironment)
ROOT 5000001b (kind=<system class>, name=java.lang.ThreadLocal$ThreadLocalMap)
ROOT 5000001c (kind=<system class>, name=java.lang.reflect.GenericDeclaration)
ROOT 5000001e (kind=<system class>, name=java.lang.ArrayStoreException)
ROOT 5000001f (kind=<system class>, name=java.lang.ref.Reference$Lock)
ROOT 50000020 (kind=<system class>, name=java.lang.NoSuchMethodError)
ROOT 50000021 (kind=<system class>, name=java.util.concurrent.ConcurrentHashMap$HashEntry)
ROOT 50000023 (kind=<system class>, name=sun.misc.JavaNetAccess)
ROOT 5000014a (kind=<system class>, name=java.net.URLClassLoader$1)
ROOT 50000024 (kind=<system class>, name=java.util.AbstractSet)
ROOT 50000025 (kind=<system class>, name=java.io.BufferedReader)
ROOT 50000026 (kind=<system class>, name=java.nio.charset.CoderResult)
ROOT 500002bd (kind=<system class>, name=java.security.Principal)
ROOT 50000027 (kind=<system class>, name=java.util.concurrent.locks.Lock)
ROOT 50000029 (kind=<system class>, name=java.util.Set)
ROOT 5000002a (kind=<system class>, name=java.util.Collections)
ROOT 5000002b (kind=<system class>, name=sun.reflect.FieldAccessor)
ROOT 5000002c (kind=<system class>, name=java.io.Console$1)
ROOT 5000002d (kind=<system class>, name=java.lang.System)
ROOT 5000002e (kind=<system class>, name=java.io.Console)
ROOT 5000002f (kind=<system class>, name=java.lang.ClassLoader)
ROOT 50000030 (kind=<system class>, name=sun.security.util.Debug)
ROOT 50000254 (kind=<system class>, name=sun.security.provider.PolicyFile)
ROOT 50000031 (kind=<system class>, name=java.io.ObjectStreamField)
ROOT 50000033 (kind=<system class>, name=java.lang.ref.WeakReference)
ROOT 50000035 (kind=<system class>, name=java.io.Console$1$1)
ROOT 50000036 (kind=<system class>, name=java.lang.Iterable)
ROOT 50000037 (kind=<system class>, name=java.util.concurrent.ConcurrentHashMap$Segment)
ROOT 50000039 (kind=<system class>, name=sun.nio.cs.StandardCharsets$Aliases)
ROOT 5000003a (kind=<system class>, name=java.lang.StackTraceElement)
ROOT 5000003c (kind=<system class>, name=java.lang.StringCoding$StringEncoder)
ROOT 5000003d (kind=<system class>, name=java.lang.Byte)
ROOT 5000003e (kind=<system class>, name=java.lang.StringBuffer)
ROOT 5000003f (kind=<system class>, name=java.lang.StringBuilder)
ROOT 50000040 (kind=<system class>, name=java.util.Hashtable$EmptyEnumerator)
ROOT 50000041 (kind=<system class>, name=java.util.Collections$SynchronizedMap)
ROOT 50000042 (kind=<system class>, name=java.io.FileInputStream)
ROOT 50000043 (kind=<system class>, name=java.lang.Class$3)
ROOT 50000044 (kind=<system class>, name=java.net.Parts)
ROOT 50000045 (kind=<system class>, name=sun.misc.SharedSecrets)
ROOT 50000312 (kind=<system class>, name=java.util.LinkedHashSet)
ROOT 50000046 (kind=<system class>, name=java.lang.Float)
ROOT 50000047 (kind=<system class>, name=java.util.AbstractList)
ROOT 50000048 (kind=<system class>, name=java.lang.System$2)
ROOT 500002c1 (kind=<system class>, name=java.security.cert.Certificate)
ROOT 50000150 (kind=<system class>, name=sun.misc.URLClassPath$Loader)
ROOT 50000049 (kind=<system class>, name=java.lang.annotation.Annotation)
ROOT 5000004b (kind=<system class>, name=java.lang.ThreadLocal$ThreadLocalMap$Entry)
ROOT 5000004d (kind=<system class>, name=java.lang.Double)
ROOT 5000004e (kind=<system class>, name=java.util.Collections$EmptySet)
ROOT 5000004f (kind=<system class>, name=java.lang.Comparable)
ROOT 50000051 (kind=<system class>, name=java.util.Locale)
ROOT 50000052 (kind=<system class>, name=java.lang.reflect.Modifier)
ROOT 50000053 (kind=<system class>, name=java.util.LinkedHashMap$Entry)
ROOT 50000054 (kind=<system class>, name=java.lang.String$CaseInsensitiveComparator)
ROOT 50000055 (kind=<system class>, name=java.lang.Short)
ROOT 50000056 (kind=<system class>, name=java.security.PrivilegedAction)
ROOT 50000057 (kind=<system class>, name=java.util.HashMap$Entry)
ROOT 50000059 (kind=<system class>, name=sun.misc.Launcher)
ROOT 5000005a (kind=<system class>, name=sun.misc.JavaLangAccess)
ROOT 5000005b (kind=<system class>, name=java.io.BufferedWriter)
ROOT 5000005c (kind=<system class>, name=java.util.Arrays)
ROOT 5000031a (kind=<system class>, name=java.util.HashMap$KeySet)
ROOT 5000005d (kind=<system class>, name=java.io.FilterOutputStream)
ROOT 500001d0 (kind=<system class>, name=sun.misc.URLClassPath$FileLoader)
ROOT 5000005e (kind=<system class>, name=java.lang.CharSequence)
ROOT 50000060 (kind=<system class>, name=java.lang.Integer)
ROOT 50000061 (kind=<system class>, name=java.io.BufferedOutputStream)
ROOT 5000014e (kind=<system class>, name=sun.misc.URLClassPath$3)
ROOT 50000062 (kind=<system class>, name=java.util.AbstractCollection)
ROOT 50000063 (kind=<system class>, name=java.security.BasicPermission)
ROOT 50000064 (kind=<system class>, name=sun.nio.cs.StandardCharsets$Cache)
ROOT 50000065 (kind=<system class>, name=java.lang.Runtime)
ROOT 50000066 (kind=<system class>, name=java.nio.ByteOrder)
ROOT 50000067 (kind=<system class>, name=java.lang.reflect.ReflectAccess)
ROOT 50000068 (kind=<system class>, name=sun.reflect.MethodAccessor)
ROOT 50000069 (kind=<system class>, name=sun.reflect.ReflectionFactory$1)
ROOT 5000006a (kind=<system class>, name=java.io.InputStream)
ROOT 5000006b (kind=<system class>, name=java.lang.Number)
ROOT 5000031d (kind=<system class>, name=java.util.LinkedHashMap$KeyIterator)
ROOT 5000006c (kind=<system class>, name=java.lang.Cloneable)
ROOT 5000030d (kind=<system class>, name=java.util.IdentityHashMap$IdentityHashMapIterator)
ROOT 5000006d (kind=<system class>, name=java.lang.ClassLoader$3)
ROOT 5000006e (kind=<system class>, name=java.nio.HeapByteBuffer)
ROOT 5000006f (kind=<system class>, name=java.util.LinkedHashMap)
ROOT 5000023c (kind=<system class>, name=sun.net.www.protocol.file.FileURLConnection)
ROOT 5000023a (kind=<system class>, name=java.net.URLConnection)
ROOT 50000070 (kind=<system class>, name=java.lang.Thread)
ROOT 50000296 (kind=<system class>, name=java.security.BasicPermissionCollection)
ROOT 50000072 (kind=<system class>, name=sun.misc.AtomicLongCSImpl)
ROOT 50000073 (kind=<system class>, name=sun.nio.cs.StreamDecoder)
ROOT 50000074 (kind=<system class>, name=java.lang.ref.FinalReference)
ROOT 5000023f (kind=<system class>, name=java.net.ContentHandler)
ROOT 50000075 (kind=<system class>, name=java.lang.Boolean)
ROOT 500001fd (kind=<system class>, name=sun.misc.Resource)
ROOT 50000076 (kind=<system class>, name=java.nio.charset.CodingErrorAction)
ROOT 50000206 (kind=<system class>, name=sun.nio.ByteBuffered)
ROOT 50000077 (kind=<system class>, name=java.util.Map$Entry)
ROOT 50000079 (kind=<system class>, name=java.lang.StackOverflowError)
ROOT 5000007a (kind=<system class>, name=java.lang.VirtualMachineError)
ROOT 5000007c (kind=<system class>, name=java.util.Collections$EmptyList)
ROOT 5000007d (kind=<system class>, name=java.lang.NoClassDefFoundError)
ROOT 5000007e (kind=<system class>, name=sun.misc.AtomicLong)
ROOT 5000007f (kind=<system class>, name=sun.reflect.DelegatingClassLoader)
ROOT 50000080 (kind=<system class>, name=java.util.Collections$EmptyMap)
ROOT 50000081 (kind=<system class>, name=java.lang.reflect.Member)
ROOT 50000083 (kind=<system class>, name=java.lang.Readable)
ROOT 50000084 (kind=<system class>, name=java.lang.StringCoding)
ROOT 50000085 (kind=<system class>, name=sun.nio.cs.StreamEncoder)
ROOT 50000086 (kind=<system class>, name=java.util.concurrent.locks.AbstractQueuedSynchronizer)
ROOT 50000087 (kind=<system class>, name=java.io.PrintStream)
ROOT 50000088 (kind=<system class>, name=java.security.Permission)
ROOT 50000255 (kind=<system class>, name=java.security.Policy$UnsupportedEmptyCollection)
ROOT 50000089 (kind=<system class>, name=sun.reflect.MagicAccessorImpl)
ROOT 5000008a (kind=<system class>, name=java.lang.ThreadGroup)
ROOT 5000008c (kind=<system class>, name=sun.misc.Launcher$AppClassLoader)
ROOT 5000008d (kind=<system class>, name=java.io.Writer)
ROOT 5000008e (kind=<system class>, name=java.lang.Class)
ROOT 50000090 (kind=<system class>, name=java.nio.CharBuffer)
ROOT 50000091 (kind=<system class>, name=java.util.concurrent.atomic.AtomicInteger)
ROOT 50000092 (kind=<system class>, name=java.lang.reflect.Constructor)
ROOT 50000094 (kind=<system class>, name=java.util.List)
ROOT 50000095 (kind=<system class>, name=java.nio.Buffer)
ROOT 50000096 (kind=<system class>, name=java.lang.reflect.Field)
ROOT 50000098 (kind=<system class>, name=java.lang.ClassLoader$NativeLibrary)
ROOT 50000099 (kind=<system class>, name=java.lang.CharacterDataLatin1)
ROOT 5000009a (kind=<system class>, name=java.io.FileDescriptor)
ROOT 50000293 (kind=<system class>, name=java.security.AllPermission)
ROOT 5000009b (kind=<system class>, name=java.lang.Object)
ROOT 5000009d (kind=<system class>, name=java.io.FilterInputStream)
ROOT 5000009e (kind=<system class>, name=java.lang.Throwable)
ROOT 500000a0 (kind=<system class>, name=java.nio.charset.CoderResult$2)
ROOT 50000245 (kind=<system class>, name=sun.net.www.MessageHeader)
ROOT 500000a1 (kind=<system class>, name=java.io.InputStreamReader)
ROOT 500000a2 (kind=<system class>, name=java.lang.reflect.Method)
ROOT 500000a3 (kind=<system class>, name=java.io.BufferedInputStream)
ROOT 500000a4 (kind=<system class>, name=java.lang.ThreadDeath)
ROOT 50000151 (kind=<system class>, name=sun.misc.URLClassPath$JarLoader)
ROOT 500000a5 (kind=<system class>, name=java.io.UnixFileSystem)
ROOT 500000a6 (kind=<system class>, name=sun.misc.SoftCache)
ROOT 500000a7 (kind=<system class>, name=java.io.OutputStream)
ROOT 500000a8 (kind=<system class>, name=java.security.AccessControlContext)
ROOT 500000a9 (kind=<system class>, name=java.lang.Shutdown$Lock)
ROOT 50000251 (kind=<system class>, name=java.io.FilePermission$1)
ROOT 500000aa (kind=<system class>, name=sun.nio.cs.HistoricallyNamedCharset)
ROOT 500000ab (kind=<system class>, name=java.lang.Terminator)
ROOT 500000ac (kind=<system class>, name=java.security.ProtectionDomain)
ROOT 500000ad (kind=<system class>, name=java.security.SecureClassLoader)
ROOT 500000ae (kind=<system class>, name=sun.net.www.protocol.jar.Handler)
ROOT 500000af (kind=<system class>, name=java.io.Reader)
ROOT 500000b0 (kind=<system class>, name=java.lang.ref.ReferenceQueue)
ROOT 5000020b (kind=<system class>, name=java.security.CodeSource)
ROOT 500000b1 (kind=<system class>, name=java.security.AccessController)
ROOT 500000b2 (kind=<system class>, name=java.util.Hashtable)
ROOT 500000b3 (kind=<system class>, name=java.util.Collection)
ROOT 500000b4 (kind=<system class>, name=java.lang.ref.SoftReference)
ROOT 500000b5 (kind=<system class>, name=java.lang.Long)
ROOT 500000b6 (kind=<system class>, name=sun.nio.cs.StandardCharsets)
ROOT 500000b7 (kind=<system class>, name=java.util.AbstractMap)
ROOT 500000b8 (kind=<system class>, name=sun.nio.cs.Surrogate)
ROOT 500000b9 (kind=<system class>, name=java.net.URL)
ROOT 500000bb (kind=<system class>, name=java.lang.Compiler)
ROOT 500000bc (kind=<system class>, name=sun.misc.URLClassPath)
ROOT 500000bd (kind=<system class>, name=java.io.ExpiringCache$1)
ROOT 5000031c (kind=<system class>, name=java.util.LinkedHashMap$LinkedHashIterator)
ROOT 500000be (kind=<system class>, name=java.lang.ArithmeticException)
ROOT 500000bf (kind=<system class>, name=java.lang.String)
ROOT 500000c1 (kind=<system class>, name=java.security.PrivilegedExceptionAction)
ROOT 500000c2 (kind=<system class>, name=java.lang.IllegalMonitorStateException)
ROOT 500000c3 (kind=<system class>, name=sun.reflect.DelegatingConstructorAccessorImpl)
ROOT 500000c4 (kind=<system class>, name=sun.reflect.ReflectionFactory)
ROOT 500000c5 (kind=<system class>, name=java.io.Flushable)
ROOT 500000c6 (kind=<system class>, name=java.util.Properties)
ROOT 500000c7 (kind=<system class>, name=java.io.FileSystem)
ROOT 500000c8 (kind=<system class>, name=java.lang.Class$1)
ROOT 500000c9 (kind=<system class>, name=java.lang.NullPointerException)
ROOT 500000ca (kind=<system class>, name=sun.reflect.UnsafeFieldAccessorImpl)
ROOT 500000cb (kind=<system class>, name=sun.misc.Launcher$ExtClassLoader$1)
ROOT 500000cc (kind=<system class>, name=sun.security.action.GetPropertyAction)
ROOT 500000cd (kind=<system class>, name=java.net.URLClassLoader)
ROOT 500000ce (kind=<system class>, name=java.util.Map)
ROOT 500000cf (kind=<system class>, name=sun.misc.JavaIODeleteOnExitAccess)
ROOT 500000d0 (kind=<system class>, name=java.lang.Character)
ROOT 500000d1 (kind=<system class>, name=java.lang.ref.Reference)
ROOT 50000280 (kind=<system class>, name=java.io.FilePermissionCollection)
ROOT 500000d3 (kind=<system class>, name=java.util.concurrent.locks.ReentrantLock)
ROOT 500000d5 (kind=<system class>, name=java.lang.reflect.Array)
ROOT 500000d6 (kind=<system class>, name=java.util.concurrent.locks.ReentrantLock$Sync)
ROOT 500000d7 (kind=<system class>, name=java.net.URLStreamHandler)
ROOT 500000d8 (kind=<system class>, name=sun.misc.Version)
ROOT 500000d9 (kind=<system class>, name=java.lang.reflect.AccessibleObject)
ROOT 500000db (kind=<system class>, name=java.lang.ref.ReferenceQueue$Null)
ROOT 500000dc (kind=<system class>, name=java.lang.LinkageError)
ROOT 500000dd (kind=<system class>, name=java.lang.Shutdown)
ROOT 500000de (kind=<system class>, name=java.lang.reflect.AnnotatedElement)
ROOT 5000030e (kind=<system class>, name=java.util.IdentityHashMap$KeyIterator)
ROOT 500000e0 (kind=<system class>, name=java.io.File)
ROOT 500001ca (kind=<system class>, name=java.security.PrivilegedActionException)
ROOT 500000e2 (kind=<system class>, name=java.io.File$1)
ROOT 500000e3 (kind=<system class>, name=java.lang.ThreadLocal)
ROOT 500000e4 (kind=<system class>, name=java.util.ArrayList)
ROOT 50000309 (kind=<system class>, name=java.util.AbstractList$Itr)
ROOT 500000e5 (kind=<system class>, name=java.lang.reflect.ReflectPermission)
ROOT 500000e6 (kind=<system class>, name=java.lang.Appendable)
ROOT 500000e7 (kind=<system class>, name=java.lang.ref.Reference$ReferenceHandler)
ROOT 5000020e (kind=<system class>, name=java.security.Permissions)
ROOT 500000e8 (kind=<system class>, name=java.net.URLStreamHandlerFactory)
ROOT 500000e9 (kind=<system class>, name=java.util.concurrent.ConcurrentMap)
ROOT 500000ea (kind=<system class>, name=sun.reflect.NativeConstructorAccessorImpl)
ROOT 500000eb (kind=<system class>, name=java.util.Hashtable$EmptyIterator)
ROOT 500000ec (kind=<system class>, name=java.lang.Error)
ROOT 500000ee (kind=<system class>, name=java.util.Iterator)
ROOT 500000ef (kind=<system class>, name=java.lang.AbstractStringBuilder)
ROOT 500000f0 (kind=<system class>, name=sun.reflect.UnsafeStaticFieldAccessorImpl)
ROOT 500000f1 (kind=<system class>, name=java.io.ExpiringCache)
ROOT 500000f2 (kind=<system class>, name=java.nio.charset.CharsetDecoder)
ROOT 500000f3 (kind=<system class>, name=java.util.Vector)
ROOT 500000f4 (kind=<system class>, name=sun.reflect.ConstructorAccessorImpl)
ROOT 500000f5 (kind=<system class>, name=java.util.Dictionary)
ROOT 500000f6 (kind=<system class>, name=sun.nio.cs.StandardCharsets$Classes)
ROOT 500000f7 (kind=<system class>, name=java.lang.ClassNotFoundException)
ROOT 500000f8 (kind=<system class>, name=java.util.Enumeration)
ROOT 500000f9 (kind=<system class>, name=java.util.Stack)
ROOT 500000fa (kind=<system class>, name=java.nio.charset.CoderResult$Cache)
ROOT 500000fb (kind=<system class>, name=sun.nio.cs.FastCharsetProvider)
ROOT 500000fc (kind=<system class>, name=java.lang.Exception)
ROOT 500000fd (kind=<system class>, name=java.lang.RuntimeException)
ROOT 500000fe (kind=<system class>, name=java.lang.IncompatibleClassChangeError)
ROOT 500000ff (kind=<system class>, name=java.util.RandomAccess)
ROOT 5000030b (kind=<system class>, name=java.util.IdentityHashMap$KeySet)
ROOT 50000100 (kind=<system class>, name=com.sun.demo.jvmti.hprof.Tracker)
ROOT 50000101 (kind=<system class>, name=java.io.Serializable)
ROOT 50000103 (kind=<system class>, name=java.lang.Runnable)
ROOT 50000105 (kind=<system class>, name=sun.misc.JavaIOAccess)
ROOT 50000106 (kind=<system class>, name=java.util.HashSet)
ROOT 50000107 (kind=<system class>, name=java.lang.OutOfMemoryError)
ROOT 50000109 (kind=<system class>, name=java.lang.ref.Finalizer$FinalizerThread)
ROOT 5000010a (kind=<system class>, name=sun.misc.Launcher$Factory)
ROOT 50000294 (kind=<system class>, name=java.security.UnresolvedPermission)
ROOT 5000010b (kind=<system class>, name=sun.nio.cs.US_ASCII$Decoder)
ROOT 5000010c (kind=<system class>, name=java.util.IdentityHashMap)
ROOT 5000010d (kind=<system class>, name=java.nio.charset.spi.CharsetProvider)
ROOT 5000010e (kind=<system class>, name=sun.net.www.ParseUtil)
ROOT 5000010f (kind=<system class>, name=sun.nio.cs.US_ASCII)
ROOT 50000110 (kind=<system class>, name=java.util.concurrent.ConcurrentHashMap)
ROOT 50000111 (kind=<system class>, name=sun.reflect.LangReflectAccess)
ROOT 50000112 (kind=<system class>, name=sun.misc.NativeSignalHandler)
ROOT 50000113 (kind=<system class>, name=java.nio.charset.Charset)
ROOT 50000114 (kind=<system class>, name=java.io.ObjectStreamClass)
ROOT 50000115 (kind=<system class>, name=java.util.BitSet)
ROOT 50000116 (kind=<system class>, name=java.util.concurrent.atomic.AtomicReferenceFieldUpdater)
ROOT 500001fe (kind=<system class>, name=sun.misc.URLClassPath$FileLoader$1)
ROOT 50000117 (kind=<system class>, name=sun.misc.Unsafe)
ROOT 50000118 (kind=<system class>, name=sun.reflect.MethodAccessorImpl)
ROOT 50000119 (kind=<system class>, name=java.util.StringTokenizer)
ROOT 5000011a (kind=<system class>, name=java.util.HashMap)
ROOT 5000011b (kind=<system class>, name=sun.nio.cs.US_ASCII$Encoder)
ROOT 5000011c (kind=<system class>, name=java.nio.Bits)
ROOT 5000011d (kind=<system class>, name=sun.misc.MetaIndex)
ROOT 5000011e (kind=<system class>, name=sun.reflect.Reflection)
ROOT 5000011f (kind=<system class>, name=java.lang.reflect.Type)
ROOT 50000121 (kind=<system class>, name=java.util.Hashtable$Entry)
ROOT 50000123 (kind=<system class>, name=java.io.ExpiringCache$Entry)
ROOT 50000124 (kind=<system class>, name=java.security.Guard)
ROOT 50000125 (kind=<system class>, name=sun.reflect.misc.ReflectUtil)
ROOT 5000020d (kind=<system class>, name=java.security.PermissionCollection)
ROOT 50000126 (kind=<system class>, name=sun.misc.VM)
ROOT 50000127 (kind=<system class>, name=sun.misc.Launcher$ExtClassLoader)
ROOT 50000128 (kind=<system class>, name=java.nio.charset.CoderResult$1)
ROOT 50000129 (kind=<system class>, name=sun.misc.Launcher$AppClassLoader$1)
ROOT 5000012a (kind=<system class>, name=java.io.OutputStreamWriter)
ROOT 5000012b (kind=<system class>, name=java.io.Closeable)
ROOT 5000012c (kind=<system class>, name=java.util.Collections$ReverseComparator)
ROOT 5000012d (kind=<system class>, name=java.lang.Terminator$1)
ROOT 50000311 (kind=<system class>, name=java.io.DeleteOnExitHook)
ROOT 5000012e (kind=<system class>, name=java.lang.ref.PhantomReference)
ROOT 5000012f (kind=<system class>, name=sun.reflect.ConstantPool)
ROOT 50000130 (kind=<system class>, name=java.util.concurrent.locks.AbstractQueuedSynchronizer$Node)
ROOT 50000131 (kind=<system class>, name=sun.misc.SignalHandler)
ROOT 50000132 (kind=<system class>, name=java.lang.StringCoding$StringDecoder)
ROOT 50000133 (kind=<system class>, name=java.nio.charset.CharsetEncoder)
ROOT 50000134 (kind=<system class>, name=java.lang.SystemClassLoaderAction)
ROOT 5000024f (kind=<system class>, name=java.io.FilePermission)
ROOT 50000324 (kind=<busy monitor>)
ROOT 50000325 (kind=<busy monitor>)
ROOT 50000306 (kind=<thread>, id=200003, trace=300001)
ROOT 50000306 (kind=<thread block>, thread=200003)
ROOT 50000326 (kind=<thread>, id=200004, trace=300000)
ROOT 50000326 (kind=<thread block>, thread=200004)
ROOT 50000327 (kind=<thread>, id=200005, trace=300000)
ROOT 50000327 (kind=<thread block>, thread=200005)
ROOT 50000328 (kind=<thread>, id=200006, trace=300000)
ROOT 50000328 (kind=<thread block>, thread=200006)
ROOT 50000329 (kind=<unknown>)
ROOT 5000032a (kind=<unknown>)
ROOT 5000032b (kind=<unknown>)
ROOT 5000032c (kind=<unknown>)
ROOT 5000032d (kind=<unknown>)
ROOT 5000032e (kind=<unknown>)
ROOT 5000032f (kind=<unknown>)
ROOT 50000330 (kind=<unknown>)
ROOT 50000331 (kind=<unknown>)
ROOT 5000032d (kind=<unknown>)
ROOT 5000032e (kind=<unknown>)
ROOT 5000032a (kind=<unknown>)
ROOT 5000032b (kind=<unknown>)
ROOT 5000032c (kind=<unknown>)
ROOT 50000330 (kind=<unknown>)
ROOT 50000329 (kind=<unknown>)
ROOT 5000032f (kind=<unknown>)
ROOT 50000331 (kind=<unknown>)
ROOT 50000135 (kind=<unknown>)
ROOT 50000136 (kind=<unknown>)
ROOT 50000137 (kind=<unknown>)
ROOT 50000138 (kind=<unknown>)
ROOT 50000139 (kind=<unknown>)
ROOT 5000013a (kind=<unknown>)
ROOT 5000013b (kind=<unknown>)
ROOT 5000013c (kind=<unknown>)
ROOT 5000009c (kind=<unknown>)
ROOT 50000135 (kind=<unknown>)
ROOT 50000137 (kind=<unknown>)
ROOT 5000013b (kind=<unknown>)
ROOT 5000013c (kind=<unknown>)
ROOT 50000136 (kind=<unknown>)
ROOT 50000139 (kind=<unknown>)
ROOT 50000138 (kind=<unknown>)
ROOT 5000013a (kind=<unknown>)
ROOT 50000332 (kind=<unknown>)
ROOT 50000333 (kind=<unknown>)
ROOT 50000334 (kind=<unknown>)
ROOT 50000335 (kind=<unknown>)
ROOT 50000336 (kind=<unknown>)
ROOT 50000010 (kind=<unknown>)
ROOT 5000002f (kind=<unknown>)
ROOT 500000a2 (kind=<unknown>)
ROOT 50000337 (kind=<unknown>)
ROOT 50000338 (kind=<unknown>)
ROOT 50000339 (kind=<unknown>)
ROOT 5000033a (kind=<unknown>)
ROOT 5000033b (kind=<unknown>)
ROOT 50000321 (kind=<unknown>)
ROOT 50000322 (kind=<unknown>)
ROOT 5000033c (kind=<unknown>)
ROOT 5000033d (kind=<unknown>)
ROOT 5000033e (kind=<unknown>)
ROOT 5000033f (kind=<Java stack>, thread=200000, frame=1)
ROOT 50000325 (kind=<Java stack>, thread=200000, frame=1)
ROOT 5000033f (kind=<Java stack>, thread=200000, frame=2)
ROOT 50000327 (kind=<Java stack>, thread=200000, frame=3)
ROOT 50000324 (kind=<Java stack>, thread=200000, frame=1)
ROOT 50000328 (kind=<Java stack>, thread=200000, frame=2)
ROOT 50000324 (kind=<Java stack>, thread=200000, frame=2)
OBJ 5000013d (sz=104, trace=300001, class=java.lang.Thread@50000070)
OBJ 5000013e (sz=8, trace=300002, class=java.lang.Object@5000009b)
ARR 5000013f (sz=48, trace=300003, nelems=0, elem type=char[])
OBJ 50000140 (sz=104, trace=300000, class=java.lang.Thread@50000070)
OBJ 50000141 (sz=104, trace=300001, class=java.lang.Thread@50000070)
OBJ 50000142 (sz=8, trace=300002, class=java.lang.Object@5000009b)
ARR 50000143 (sz=56, trace=300003, nelems=0, elem type=char[])
OBJ 50000144 (sz=104, trace=300000, class=java.lang.Thread@50000070)
OBJ 50000145 (sz=24, trace=300004, class=java.lang.String@500000bf)
ARR 50000146 (sz=24, trace=300005, nelems=0, elem type=char[])
OBJ 50000147 (sz=48, trace=300006, class=java.nio.HeapByteBuffer@5000006e)
OBJ 50000148 (sz=48, trace=300007, class=java.nio.HeapCharBuffer@50000004)
OBJ 50000149 (sz=32, trace=300008, class=java.lang.ClassNotFoundException@500000f7)
OBJ 5000014b (sz=16, trace=300010, class=java.net.URLClassLoader$1@5000014a)
ARR 5000014c (sz=32, trace=300011, nelems=0, elem type=char[])
OBJ 5000014d (sz=24, trace=300012, class=java.lang.String@500000bf)
OBJ 5000014f (sz=16, trace=300014, class=sun.misc.URLClassPath$3@5000014e)
OBJ 50000152 (sz=16, trace=300016, class=java.lang.StringBuilder@5000003f)
ARR 50000153 (sz=48, trace=300017, nelems=0, elem type=char[])
ARR 50000154 (sz=24, trace=300018, nelems=3, elem type=java.io.ObjectStreamField[]@50000032)
	[0]		50000155
	[1]		5000015a
	[2]		5000015f
OBJ 50000155 (sz=32, trace=300019, class=java.io.ObjectStreamField@50000031)
	name		50000405
	signature	5000040c
	type		50000137
OBJ 50000156 (sz=16, trace=300020, class=java.lang.StringBuilder@5000003f)
ARR 50000157 (sz=48, trace=300021, nelems=0, elem type=char[])
OBJ 50000158 (sz=24, trace=300022, class=java.lang.String@500000bf)
ARR 50000159 (sz=16, trace=300023, nelems=0, elem type=char[])
OBJ 5000015a (sz=32, trace=300024, class=java.io.ObjectStreamField@50000031)
	name		50000403
	signature	50000409
	type		50000329
OBJ 5000015b (sz=16, trace=300020, class=java.lang.StringBuilder@5000003f)
ARR 5000015c (sz=48, trace=300021, nelems=0, elem type=char[])
OBJ 5000015d (sz=24, trace=300022, class=java.lang.String@500000bf)
ARR 5000015e (sz=16, trace=300023, nelems=0, elem type=char[])
OBJ 5000015f (sz=32, trace=300025, class=java.io.ObjectStreamField@50000031)
	name		50000404
	signature	50000406
	type		5000032d
OBJ 50000160 (sz=16, trace=300020, class=java.lang.StringBuilder@5000003f)
ARR 50000161 (sz=48, trace=300021, nelems=0, elem type=char[])
OBJ 50000162 (sz=24, trace=300022, class=java.lang.String@500000bf)
ARR 50000163 (sz=16, trace=300023, nelems=0, elem type=char[])
OBJ 50000164 (sz=16, trace=300026, class=java.lang.StringBuffer@5000003e)
ARR 50000165 (sz=112, trace=300027, nelems=0, elem type=char[])
OBJ 50000166 (sz=24, trace=300028, class=java.lang.String@500000bf)
ARR 50000167 (sz=112, trace=300029, nelems=0, elem type=char[])
ARR 50000168 (sz=112, trace=300030, nelems=0, elem type=char[])
ARR 50000169 (sz=208, trace=300030, nelems=0, elem type=char[])
OBJ 5000016a (sz=24, trace=300031, class=java.lang.String@500000bf)
	value		5000016b
ARR 5000016b (sz=100, trace=300032, nelems=50, elem type=char[])
OBJ 5000016c (sz=56, trace=300033, class=java.net.URL@500000b9)
	protocol	5000091c
	host		50000347
	file		5000016a
	authority	50000347
	path		5000016a
	handler		5000088e
OBJ 5000016d (sz=24, trace=300034, class=java.net.Parts@50000044)
OBJ 5000016e (sz=40, trace=300035, class=sun.misc.URLClassPath$JarLoader@50000151)
	base		5000016c
	csu		50000894
	metaIndex	5000092d
	handler		5000088e
	lmap		5000088f
OBJ 5000016f (sz=16, trace=300036, class=java.lang.StringBuilder@5000003f)
ARR 50000170 (sz=48, trace=300037, nelems=0, elem type=char[])
ARR 50000171 (sz=80, trace=300038, nelems=0, elem type=char[])
ARR 50000172 (sz=152, trace=300038, nelems=0, elem type=char[])
OBJ 50000173 (sz=24, trace=300039, class=java.lang.String@500000bf)
ARR 50000174 (sz=104, trace=300040, nelems=0, elem type=char[])
OBJ 50000175 (sz=16, trace=300041, class=java.io.File@500000e0)
ARR 50000176 (sz=56, trace=300042, nelems=0, elem type=byte[])
OBJ 50000177 (sz=48, trace=300006, class=java.nio.HeapByteBuffer@5000006e)
OBJ 50000178 (sz=48, trace=300007, class=java.nio.HeapCharBuffer@50000004)
OBJ 50000179 (sz=24, trace=300043, class=java.lang.String@500000bf)
OBJ 5000017a (sz=24, trace=300044, class=java.util.HashMap$Entry@50000057)
	key		50000894
	value		5000016e
OBJ 5000017b (sz=16, trace=300014, class=sun.misc.URLClassPath$3@5000014e)
OBJ 5000017c (sz=16, trace=300016, class=java.lang.StringBuilder@5000003f)
ARR 5000017d (sz=48, trace=300017, nelems=0, elem type=char[])
OBJ 5000017e (sz=16, trace=300026, class=java.lang.StringBuffer@5000003e)
ARR 5000017f (sz=120, trace=300027, nelems=0, elem type=char[])
OBJ 50000180 (sz=24, trace=300028, class=java.lang.String@500000bf)
ARR 50000181 (sz=120, trace=300029, nelems=0, elem type=char[])
ARR 50000182 (sz=120, trace=300030, nelems=0, elem type=char[])
ARR 50000183 (sz=224, trace=300030, nelems=0, elem type=char[])
OBJ 50000184 (sz=24, trace=300031, class=java.lang.String@500000bf)
	value		50000185
ARR 50000185 (sz=108, trace=300032, nelems=54, elem type=char[])
OBJ 50000186 (sz=56, trace=300033, class=java.net.URL@500000b9)
	protocol	5000091c
	host		50000347
	file		50000184
	authority	50000347
	path		50000184
	handler		5000088e
OBJ 50000187 (sz=24, trace=300034, class=java.net.Parts@50000044)
OBJ 50000188 (sz=40, trace=300035, class=sun.misc.URLClassPath$JarLoader@50000151)
	base		50000186
	csu		50000895
	metaIndex	50000936
	handler		5000088e
	lmap		5000088f
OBJ 50000189 (sz=16, trace=300036, class=java.lang.StringBuilder@5000003f)
ARR 5000018a (sz=48, trace=300037, nelems=0, elem type=char[])
ARR 5000018b (sz=80, trace=300038, nelems=0, elem type=char[])
ARR 5000018c (sz=152, trace=300038, nelems=0, elem type=char[])
OBJ 5000018d (sz=24, trace=300039, class=java.lang.String@500000bf)
ARR 5000018e (sz=112, trace=300040, nelems=0, elem type=char[])
OBJ 5000018f (sz=16, trace=300041, class=java.io.File@500000e0)
ARR 50000190 (sz=64, trace=300042, nelems=0, elem type=byte[])
OBJ 50000191 (sz=48, trace=300006, class=java.nio.HeapByteBuffer@5000006e)
OBJ 50000192 (sz=48, trace=300007, class=java.nio.HeapCharBuffer@50000004)
OBJ 50000193 (sz=24, trace=300043, class=java.lang.String@500000bf)
OBJ 50000194 (sz=24, trace=300044, class=java.util.HashMap$Entry@50000057)
	key		50000895
	value		50000188
OBJ 50000195 (sz=16, trace=300014, class=sun.misc.URLClassPath$3@5000014e)
OBJ 50000196 (sz=16, trace=300016, class=java.lang.StringBuilder@5000003f)
ARR 50000197 (sz=48, trace=300017, nelems=0, elem type=char[])
OBJ 50000198 (sz=16, trace=300026, class=java.lang.StringBuffer@5000003e)
ARR 50000199 (sz=128, trace=300027, nelems=0, elem type=char[])
OBJ 5000019a (sz=24, trace=300028, class=java.lang.String@500000bf)
ARR 5000019b (sz=128, trace=300029, nelems=0, elem type=char[])
ARR 5000019c (sz=128, trace=300030, nelems=0, elem type=char[])
ARR 5000019d (sz=248, trace=300030, nelems=0, elem type=char[])
OBJ 5000019e (sz=24, trace=300031, class=java.lang.String@500000bf)
	value		5000019f
ARR 5000019f (sz=120, trace=300032, nelems=60, elem type=char[])
OBJ 500001a0 (sz=56, trace=300033, class=java.net.URL@500000b9)
	protocol	5000091c
	host		50000347
	file		5000019e
	authority	50000347
	path		5000019e
	handler		5000088e
OBJ 500001a1 (sz=24, trace=300034, class=java.net.Parts@50000044)
OBJ 500001a2 (sz=40, trace=300035, class=sun.misc.URLClassPath$JarLoader@50000151)
	base		500001a0
	csu		50000896
	metaIndex	50000944
	handler		5000088e
	lmap		5000088f
OBJ 500001a3 (sz=16, trace=300036, class=java.lang.StringBuilder@5000003f)
ARR 500001a4 (sz=48, trace=300037, nelems=0, elem type=char[])
ARR 500001a5 (sz=80, trace=300038, nelems=0, elem type=char[])
ARR 500001a6 (sz=152, trace=300038, nelems=0, elem type=char[])
OBJ 500001a7 (sz=24, trace=300039, class=java.lang.String@500000bf)
ARR 500001a8 (sz=120, trace=300040, nelems=0, elem type=char[])
OBJ 500001a9 (sz=16, trace=300041, class=java.io.File@500000e0)
ARR 500001aa (sz=72, trace=300042, nelems=0, elem type=byte[])
OBJ 500001ab (sz=48, trace=300006, class=java.nio.HeapByteBuffer@5000006e)
OBJ 500001ac (sz=48, trace=300007, class=java.nio.HeapCharBuffer@50000004)
OBJ 500001ad (sz=24, trace=300043, class=java.lang.String@500000bf)
OBJ 500001ae (sz=24, trace=300044, class=java.util.HashMap$Entry@50000057)
	key		50000896
	value		500001a2
	next		5000017a
OBJ 500001af (sz=16, trace=300014, class=sun.misc.URLClassPath$3@5000014e)
OBJ 500001b0 (sz=16, trace=300016, class=java.lang.StringBuilder@5000003f)
ARR 500001b1 (sz=48, trace=300017, nelems=0, elem type=char[])
OBJ 500001b2 (sz=16, trace=300026, class=java.lang.StringBuffer@5000003e)
ARR 500001b3 (sz=120, trace=300027, nelems=0, elem type=char[])
OBJ 500001b4 (sz=24, trace=300028, class=java.lang.String@500000bf)
ARR 500001b5 (sz=120, trace=300029, nelems=0, elem type=char[])
ARR 500001b6 (sz=120, trace=300030, nelems=0, elem type=char[])
ARR 500001b7 (sz=232, trace=300030, nelems=0, elem type=char[])
OBJ 500001b8 (sz=24, trace=300031, class=java.lang.String@500000bf)
	value		500001b9
ARR 500001b9 (sz=110, trace=300032, nelems=55, elem type=char[])
OBJ 500001ba (sz=56, trace=300033, class=java.net.URL@500000b9)
	protocol	5000091c
	host		50000347
	file		500001b8
	authority	50000347
	path		500001b8
	handler		5000088e
OBJ 500001bb (sz=24, trace=300034, class=java.net.Parts@50000044)
OBJ 500001bc (sz=40, trace=300035, class=sun.misc.URLClassPath$JarLoader@50000151)
	base		500001ba
	csu		50000897
	metaIndex	5000091b
	handler		5000088e
	lmap		5000088f
OBJ 500001bd (sz=16, trace=300036, class=java.lang.StringBuilder@5000003f)
ARR 500001be (sz=48, trace=300037, nelems=0, elem type=char[])
ARR 500001bf (sz=80, trace=300038, nelems=0, elem type=char[])
ARR 500001c0 (sz=152, trace=300038, nelems=0, elem type=char[])
OBJ 500001c1 (sz=24, trace=300039, class=java.lang.String@500000bf)
ARR 500001c2 (sz=112, trace=300040, nelems=0, elem type=char[])
OBJ 500001c3 (sz=16, trace=300041, class=java.io.File@500000e0)
ARR 500001c4 (sz=64, trace=300042, nelems=0, elem type=byte[])
OBJ 500001c5 (sz=48, trace=300006, class=java.nio.HeapByteBuffer@5000006e)
OBJ 500001c6 (sz=48, trace=300007, class=java.nio.HeapCharBuffer@50000004)
OBJ 500001c7 (sz=24, trace=300043, class=java.lang.String@500000bf)
OBJ 500001c8 (sz=24, trace=300044, class=java.util.HashMap$Entry@50000057)
	key		50000897
	value		500001bc
OBJ 500001c9 (sz=32, trace=300045, class=java.lang.ClassNotFoundException@500000f7)
OBJ 500001cb (sz=32, trace=300047, class=java.security.PrivilegedActionException@500001ca)
OBJ 500001cc (sz=16, trace=300048, class=java.net.URLClassLoader$1@5000014a)
ARR 500001cd (sz=32, trace=300011, nelems=0, elem type=char[])
OBJ 500001ce (sz=24, trace=300012, class=java.lang.String@500000bf)
OBJ 500001cf (sz=16, trace=300014, class=sun.misc.URLClassPath$3@5000014e)
OBJ 500001d1 (sz=16, trace=300050, class=sun.misc.URLClassPath$FileLoader@500001d0)
	base		50000976
	dir		500001d8
OBJ 500001d2 (sz=16, trace=300051, class=java.lang.StringBuilder@5000003f)
ARR 500001d3 (sz=48, trace=300052, nelems=0, elem type=char[])
ARR 500001d4 (sz=80, trace=300038, nelems=0, elem type=char[])
ARR 500001d5 (sz=152, trace=300038, nelems=0, elem type=char[])
OBJ 500001d6 (sz=24, trace=300053, class=java.lang.String@500000bf)
ARR 500001d7 (sz=96, trace=300040, nelems=0, elem type=char[])
OBJ 500001d8 (sz=16, trace=300054, class=java.io.File@500000e0)
	path		500001dc
OBJ 500001d9 (sz=16, trace=300055, class=java.lang.StringBuffer@5000003e)
ARR 500001da (sz=96, trace=300056, nelems=0, elem type=char[])
OBJ 500001db (sz=24, trace=300057, class=java.lang.String@500000bf)
OBJ 500001dc (sz=24, trace=300058, class=java.lang.String@500000bf)
	value		500001dd
ARR 500001dd (sz=76, trace=300059, nelems=38, elem type=char[])
OBJ 500001de (sz=24, trace=300044, class=java.util.HashMap$Entry@50000057)
	key		50000976
	value		500001d1
OBJ 500001df (sz=56, trace=300060, class=java.net.URL@500000b9)
OBJ 500001e0 (sz=16, trace=300061, class=java.lang.StringBuilder@5000003f)
ARR 500001e1 (sz=48, trace=300062, nelems=0, elem type=char[])
ARR 500001e2 (sz=96, trace=300030, nelems=0, elem type=char[])
ARR 500001e3 (sz=176, trace=300030, nelems=0, elem type=char[])
OBJ 500001e4 (sz=24, trace=300063, class=java.lang.String@500000bf)
ARR 500001e5 (sz=96, trace=300064, nelems=0, elem type=char[])
OBJ 500001e6 (sz=24, trace=300065, class=java.lang.String@500000bf)
ARR 500001e7 (sz=88, trace=300066, nelems=0, elem type=char[])
ARR 500001e8 (sz=32, trace=300067, nelems=0, elem type=char[])
OBJ 500001e9 (sz=24, trace=300068, class=java.lang.String@500000bf)
ARR 500001ea (sz=32, trace=300069, nelems=0, elem type=char[])
OBJ 500001eb (sz=56, trace=300070, class=java.net.URL@500000b9)
OBJ 500001ec (sz=16, trace=300061, class=java.lang.StringBuilder@5000003f)
ARR 500001ed (sz=48, trace=300062, nelems=0, elem type=char[])
ARR 500001ee (sz=96, trace=300030, nelems=0, elem type=char[])
ARR 500001ef (sz=176, trace=300030, nelems=0, elem type=char[])
OBJ 500001f0 (sz=24, trace=300063, class=java.lang.String@500000bf)
ARR 500001f1 (sz=112, trace=300064, nelems=0, elem type=char[])
OBJ 500001f2 (sz=16, trace=300071, class=java.io.File@500000e0)
OBJ 500001f3 (sz=16, trace=300072, class=java.lang.StringBuilder@5000003f)
ARR 500001f4 (sz=48, trace=300073, nelems=0, elem type=char[])
ARR 500001f5 (sz=88, trace=300030, nelems=0, elem type=char[])
ARR 500001f6 (sz=168, trace=300038, nelems=0, elem type=char[])
OBJ 500001f7 (sz=24, trace=300074, class=java.lang.String@500000bf)
ARR 500001f8 (sz=112, trace=300075, nelems=0, elem type=char[])
ARR 500001f9 (sz=64, trace=300042, nelems=0, elem type=byte[])
OBJ 500001fa (sz=48, trace=300006, class=java.nio.HeapByteBuffer@5000006e)
OBJ 500001fb (sz=48, trace=300007, class=java.nio.HeapCharBuffer@50000004)
OBJ 500001fc (sz=24, trace=300043, class=java.lang.String@500000bf)
OBJ 500001ff (sz=32, trace=300077, class=sun.misc.URLClassPath$FileLoader$1@500001fe)
OBJ 50000200 (sz=16, trace=300078, class=java.io.FileInputStream@50000042)
	fd		50000202
OBJ 50000201 (sz=32, trace=300079, class=java.lang.ref.Finalizer@50000010)
	referent	50000200
	queue		5000033f
	next		50000b40
	prev		500002f2
OBJ 50000202 (sz=16, trace=300080, class=java.io.FileDescriptor@5000009a)
ARR 50000203 (sz=64, trace=300081, nelems=0, elem type=byte[])
OBJ 50000204 (sz=48, trace=300006, class=java.nio.HeapByteBuffer@5000006e)
OBJ 50000205 (sz=48, trace=300007, class=java.nio.HeapCharBuffer@50000004)
ARR 50000207 (sz=64, trace=300083, nelems=0, elem type=byte[])
OBJ 50000208 (sz=48, trace=300006, class=java.nio.HeapByteBuffer@5000006e)
OBJ 50000209 (sz=48, trace=300007, class=java.nio.HeapCharBuffer@50000004)
ARR 5000020a (sz=344, trace=300084, nelems=0, elem type=byte[])
OBJ 5000020c (sz=32, trace=300086, class=java.security.CodeSource@5000020b)
	location	50000976
ARR 5000020f (sz=24, trace=300088, nelems=2, elem type=java.io.ObjectStreamField[]@50000032)
	[0]		50000210
	[1]		5000021d
OBJ 50000210 (sz=32, trace=300089, class=java.io.ObjectStreamField@50000031)
	name		50000909
	signature	5000090d
	type		500000b2
OBJ 50000211 (sz=16, trace=300020, class=java.lang.StringBuilder@5000003f)
ARR 50000212 (sz=48, trace=300021, nelems=0, elem type=char[])
OBJ 50000213 (sz=16, trace=300090, class=java.lang.StringBuilder@5000003f)
ARR 50000214 (sz=48, trace=300091, nelems=0, elem type=char[])
ARR 50000215 (sz=56, trace=300092, nelems=0, elem type=char[])
OBJ 50000216 (sz=24, trace=300093, class=java.lang.String@500000bf)
ARR 50000217 (sz=80, trace=300030, nelems=0, elem type=char[])
OBJ 50000218 (sz=24, trace=300094, class=java.lang.String@500000bf)
ARR 50000219 (sz=56, trace=300095, nelems=0, elem type=char[])
ARR 5000021a (sz=80, trace=300030, nelems=0, elem type=char[])
OBJ 5000021b (sz=24, trace=300022, class=java.lang.String@500000bf)
ARR 5000021c (sz=56, trace=300023, nelems=0, elem type=char[])
OBJ 5000021d (sz=32, trace=300096, class=java.io.ObjectStreamField@50000031)
	name		50000908
	signature	5000090a
	type		5000020d
OBJ 5000021e (sz=16, trace=300020, class=java.lang.StringBuilder@5000003f)
ARR 5000021f (sz=48, trace=300021, nelems=0, elem type=char[])
OBJ 50000220 (sz=16, trace=300090, class=java.lang.StringBuilder@5000003f)
ARR 50000221 (sz=48, trace=300091, nelems=0, elem type=char[])
ARR 50000222 (sz=80, trace=300092, nelems=0, elem type=char[])
OBJ 50000223 (sz=24, trace=300093, class=java.lang.String@500000bf)
ARR 50000224 (sz=88, trace=300030, nelems=0, elem type=char[])
ARR 50000225 (sz=160, trace=300038, nelems=0, elem type=char[])
OBJ 50000226 (sz=24, trace=300094, class=java.lang.String@500000bf)
ARR 50000227 (sz=88, trace=300095, nelems=0, elem type=char[])
ARR 50000228 (sz=88, trace=300030, nelems=0, elem type=char[])
OBJ 50000229 (sz=24, trace=300022, class=java.lang.String@500000bf)
ARR 5000022a (sz=88, trace=300023, nelems=0, elem type=char[])
OBJ 5000022b (sz=24, trace=300097, class=java.security.Permissions@5000020e)
	permsMap	5000022c
OBJ 5000022c (sz=40, trace=300098, class=java.util.HashMap@5000011a)
	table		5000022d
ARR 5000022d (sz=80, trace=300099, nelems=10, elem type=java.util.HashMap$Entry[]@50000058)
	[9]		500002ba
OBJ 5000022e (sz=16, trace=300100, class=java.lang.StringBuilder@5000003f)
ARR 5000022f (sz=48, trace=300101, nelems=0, elem type=char[])
ARR 50000230 (sz=80, trace=300038, nelems=0, elem type=char[])
ARR 50000231 (sz=152, trace=300038, nelems=0, elem type=char[])
OBJ 50000232 (sz=24, trace=300102, class=java.lang.String@500000bf)
ARR 50000233 (sz=96, trace=300040, nelems=0, elem type=char[])
OBJ 50000234 (sz=16, trace=300103, class=java.io.File@500000e0)
OBJ 50000235 (sz=16, trace=300055, class=java.lang.StringBuffer@5000003e)
ARR 50000236 (sz=96, trace=300056, nelems=0, elem type=char[])
OBJ 50000237 (sz=24, trace=300057, class=java.lang.String@500000bf)
OBJ 50000238 (sz=24, trace=300058, class=java.lang.String@500000bf)
ARR 50000239 (sz=88, trace=300059, nelems=0, elem type=char[])
OBJ 5000023d (sz=40, trace=300105, class=java.util.Hashtable@500000b2)
	table		5000023e
ARR 5000023e (sz=56, trace=300106, nelems=0, elem type=java.util.Hashtable$Entry[]@50000122)
OBJ 50000241 (sz=8, trace=300108, class=java.net.UnknownContentHandler@50000240)
OBJ 50000242 (sz=40, trace=300109, class=java.util.HashMap@5000011a)
	table		50000243
ARR 50000243 (sz=80, trace=300110, nelems=0, elem type=java.util.HashMap$Entry[]@50000058)
OBJ 50000244 (sz=96, trace=300111, class=sun.net.www.protocol.file.FileURLConnection@5000023c)
OBJ 50000246 (sz=24, trace=300113, class=sun.net.www.MessageHeader@50000245)
ARR 50000247 (sz=32, trace=300114, nelems=0, elem type=java.lang.String[]@500000c0)
ARR 50000248 (sz=32, trace=300115, nelems=0, elem type=java.lang.String[]@500000c0)
OBJ 50000249 (sz=16, trace=300116, class=java.lang.StringBuilder@5000003f)
ARR 5000024a (sz=48, trace=300117, nelems=0, elem type=char[])
ARR 5000024b (sz=80, trace=300038, nelems=0, elem type=char[])
ARR 5000024c (sz=152, trace=300038, nelems=0, elem type=char[])
OBJ 5000024d (sz=24, trace=300118, class=java.lang.String@500000bf)
ARR 5000024e (sz=96, trace=300040, nelems=0, elem type=char[])
OBJ 50000250 (sz=32, trace=300120, class=java.io.FilePermission@5000024f)
OBJ 50000252 (sz=16, trace=300122, class=java.io.FilePermission$1@50000251)
OBJ 50000256 (sz=16, trace=300125, class=java.security.Policy$UnsupportedEmptyCollection@50000255)
	perms		50000257
OBJ 50000257 (sz=24, trace=300126, class=java.security.Permissions@5000020e)
	permsMap	50000258
OBJ 50000258 (sz=40, trace=300098, class=java.util.HashMap@5000011a)
	table		50000259
ARR 50000259 (sz=80, trace=300127, nelems=0, elem type=java.util.HashMap$Entry[]@50000058)
ARR 5000025a (sz=16, trace=300128, nelems=0, elem type=java.lang.Class[]@5000008f)
ARR 5000025b (sz=16, trace=300129, nelems=1, elem type=java.lang.Class[]@5000008f)
	[0]		500000bf
ARR 5000025c (sz=24, trace=300130, nelems=2, elem type=java.lang.Class[]@5000008f)
	[0]		500000bf
	[1]		500000bf
OBJ 5000025d (sz=16, trace=300131, class=java.io.File@500000e0)
OBJ 5000025e (sz=16, trace=300055, class=java.lang.StringBuffer@5000003e)
ARR 5000025f (sz=96, trace=300056, nelems=0, elem type=char[])
OBJ 50000260 (sz=24, trace=300057, class=java.lang.String@500000bf)
OBJ 50000261 (sz=24, trace=300058, class=java.lang.String@500000bf)
	value		50000262
ARR 50000262 (sz=76, trace=300059, nelems=38, elem type=char[])
OBJ 50000263 (sz=24, trace=300132, class=java.lang.String@500000bf)
ARR 50000264 (sz=56, trace=300133, nelems=0, elem type=byte[])
OBJ 50000265 (sz=48, trace=300006, class=java.nio.HeapByteBuffer@5000006e)
OBJ 50000266 (sz=48, trace=300007, class=java.nio.HeapCharBuffer@50000004)
OBJ 50000267 (sz=24, trace=300134, class=java.lang.String@500000bf)
	value		50000268
ARR 50000268 (sz=76, trace=300005, nelems=38, elem type=char[])
OBJ 50000269 (sz=48, trace=300006, class=java.nio.HeapByteBuffer@5000006e)
OBJ 5000026a (sz=48, trace=300007, class=java.nio.HeapCharBuffer@50000004)
OBJ 5000026b (sz=24, trace=300135, class=java.io.ExpiringCache$Entry@50000123)
	val		50000267
OBJ 5000026c (sz=32, trace=300136, class=java.util.LinkedHashMap$Entry@50000053)
	key		50000261
	value		5000026b
	before		500003cc
	after		5000027e
OBJ 5000026d (sz=16, trace=300137, class=java.lang.StringBuilder@5000003f)
ARR 5000026e (sz=48, trace=300138, nelems=0, elem type=char[])
ARR 5000026f (sz=96, trace=300030, nelems=0, elem type=char[])
ARR 50000270 (sz=176, trace=300030, nelems=0, elem type=char[])
OBJ 50000271 (sz=24, trace=300139, class=java.lang.String@500000bf)
	value		50000272
ARR 50000272 (sz=80, trace=300140, nelems=40, elem type=char[])
OBJ 50000273 (sz=32, trace=300141, class=java.io.FilePermission@5000024f)
	name		50000271
	cpath		5000027f
OBJ 50000274 (sz=16, trace=300142, class=java.io.FilePermission$1@50000251)
OBJ 50000275 (sz=16, trace=300131, class=java.io.File@500000e0)
ARR 50000276 (sz=56, trace=300133, nelems=0, elem type=byte[])
OBJ 50000277 (sz=48, trace=300006, class=java.nio.HeapByteBuffer@5000006e)
OBJ 50000278 (sz=48, trace=300007, class=java.nio.HeapCharBuffer@50000004)
OBJ 50000279 (sz=24, trace=300134, class=java.lang.String@500000bf)
	value		5000027a
ARR 5000027a (sz=80, trace=300005, nelems=40, elem type=char[])
OBJ 5000027b (sz=48, trace=300006, class=java.nio.HeapByteBuffer@5000006e)
OBJ 5000027c (sz=48, trace=300007, class=java.nio.HeapCharBuffer@50000004)
OBJ 5000027d (sz=24, trace=300135, class=java.io.ExpiringCache$Entry@50000123)
	val		50000279
OBJ 5000027e (sz=32, trace=300136, class=java.util.LinkedHashMap$Entry@50000053)
	key		50000271
	value		5000027d
	next		500003e2
	before		5000026c
	after		500003c7
OBJ 5000027f (sz=24, trace=300143, class=java.lang.String@500000bf)
	value		5000027a
ARR 50000281 (sz=16, trace=300145, nelems=1, elem type=java.io.ObjectStreamField[]@50000032)
	[0]		50000282
OBJ 50000282 (sz=32, trace=300146, class=java.io.ObjectStreamField@50000031)
	name		500003ae
	signature	500008e9
	type		500000f3
OBJ 50000283 (sz=16, trace=300020, class=java.lang.StringBuilder@5000003f)
ARR 50000284 (sz=48, trace=300021, nelems=0, elem type=char[])
OBJ 50000285 (sz=16, trace=300090, class=java.lang.StringBuilder@5000003f)
ARR 50000286 (sz=48, trace=300091, nelems=0, elem type=char[])
ARR 50000287 (sz=48, trace=300092, nelems=0, elem type=char[])
OBJ 50000288 (sz=24, trace=300093, class=java.lang.String@500000bf)
ARR 50000289 (sz=80, trace=300030, nelems=0, elem type=char[])
OBJ 5000028a (sz=24, trace=300094, class=java.lang.String@500000bf)
ARR 5000028b (sz=48, trace=300095, nelems=0, elem type=char[])
ARR 5000028c (sz=80, trace=300030, nelems=0, elem type=char[])
OBJ 5000028d (sz=24, trace=300022, class=java.lang.String@500000bf)
ARR 5000028e (sz=48, trace=300023, nelems=0, elem type=char[])
OBJ 5000028f (sz=16, trace=300147, class=java.io.FilePermissionCollection@50000280)
	perms		50000290
OBJ 50000290 (sz=24, trace=300148, class=java.util.ArrayList@500000e4)
	elementData	50000291
ARR 50000291 (sz=56, trace=300149, nelems=1, elem type=java.lang.Object[]@5000009c)
	[0]		50000273
OBJ 50000292 (sz=24, trace=300150, class=java.util.HashMap$Entry@50000057)
	key		5000024f
	value		5000028f
OBJ 50000295 (sz=24, trace=300153, class=java.lang.RuntimePermission@50000016)
	name		500003a8
	path		500003a9
ARR 50000297 (sz=24, trace=300155, nelems=3, elem type=java.io.ObjectStreamField[]@50000032)
	[0]		50000298
	[1]		500002a5
	[2]		500002aa
OBJ 50000298 (sz=32, trace=300156, class=java.io.ObjectStreamField@50000031)
	name		500003ae
	signature	5000090d
	type		500000b2
OBJ 50000299 (sz=16, trace=300020, class=java.lang.StringBuilder@5000003f)
ARR 5000029a (sz=48, trace=300021, nelems=0, elem type=char[])
OBJ 5000029b (sz=16, trace=300090, class=java.lang.StringBuilder@5000003f)
ARR 5000029c (sz=48, trace=300091, nelems=0, elem type=char[])
ARR 5000029d (sz=56, trace=300092, nelems=0, elem type=char[])
OBJ 5000029e (sz=24, trace=300093, class=java.lang.String@500000bf)
ARR 5000029f (sz=80, trace=300030, nelems=0, elem type=char[])
OBJ 500002a0 (sz=24, trace=300094, class=java.lang.String@500000bf)
ARR 500002a1 (sz=56, trace=300095, nelems=0, elem type=char[])
ARR 500002a2 (sz=80, trace=300030, nelems=0, elem type=char[])
OBJ 500002a3 (sz=24, trace=300022, class=java.lang.String@500000bf)
ARR 500002a4 (sz=56, trace=300023, nelems=0, elem type=char[])
OBJ 500002a5 (sz=32, trace=300157, class=java.io.ObjectStreamField@50000031)
	name		500003ac
	signature	50000406
	type		5000032d
OBJ 500002a6 (sz=16, trace=300020, class=java.lang.StringBuilder@5000003f)
ARR 500002a7 (sz=48, trace=300021, nelems=0, elem type=char[])
OBJ 500002a8 (sz=24, trace=300022, class=java.lang.String@500000bf)
ARR 500002a9 (sz=16, trace=300023, nelems=0, elem type=char[])
OBJ 500002aa (sz=32, trace=300158, class=java.io.ObjectStreamField@50000031)
	name		500003ad
	signature	500003af
	type		5000008e
OBJ 500002ab (sz=16, trace=300020, class=java.lang.StringBuilder@5000003f)
ARR 500002ac (sz=48, trace=300021, nelems=0, elem type=char[])
OBJ 500002ad (sz=16, trace=300090, class=java.lang.StringBuilder@5000003f)
ARR 500002ae (sz=48, trace=300091, nelems=0, elem type=char[])
ARR 500002af (sz=48, trace=300092, nelems=0, elem type=char[])
OBJ 500002b0 (sz=24, trace=300093, class=java.lang.String@500000bf)
ARR 500002b1 (sz=80, trace=300038, nelems=0, elem type=char[])
OBJ 500002b2 (sz=24, trace=300094, class=java.lang.String@500000bf)
ARR 500002b3 (sz=48, trace=300095, nelems=0, elem type=char[])
ARR 500002b4 (sz=80, trace=300030, nelems=0, elem type=char[])
OBJ 500002b5 (sz=24, trace=300022, class=java.lang.String@500000bf)
ARR 500002b6 (sz=48, trace=300023, nelems=0, elem type=char[])
OBJ 500002b7 (sz=24, trace=300159, class=java.security.BasicPermissionCollection@50000296)
	perms		500002b8
	permClass	50000016
OBJ 500002b8 (sz=40, trace=300160, class=java.util.HashMap@5000011a)
	table		500002b9
ARR 500002b9 (sz=80, trace=300161, nelems=14, elem type=java.util.HashMap$Entry[]@50000058)
	[13]		500002bb
OBJ 500002ba (sz=24, trace=300150, class=java.util.HashMap$Entry@50000057)
	key		50000016
	value		500002b7
	next		50000292
OBJ 500002bb (sz=24, trace=300162, class=java.util.HashMap$Entry@50000057)
	key		500003aa
	value		50000295
OBJ 500002bc (sz=32, trace=300163, class=java.security.ProtectionDomain@500000ac)
	codesource	5000020c
	classloader	50000323
	principals	500002bf
	permissions	5000022b
ARR 500002bf (sz=16, trace=300165, nelems=0, elem type=java.security.Principal[]@500002be)
OBJ 500002c0 (sz=24, trace=300166, class=java.util.HashMap$Entry@50000057)
	key		5000020c
	value		500002bc
ARR 500002c3 (sz=16, trace=300168, nelems=0, elem type=java.security.cert.Certificate[]@500002c2)
OBJ 500002c4 (sz=24, trace=300169, class=java.util.Hashtable$Entry@50000121)
	key		50000347
	value		500002c3
OBJ 500002c5 (sz=16, trace=300026, class=java.lang.StringBuffer@5000003e)
ARR 500002c6 (sz=104, trace=300027, nelems=0, elem type=char[])
OBJ 500002c7 (sz=24, trace=300028, class=java.lang.String@500000bf)
ARR 500002c8 (sz=104, trace=300029, nelems=0, elem type=char[])
OBJ 500002c9 (sz=32, trace=300008, class=java.lang.ClassNotFoundException@500000f7)
OBJ 500002ca (sz=16, trace=300010, class=java.net.URLClassLoader$1@5000014a)
ARR 500002cb (sz=32, trace=300011, nelems=0, elem type=char[])
OBJ 500002cc (sz=24, trace=300012, class=java.lang.String@500000bf)
OBJ 500002cd (sz=32, trace=300045, class=java.lang.ClassNotFoundException@500000f7)
OBJ 500002ce (sz=32, trace=300047, class=java.security.PrivilegedActionException@500001ca)
OBJ 500002cf (sz=16, trace=300048, class=java.net.URLClassLoader$1@5000014a)
ARR 500002d0 (sz=32, trace=300011, nelems=0, elem type=char[])
OBJ 500002d1 (sz=24, trace=300012, class=java.lang.String@500000bf)
OBJ 500002d2 (sz=56, trace=300060, class=java.net.URL@500000b9)
OBJ 500002d3 (sz=16, trace=300061, class=java.lang.StringBuilder@5000003f)
ARR 500002d4 (sz=48, trace=300062, nelems=0, elem type=char[])
ARR 500002d5 (sz=96, trace=300030, nelems=0, elem type=char[])
ARR 500002d6 (sz=176, trace=300030, nelems=0, elem type=char[])
OBJ 500002d7 (sz=24, trace=300063, class=java.lang.String@500000bf)
ARR 500002d8 (sz=96, trace=300064, nelems=0, elem type=char[])
OBJ 500002d9 (sz=24, trace=300065, class=java.lang.String@500000bf)
ARR 500002da (sz=72, trace=300066, nelems=0, elem type=char[])
ARR 500002db (sz=32, trace=300067, nelems=0, elem type=char[])
OBJ 500002dc (sz=24, trace=300068, class=java.lang.String@500000bf)
ARR 500002dd (sz=32, trace=300069, nelems=0, elem type=char[])
OBJ 500002de (sz=56, trace=300070, class=java.net.URL@500000b9)
OBJ 500002df (sz=16, trace=300061, class=java.lang.StringBuilder@5000003f)
ARR 500002e0 (sz=48, trace=300062, nelems=0, elem type=char[])
ARR 500002e1 (sz=96, trace=300030, nelems=0, elem type=char[])
ARR 500002e2 (sz=176, trace=300030, nelems=0, elem type=char[])
OBJ 500002e3 (sz=24, trace=300063, class=java.lang.String@500000bf)
ARR 500002e4 (sz=104, trace=300064, nelems=0, elem type=char[])
OBJ 500002e5 (sz=16, trace=300071, class=java.io.File@500000e0)
OBJ 500002e6 (sz=16, trace=300072, class=java.lang.StringBuilder@5000003f)
ARR 500002e7 (sz=48, trace=300073, nelems=0, elem type=char[])
ARR 500002e8 (sz=88, trace=300030, nelems=0, elem type=char[])
ARR 500002e9 (sz=168, trace=300038, nelems=0, elem type=char[])
OBJ 500002ea (sz=24, trace=300074, class=java.lang.String@500000bf)
ARR 500002eb (sz=104, trace=300075, nelems=0, elem type=char[])
ARR 500002ec (sz=64, trace=300042, nelems=0, elem type=byte[])
OBJ 500002ed (sz=48, trace=300006, class=java.nio.HeapByteBuffer@5000006e)
OBJ 500002ee (sz=48, trace=300007, class=java.nio.HeapCharBuffer@50000004)
OBJ 500002ef (sz=24, trace=300043, class=java.lang.String@500000bf)
OBJ 500002f0 (sz=32, trace=300077, class=sun.misc.URLClassPath$FileLoader$1@500001fe)
OBJ 500002f1 (sz=16, trace=300078, class=java.io.FileInputStream@50000042)
	fd		500002f3
OBJ 500002f2 (sz=32, trace=300079, class=java.lang.ref.Finalizer@50000010)
	referent	500002f1
	queue		5000033f
	next		50000201
OBJ 500002f3 (sz=16, trace=300080, class=java.io.FileDescriptor@5000009a)
ARR 500002f4 (sz=64, trace=300081, nelems=0, elem type=byte[])
OBJ 500002f5 (sz=48, trace=300006, class=java.nio.HeapByteBuffer@5000006e)
OBJ 500002f6 (sz=48, trace=300007, class=java.nio.HeapCharBuffer@50000004)
ARR 500002f7 (sz=64, trace=300083, nelems=0, elem type=byte[])
OBJ 500002f8 (sz=48, trace=300006, class=java.nio.HeapByteBuffer@5000006e)
OBJ 500002f9 (sz=48, trace=300007, class=java.nio.HeapCharBuffer@50000004)
ARR 500002fa (sz=400, trace=300084, nelems=0, elem type=byte[])
OBJ 500002fb (sz=32, trace=300086, class=java.security.CodeSource@5000020b)
OBJ 500002fc (sz=16, trace=300026, class=java.lang.StringBuffer@5000003e)
ARR 500002fd (sz=104, trace=300027, nelems=0, elem type=char[])
OBJ 500002fe (sz=24, trace=300028, class=java.lang.String@500000bf)
ARR 500002ff (sz=104, trace=300029, nelems=0, elem type=char[])
OBJ 50000300 (sz=24, trace=300170, class=java.util.HashMap$Entry@50000057)
	key		500002bc
	value		50000429
OBJ 50000303 (sz=8, trace=300172, class=Test@50000302)
OBJ 50000304 (sz=48, trace=300007, class=java.nio.HeapCharBuffer@50000004)
OBJ 50000305 (sz=48, trace=300007, class=java.nio.HeapCharBuffer@50000004)
OBJ 50000306 (sz=104, trace=300001, class=java.lang.Thread@50000070)
	name		50000308
	group		5000033d
	inheritedAccessControlContext	50000b4b
	blockerLock	50000307
OBJ 50000307 (sz=8, trace=300002, class=java.lang.Object@5000009b)
ARR 50000308 (sz=26, trace=300003, nelems=13, elem type=char[])
OBJ 5000030a (sz=24, trace=300174, class=java.util.AbstractList$Itr@50000309)
OBJ 5000030c (sz=16, trace=300176, class=java.util.IdentityHashMap$KeySet@5000030b)
OBJ 5000030f (sz=40, trace=300178, class=java.util.IdentityHashMap$KeyIterator@5000030e)
OBJ 50000310 (sz=40, trace=300178, class=java.util.IdentityHashMap$KeyIterator@5000030e)
OBJ 50000313 (sz=16, trace=300181, class=java.util.LinkedHashSet@50000312)
OBJ 50000314 (sz=48, trace=300182, class=java.util.LinkedHashMap@5000006f)
ARR 50000315 (sz=80, trace=300183, nelems=0, elem type=java.util.HashMap$Entry[]@50000058)
OBJ 50000316 (sz=32, trace=300184, class=java.util.LinkedHashMap$Entry@50000053)
OBJ 50000317 (sz=8, trace=300185, class=java.io.DeleteOnExitHook@50000311)
OBJ 50000318 (sz=24, trace=300186, class=java.util.ArrayList@500000e4)
ARR 50000319 (sz=16, trace=300187, nelems=0, elem type=java.lang.Object[]@5000009c)
OBJ 5000031b (sz=16, trace=300189, class=java.util.HashMap$KeySet@5000031a)
OBJ 5000031e (sz=32, trace=300191, class=java.util.LinkedHashMap$KeyIterator@5000031d)
OBJ 5000031f (sz=24, trace=300192, class=java.util.AbstractList$Itr@50000309)
OBJ 50000320 (sz=24, trace=300000, class=java.lang.String@500000bf)
	value		5000085c
OBJ 50000321 (sz=24, trace=300000, class=java.lang.NullPointerException@500000c9)
OBJ 50000322 (sz=24, trace=300000, class=java.lang.ArithmeticException@500000be)
	detailMessage	50000b4c
OBJ 50000323 (sz=72, trace=300000, class=sun.misc.Launcher$AppClassLoader@5000008c)
	parent		5000087d
	package2certs	5000087c
	nocerts		500002c3
	classes		5000087b
	domains		5000087a
	packages	50000879
	nativeLibraries	50000878
	pdcache		50000877
	ucp		50000876
	acc		50000875
OBJ 50000324 (sz=8, trace=300000, class=java.lang.ref.Reference$Lock@5000001f)
OBJ 50000325 (sz=8, trace=300000, class=java.lang.ref.ReferenceQueue$Lock@50000015)
OBJ 50000326 (sz=104, trace=300000, class=java.lang.Thread@50000070)
	name		50000b3a
	group		5000033e
	contextClassLoader	50000323
	inheritedAccessControlContext	50000b39
	blockerLock	50000b38
OBJ 50000327 (sz=104, trace=300000, class=java.lang.ref.Finalizer$FinalizerThread@50000109)
	name		50000b3d
	group		5000033e
	inheritedAccessControlContext	50000b3c
	blockerLock	50000b3b
OBJ 50000328 (sz=104, trace=300000, class=java.lang.ref.Reference$ReferenceHandler@500000e7)
	name		50000b35
	group		5000033e
	inheritedAccessControlContext	50000b34
	blockerLock	50000b33
OBJ 50000329 (sz=96, trace=300000, class=java.lang.Class@5000008e)
OBJ 5000032a (sz=96, trace=300000, class=java.lang.Class@5000008e)
OBJ 5000032b (sz=96, trace=300000, class=java.lang.Class@5000008e)
OBJ 5000032c (sz=96, trace=300000, class=java.lang.Class@5000008e)
OBJ 5000032d (sz=96, trace=300000, class=java.lang.Class@5000008e)
OBJ 5000032e (sz=96, trace=300000, class=java.lang.Class@5000008e)
OBJ 5000032f (sz=96, trace=300000, class=java.lang.Class@5000008e)
OBJ 50000330 (sz=96, trace=300000, class=java.lang.Class@5000008e)
OBJ 50000331 (sz=96, trace=300000, class=java.lang.Class@5000008e)
OBJ 50000332 (sz=320, trace=300000, class=java.lang.Class@5000008e)
ARR 50000333 (sz=0, trace=300000, nelems=0, elem type=byte[])
ARR 50000334 (sz=0, trace=300000, nelems=0, elem type=short[])
ARR 50000335 (sz=0, trace=300000, nelems=0, elem type=int[])
ARR 50000336 (sz=16, trace=300000, nelems=0, elem type=java.lang.Class[]@5000008f)
OBJ 50000337 (sz=24, trace=300000, class=java.lang.OutOfMemoryError@50000107)
	detailMessage	50000b58
OBJ 50000338 (sz=24, trace=300000, class=java.lang.OutOfMemoryError@50000107)
	detailMessage	50000b56
OBJ 50000339 (sz=24, trace=300000, class=java.lang.OutOfMemoryError@50000107)
	detailMessage	50000b54
OBJ 5000033a (sz=24, trace=300000, class=java.lang.OutOfMemoryError@50000107)
	detailMessage	50000b52
ARR 5000033b (sz=32, trace=300000, nelems=4, elem type=java.lang.OutOfMemoryError[]@50000108)
	[0]		50000b4e
	[1]		50000b4f
	[2]		50000b50
	[3]		50000b51
OBJ 5000033c (sz=24, trace=300000, class=java.lang.VirtualMachineError@5000007a)
OBJ 5000033d (sz=48, trace=300000, class=java.lang.ThreadGroup@5000008a)
	parent		5000033e
	name		50000b49
	threads		50000b48
OBJ 5000033e (sz=48, trace=300000, class=java.lang.ThreadGroup@5000008a)
	name		50000863
	threads		50000b37
	groups		50000b36
OBJ 5000033f (sz=24, trace=300000, class=java.lang.ref.ReferenceQueue@500000b0)
	lock		50000325
OBJ 50000340 (sz=24, trace=300000, class=java.lang.String@500000bf)
	value		50000344
OBJ 50000341 (sz=32, trace=300000, class=sun.misc.SoftCache@500000a6)
	hash		50000b30
	queue		50000b2f
OBJ 50000342 (sz=24, trace=300000, class=java.lang.RuntimePermission@50000016)
	name		50000340
	path		50000340
ARR 50000343 (sz=16, trace=300000, nelems=0, elem type=java.lang.StackTraceElement[]@5000003b)
ARR 50000344 (sz=64, trace=300000, nelems=32, elem type=char[])
OBJ 50000345 (sz=8, trace=300000, class=java.lang.String$CaseInsensitiveComparator@50000054)
ARR 50000346 (sz=16, trace=300000, nelems=0, elem type=java.io.ObjectStreamField[]@50000032)
OBJ 50000347 (sz=24, trace=300000, class=java.lang.String@500000bf)
	value		50000422
OBJ 50000348 (sz=24, trace=300000, class=java.lang.String@500000bf)
	value		50000af4
OBJ 50000349 (sz=24, trace=300000, class=java.lang.String@500000bf)
	value		50000b06
OBJ 5000034a (sz=24, trace=300000, class=java.lang.String@500000bf)
	value		50000aef
OBJ 5000034b (sz=24, trace=300000, class=java.lang.String@500000bf)
	value		50000aff
OBJ 5000034c (sz=24, trace=300000, class=java.lang.String@500000bf)
	value		50000ae7
OBJ 5000034d (sz=24, trace=300000, class=java.lang.String@500000bf)
	value		50000b1f
OBJ 5000034e (sz=24, trace=300000, class=java.lang.String@500000bf)
	value		50000adb
OBJ 5000034f (sz=24, trace=300000, class=java.lang.String@500000bf)
	value		50000b28
OBJ 50000350 (sz=24, trace=300000, class=java.lang.String@500000bf)
	value		50000b02
OBJ 50000351 (sz=24, trace=300000, class=java.lang.String@500000bf)
	value		50000afc
OBJ 50000352 (sz=24, trace=300000, class=java.lang.String@500000bf)
	value		50000b04
OBJ 50000353 (sz=24, trace=300000, class=java.lang.String@500000bf)
	value		50000aee
OBJ 50000354 (sz=24, trace=300000, class=java.lang.String@500000bf)
	value		50000aed
OBJ 50000355 (sz=24, trace=300000, class=java.lang.String@500000bf)
	value		50000b10
OBJ 50000356 (sz=24, trace=300000, class=java.lang.String@500000bf)
	value		50000ae2
OBJ 50000357 (sz=24, trace=300000, class=java.lang.String@500000bf)
	value		50000af3
OBJ 50000358 (sz=24, trace=300000, class=java.lang.String@500000bf)
	value		50000ae6
OBJ 50000359 (sz=24, trace=300000, class=java.lang.String@500000bf)
	value		50000afb
OBJ 5000035a (sz=24, trace=300000, class=java.lang.String@500000bf)
	value		50000ae1
OBJ 5000035b (sz=24, trace=300000, class=java.lang.String@500000bf)
	value		50000afe
OBJ 5000035c (sz=24, trace=300000, class=java.lang.String@500000bf)
	value		50000b14
OBJ 5000035d (sz=24, trace=300000, class=java.lang.String@500000bf)
	value		50000afd
OBJ 5000035e (sz=24, trace=300000, class=java.lang.String@500000bf)
	value		50000b19
OBJ 5000035f (sz=24, trace=300000, class=java.lang.String@500000bf)
	value		50000ad7
OBJ 50000360 (sz=24, trace=300000, class=java.lang.String@500000bf)
	value		50000b1e
OBJ 50000361 (sz=24, trace=300000, class=java.lang.String@500000bf)
	value		50000ad6
OBJ 50000362 (sz=24, trace=300000, class=java.lang.String@500000bf)
	value		50000ada
OBJ 50000363 (sz=24, trace=300000, class=java.lang.String@500000bf)
	value		50000ad9
OBJ 50000364 (sz=24, trace=300000, class=java.lang.String@500000bf)
	value		50000b1a
OBJ 50000365 (sz=24, trace=300000, class=java.lang.String@500000bf)
	value		50000add
OBJ 50000366 (sz=24, trace=300000, class=java.lang.String@500000bf)
	value		50000b27
OBJ 50000367 (sz=24, trace=300000, class=java.lang.String@500000bf)
	value		50000adc
OBJ 50000368 (sz=24, trace=300000, class=java.lang.String@500000bf)
	value		50000b2c
OBJ 50000369 (sz=24, trace=300000, class=java.lang.String@500000bf)
	value		50000b2b
OBJ 5000036a (sz=24, trace=300000, class=java.lang.String@500000bf)
	value		50000b2a
OBJ 5000036b (sz=24, trace=300000, class=java.lang.String@500000bf)
	value		50000b29
OBJ 5000036c (sz=24, trace=300000, class=java.lang.String@500000bf)
	value		50000b01
OBJ 5000036d (sz=24, trace=300000, class=java.lang.String@500000bf)
	value		50000b05
OBJ 5000036e (sz=24, trace=300000, class=java.lang.String@500000bf)
	value		50000b00
OBJ 5000036f (sz=24, trace=300000, class=java.lang.String@500000bf)
	value		50000b0c
OBJ 50000370 (sz=32, trace=300000, class=java.util.Locale@50000051)
	language	50000356
	country		50000351
	variant		50000347
OBJ 50000371 (sz=32, trace=300000, class=java.util.Locale@50000051)
	language	50000347
	country		50000347
	variant		50000347
OBJ 50000372 (sz=32, trace=300000, class=java.util.Locale@50000051)
	language	5000035b
	country		50000348
	variant		50000347
OBJ 50000373 (sz=32, trace=300000, class=java.util.Locale@50000051)
	language	50000356
	country		50000348
	variant		50000347
OBJ 50000374 (sz=32, trace=300000, class=java.util.Locale@50000051)
	language	50000356
	country		5000034c
	variant		50000347
OBJ 50000375 (sz=32, trace=300000, class=java.util.Locale@50000051)
	language	5000036c
	country		50000350
	variant		50000347
OBJ 50000376 (sz=32, trace=300000, class=java.util.Locale@50000051)
	language	5000036c
	country		50000349
	variant		50000347
OBJ 50000377 (sz=32, trace=300000, class=java.util.Locale@50000051)
	language	50000365
	country		5000034f
	variant		50000347
OBJ 50000378 (sz=32, trace=300000, class=java.util.Locale@50000051)
	language	50000362
	country		5000034e
	variant		50000347
OBJ 50000379 (sz=32, trace=300000, class=java.util.Locale@50000051)
	language	5000035f
	country		5000034d
	variant		50000347
OBJ 5000037a (sz=32, trace=300000, class=java.util.Locale@50000051)
	language	50000353
	country		5000034a
	variant		50000347
OBJ 5000037b (sz=32, trace=300000, class=java.util.Locale@50000051)
	language	5000035b
	country		5000034b
	variant		50000347
OBJ 5000037c (sz=32, trace=300000, class=java.util.Locale@50000051)
	language	5000036c
	country		50000347
	variant		50000347
OBJ 5000037d (sz=32, trace=300000, class=java.util.Locale@50000051)
	language	50000365
	country		50000347
	variant		50000347
OBJ 5000037e (sz=32, trace=300000, class=java.util.Locale@50000051)
	language	50000362
	country		50000347
	variant		50000347
OBJ 5000037f (sz=32, trace=300000, class=java.util.Locale@50000051)
	language	5000035f
	country		50000347
	variant		50000347
OBJ 50000380 (sz=32, trace=300000, class=java.util.Locale@50000051)
	language	50000353
	country		50000347
	variant		50000347
OBJ 50000381 (sz=32, trace=300000, class=java.util.Locale@50000051)
	language	5000035b
	country		50000347
	variant		50000347
OBJ 50000382 (sz=32, trace=300000, class=java.util.Locale@50000051)
	language	50000356
	country		50000347
	variant		50000347
OBJ 50000383 (sz=40, trace=300000, class=java.util.concurrent.ConcurrentHashMap@50000110)
	segments	50000384
ARR 50000384 (sz=80, trace=300000, nelems=16, elem type=java.util.concurrent.ConcurrentHashMap$Segment[]@50000038)
	[0]		50000385
	[1]		50000386
	[2]		50000387
	[3]		50000388
	[4]		50000389
	[5]		5000038a
	[6]		5000038b
	[7]		5000038c
	[8]		5000038d
	[9]		5000038e
	[10]		5000038f
	[11]		50000390
	[12]		50000391
	[13]		50000392
	[14]		50000393
	[15]		50000394
OBJ 50000385 (sz=32, trace=300000, class=java.util.concurrent.ConcurrentHashMap$Segment@50000037)
	sync		50000b25
	table		50000b24
OBJ 50000386 (sz=32, trace=300000, class=java.util.concurrent.ConcurrentHashMap$Segment@50000037)
	sync		50000b23
	table		50000b22
OBJ 50000387 (sz=32, trace=300000, class=java.util.concurrent.ConcurrentHashMap$Segment@50000037)
	sync		50000b21
	table		50000b20
OBJ 50000388 (sz=32, trace=300000, class=java.util.concurrent.ConcurrentHashMap$Segment@50000037)
	sync		50000b1c
	table		50000b1b
OBJ 50000389 (sz=32, trace=300000, class=java.util.concurrent.ConcurrentHashMap$Segment@50000037)
	sync		50000b16
	table		50000b15
OBJ 5000038a (sz=32, trace=300000, class=java.util.concurrent.ConcurrentHashMap$Segment@50000037)
	sync		50000b12
	table		50000b11
OBJ 5000038b (sz=32, trace=300000, class=java.util.concurrent.ConcurrentHashMap$Segment@50000037)
	sync		50000b0e
	table		50000b0d
OBJ 5000038c (sz=32, trace=300000, class=java.util.concurrent.ConcurrentHashMap$Segment@50000037)
	sync		50000b0a
	table		50000b09
OBJ 5000038d (sz=32, trace=300000, class=java.util.concurrent.ConcurrentHashMap$Segment@50000037)
	sync		50000b08
	table		50000b07
OBJ 5000038e (sz=32, trace=300000, class=java.util.concurrent.ConcurrentHashMap$Segment@50000037)
	sync		50000af6
	table		50000af5
OBJ 5000038f (sz=32, trace=300000, class=java.util.concurrent.ConcurrentHashMap$Segment@50000037)
	sync		50000af1
	table		50000af0
OBJ 50000390 (sz=32, trace=300000, class=java.util.concurrent.ConcurrentHashMap$Segment@50000037)
	sync		50000aeb
	table		50000aea
OBJ 50000391 (sz=32, trace=300000, class=java.util.concurrent.ConcurrentHashMap$Segment@50000037)
	sync		50000ae9
	table		50000ae8
OBJ 50000392 (sz=32, trace=300000, class=java.util.concurrent.ConcurrentHashMap$Segment@50000037)
	sync		50000ae4
	table		50000ae3
OBJ 50000393 (sz=32, trace=300000, class=java.util.concurrent.ConcurrentHashMap$Segment@50000037)
	sync		50000adf
	table		50000ade
OBJ 50000394 (sz=32, trace=300000, class=java.util.concurrent.ConcurrentHashMap$Segment@50000037)
	sync		50000396
	table		50000395
ARR 50000395 (sz=32, trace=300000, nelems=3, elem type=java.util.concurrent.ConcurrentHashMap$HashEntry[]@50000022)
	[1]		50000ad4
	[2]		50000ad5
OBJ 50000396 (sz=24, trace=300000, class=java.util.concurrent.locks.ReentrantLock$NonfairSync@50000017)
OBJ 50000397 (sz=24, trace=300000, class=java.lang.String@500000bf)
	value		50000ad3
OBJ 50000398 (sz=24, trace=300000, class=java.lang.String@500000bf)
	value		50000ad2
OBJ 50000399 (sz=24, trace=300000, class=java.lang.String@500000bf)
	value		50000ad1
OBJ 5000039a (sz=24, trace=300000, class=java.lang.String@500000bf)
	value		50000ad0
OBJ 5000039b (sz=24, trace=300000, class=java.lang.String@500000bf)
	value		50000acf
OBJ 5000039c (sz=8, trace=300000, class=sun.misc.Unsafe@50000117)
OBJ 5000039d (sz=32, trace=300000, class=java.util.Collections$SynchronizedMap@50000041)
	m		5000039e
	mutex		5000039d
OBJ 5000039e (sz=40, trace=300000, class=java.util.HashMap@5000011a)
	table		5000039f
ARR 5000039f (sz=80, trace=300000, nelems=0, elem type=java.util.HashMap$Entry[]@50000058)
OBJ 500003a0 (sz=24, trace=300000, class=java.lang.String@500000bf)
	value		50000ace
ARR 500003a1 (sz=16, trace=300000, nelems=0, elem type=java.lang.annotation.Annotation[]@5000004a)
OBJ 500003a2 (sz=8, trace=300000, class=sun.reflect.ReflectionFactory@500000c4)
ARR 500003a3 (sz=16, trace=300000, nelems=0, elem type=java.io.ObjectStreamField[]@50000032)
OBJ 500003a4 (sz=24, trace=300000, class=java.lang.String@500000bf)
	value		500003a7
OBJ 500003a5 (sz=8, trace=300000, class=java.lang.reflect.ReflectAccess@50000067)
OBJ 500003a6 (sz=24, trace=300000, class=java.lang.RuntimePermission@50000016)
	name		500003a4
	path		500003a4
ARR 500003a7 (sz=46, trace=300000, nelems=23, elem type=char[])
OBJ 500003a8 (sz=24, trace=300000, class=java.lang.String@500000bf)
	value		5000096e
OBJ 500003a9 (sz=24, trace=300000, class=java.lang.String@500000bf)
	value		5000097a
OBJ 500003aa (sz=24, trace=300000, class=java.lang.String@500000bf)
	value		50000979
OBJ 500003ab (sz=24, trace=300000, class=java.lang.String@500000bf)
	value		50000907
OBJ 500003ac (sz=24, trace=300000, class=java.lang.String@500000bf)
	value		50000ac7
OBJ 500003ad (sz=24, trace=300000, class=java.lang.String@500000bf)
	value		500003b0
OBJ 500003ae (sz=24, trace=300000, class=java.lang.String@500000bf)
	value		500008ea
OBJ 500003af (sz=24, trace=300000, class=java.lang.String@500000bf)
	value		500003b1
ARR 500003b0 (sz=18, trace=300000, nelems=9, elem type=char[])
ARR 500003b1 (sz=34, trace=300000, nelems=17, elem type=char[])
ARR 500003b2 (sz=16, trace=300000, nelems=0, elem type=java.io.ObjectStreamField[]@50000032)
ARR 500003b3 (sz=40, trace=300000, nelems=10, elem type=int[])
OBJ 500003b4 (sz=24, trace=300000, class=java.lang.String@500000bf)
	value		50000ac0
OBJ 500003b5 (sz=48, trace=300000, class=java.util.Properties@500000c6)
	table		500009b6
OBJ 500003b6 (sz=32, trace=300000, class=java.io.PrintStream@50000087)
	out		500009aa
	textOut		500009a9
	charOut		500009a8
OBJ 500003b7 (sz=32, trace=300000, class=java.io.PrintStream@50000087)
	out		50000438
	textOut		50000437
	charOut		50000436
OBJ 500003b8 (sz=32, trace=300000, class=java.io.BufferedInputStream@500000a3)
	in		500003ba
	buf		500003b9
ARR 500003b9 (sz=8192, trace=300000, nelems=8192, elem type=byte[])
OBJ 500003ba (sz=16, trace=300000, class=java.io.FileInputStream@50000042)
	fd		500003bb
OBJ 500003bb (sz=16, trace=300000, class=java.io.FileDescriptor@5000009a)
OBJ 500003bc (sz=16, trace=300000, class=java.io.FileDescriptor@5000009a)
OBJ 500003bd (sz=16, trace=300000, class=java.io.FileDescriptor@5000009a)
OBJ 500003be (sz=8, trace=300000, class=java.lang.Object@5000009b)
OBJ 500003bf (sz=24, trace=300000, class=java.lang.String@500000bf)
	value		50000424
OBJ 500003c0 (sz=24, trace=300000, class=java.lang.String@500000bf)
	value		50000423
OBJ 500003c1 (sz=24, trace=300000, class=java.io.UnixFileSystem@500000a5)
	javaHome	500003c4
	cache		500003c3
	javaHomePrefixCache	500003c2
OBJ 500003c2 (sz=32, trace=300000, class=java.io.ExpiringCache@500000f1)
	map		500003f3
OBJ 500003c3 (sz=32, trace=300000, class=java.io.ExpiringCache@500000f1)
	map		500003c6
OBJ 500003c4 (sz=24, trace=300000, class=java.lang.String@500000bf)
	value		500003c5
ARR 500003c5 (sz=50, trace=300000, nelems=25, elem type=char[])
OBJ 500003c6 (sz=56, trace=300000, class=java.io.ExpiringCache$1@500000bd)
	table		500003c8
	header		500003c7
	this$0		500003c3
OBJ 500003c7 (sz=32, trace=300000, class=java.util.LinkedHashMap$Entry@50000053)
	before		5000027e
	after		500003e3
ARR 500003c8 (sz=80, trace=300000, nelems=15, elem type=java.util.HashMap$Entry[]@50000058)
	[1]		500003c9
	[7]		500003ca
	[9]		500003cb
	[11]		5000027e
	[12]		500003cc
	[13]		500003cd
	[14]		5000026c
OBJ 500003c9 (sz=32, trace=300000, class=java.util.LinkedHashMap$Entry@50000053)
	key		500003e5
	value		500003e4
	next		500003e3
	before		500003e2
	after		500003ca
OBJ 500003ca (sz=32, trace=300000, class=java.util.LinkedHashMap$Entry@50000053)
	key		500003de
	value		500003dd
	before		500003c9
	after		500003cd
OBJ 500003cb (sz=32, trace=300000, class=java.util.LinkedHashMap$Entry@50000053)
	key		500003d4
	value		500003d3
	before		500003cd
	after		500003cc
OBJ 500003cc (sz=32, trace=300000, class=java.util.LinkedHashMap$Entry@50000053)
	key		500003cf
	value		500003ce
	before		500003cb
	after		5000026c
OBJ 500003cd (sz=32, trace=300000, class=java.util.LinkedHashMap$Entry@50000053)
	key		500003d9
	value		500003d8
	before		500003ca
	after		500003cb
OBJ 500003ce (sz=24, trace=300000, class=java.io.ExpiringCache$Entry@50000123)
	val		500003d1
OBJ 500003cf (sz=24, trace=300000, class=java.lang.String@500000bf)
	value		500003d0
ARR 500003d0 (sz=80, trace=300000, nelems=40, elem type=char[])
OBJ 500003d1 (sz=24, trace=300000, class=java.lang.String@500000bf)
	value		500003d2
ARR 500003d2 (sz=76, trace=300000, nelems=38, elem type=char[])
OBJ 500003d3 (sz=24, trace=300000, class=java.io.ExpiringCache$Entry@50000123)
	val		500003d6
OBJ 500003d4 (sz=24, trace=300000, class=java.lang.String@500000bf)
	value		500003d5
ARR 500003d5 (sz=96, trace=300000, nelems=48, elem type=char[])
OBJ 500003d6 (sz=24, trace=300000, class=java.lang.String@500000bf)
	value		500003d7
ARR 500003d7 (sz=96, trace=300000, nelems=48, elem type=char[])
OBJ 500003d8 (sz=24, trace=300000, class=java.io.ExpiringCache$Entry@50000123)
	val		500003db
OBJ 500003d9 (sz=24, trace=300000, class=java.lang.String@500000bf)
	value		500003da
ARR 500003da (sz=106, trace=300000, nelems=53, elem type=char[])
OBJ 500003db (sz=24, trace=300000, class=java.lang.String@500000bf)
	value		500003dc
ARR 500003dc (sz=106, trace=300000, nelems=53, elem type=char[])
OBJ 500003dd (sz=24, trace=300000, class=java.io.ExpiringCache$Entry@50000123)
	val		500003e0
OBJ 500003de (sz=24, trace=300000, class=java.lang.String@500000bf)
	value		500003df
ARR 500003df (sz=94, trace=300000, nelems=47, elem type=char[])
OBJ 500003e0 (sz=24, trace=300000, class=java.lang.String@500000bf)
	value		500003e1
ARR 500003e1 (sz=94, trace=300000, nelems=47, elem type=char[])
OBJ 500003e2 (sz=32, trace=300000, class=java.util.LinkedHashMap$Entry@50000053)
	key		500003ef
	value		500003ee
	before		500003e3
	after		500003c9
OBJ 500003e3 (sz=32, trace=300000, class=java.util.LinkedHashMap$Entry@50000053)
	key		500003ea
	value		500003e9
	before		500003c7
	after		500003e2
OBJ 500003e4 (sz=24, trace=300000, class=java.io.ExpiringCache$Entry@50000123)
	val		500003e7
OBJ 500003e5 (sz=24, trace=300000, class=java.lang.String@500000bf)
	value		500003e6
ARR 500003e6 (sz=86, trace=300000, nelems=43, elem type=char[])
OBJ 500003e7 (sz=24, trace=300000, class=java.lang.String@500000bf)
	value		500003e8
ARR 500003e8 (sz=86, trace=300000, nelems=43, elem type=char[])
OBJ 500003e9 (sz=24, trace=300000, class=java.io.ExpiringCache$Entry@50000123)
	val		500003ec
OBJ 500003ea (sz=24, trace=300000, class=java.lang.String@500000bf)
	value		500003eb
ARR 500003eb (sz=88, trace=300000, nelems=44, elem type=char[])
OBJ 500003ec (sz=24, trace=300000, class=java.lang.String@500000bf)
	value		500003ed
ARR 500003ed (sz=88, trace=300000, nelems=44, elem type=char[])
OBJ 500003ee (sz=24, trace=300000, class=java.io.ExpiringCache$Entry@50000123)
	val		500003f1
OBJ 500003ef (sz=24, trace=300000, class=java.lang.String@500000bf)
	value		500003f0
ARR 500003f0 (sz=120, trace=300000, nelems=60, elem type=char[])
OBJ 500003f1 (sz=24, trace=300000, class=java.lang.String@500000bf)
	value		500003f2
ARR 500003f2 (sz=66, trace=300000, nelems=33, elem type=char[])
OBJ 500003f3 (sz=56, trace=300000, class=java.io.ExpiringCache$1@500000bd)
	table		500003f5
	header		500003f4
	this$0		500003c2
OBJ 500003f4 (sz=32, trace=300000, class=java.util.LinkedHashMap$Entry@50000053)
	before		500003f6
	after		500003f7
ARR 500003f5 (sz=80, trace=300000, nelems=14, elem type=java.util.HashMap$Entry[]@50000058)
	[11]		500003f6
	[13]		500003f7
OBJ 500003f6 (sz=32, trace=300000, class=java.util.LinkedHashMap$Entry@50000053)
	key		500003fc
	value		500003fb
	before		500003f7
	after		500003f4
OBJ 500003f7 (sz=32, trace=300000, class=java.util.LinkedHashMap$Entry@50000053)
	key		500003f9
	value		500003f8
	before		500003f4
	after		500003f6
OBJ 500003f8 (sz=24, trace=300000, class=java.io.ExpiringCache$Entry@50000123)
	val		500003fa
OBJ 500003f9 (sz=24, trace=300000, class=java.lang.String@500000bf)
	value		500003eb
OBJ 500003fa (sz=24, trace=300000, class=java.lang.String@500000bf)
	value		500003ed
OBJ 500003fb (sz=24, trace=300000, class=java.io.ExpiringCache$Entry@50000123)
	val		500003fd
OBJ 500003fc (sz=24, trace=300000, class=java.lang.String@500000bf)
	value		500003e6
OBJ 500003fd (sz=24, trace=300000, class=java.lang.String@500000bf)
	value		500003e8
OBJ 500003fe (sz=24, trace=300000, class=java.lang.String@500000bf)
	value		50000421
OBJ 500003ff (sz=24, trace=300000, class=java.lang.String@500000bf)
	value		50000420
OBJ 50000400 (sz=24, trace=300000, class=java.lang.String@500000bf)
	value		5000041f
OBJ 50000401 (sz=24, trace=300000, class=java.lang.String@500000bf)
	value		5000041e
OBJ 50000402 (sz=24, trace=300000, class=java.lang.String@500000bf)
	value		5000041d
OBJ 50000403 (sz=24, trace=300000, class=java.lang.String@500000bf)
	value		5000040a
OBJ 50000404 (sz=24, trace=300000, class=java.lang.String@500000bf)
	value		50000407
OBJ 50000405 (sz=24, trace=300000, class=java.lang.String@500000bf)
	value		5000040d
OBJ 50000406 (sz=24, trace=300000, class=java.lang.String@500000bf)
	value		50000408
ARR 50000407 (sz=12, trace=300000, nelems=6, elem type=char[])
ARR 50000408 (sz=2, trace=300000, nelems=1, elem type=char[])
OBJ 50000409 (sz=24, trace=300000, class=java.lang.String@500000bf)
	value		5000040b
ARR 5000040a (sz=10, trace=300000, nelems=5, elem type=char[])
ARR 5000040b (sz=2, trace=300000, nelems=1, elem type=char[])
OBJ 5000040c (sz=24, trace=300000, class=java.lang.String@500000bf)
	value		5000040e
ARR 5000040d (sz=10, trace=300000, nelems=5, elem type=char[])
ARR 5000040e (sz=4, trace=300000, nelems=2, elem type=char[])
OBJ 5000040f (sz=24, trace=300000, class=java.lang.String@500000bf)
	value		50000414
ARR 50000410 (sz=40, trace=300000, nelems=10, elem type=int[])
ARR 50000411 (sz=200, trace=300000, nelems=100, elem type=char[])
ARR 50000412 (sz=200, trace=300000, nelems=100, elem type=char[])
ARR 50000413 (sz=72, trace=300000, nelems=36, elem type=char[])
ARR 50000414 (sz=6, trace=300000, nelems=3, elem type=char[])
OBJ 50000415 (sz=24, trace=300000, class=java.lang.String@500000bf)
	value		50000418
OBJ 50000416 (sz=16, trace=300000, class=java.lang.Boolean@50000075)
OBJ 50000417 (sz=16, trace=300000, class=java.lang.Boolean@50000075)
ARR 50000418 (sz=14, trace=300000, nelems=7, elem type=char[])
OBJ 50000419 (sz=24, trace=300000, class=java.lang.String@500000bf)
	value		5000041c
OBJ 5000041a (sz=24, trace=300000, class=java.lang.String@500000bf)
	value		5000041b
ARR 5000041b (sz=52, trace=300000, nelems=26, elem type=char[])
ARR 5000041c (sz=42, trace=300000, nelems=21, elem type=char[])
ARR 5000041d (sz=16, trace=300000, nelems=8, elem type=char[])
ARR 5000041e (sz=28, trace=300000, nelems=14, elem type=char[])
ARR 5000041f (sz=18, trace=300000, nelems=9, elem type=char[])
ARR 50000420 (sz=28, trace=300000, nelems=14, elem type=char[])
ARR 50000421 (sz=2, trace=300000, nelems=1, elem type=char[])
ARR 50000422 (sz=0, trace=300000, nelems=0, elem type=char[])
ARR 50000423 (sz=2, trace=300000, nelems=1, elem type=char[])
ARR 50000424 (sz=2, trace=300000, nelems=1, elem type=char[])
OBJ 50000425 (sz=8, trace=300000, class=java.net.URLClassLoader$7@50000009)
OBJ 50000426 (sz=8, trace=300000, class=java.io.File$1@500000e2)
OBJ 50000427 (sz=8, trace=300000, class=java.io.Console$1@5000002c)
OBJ 50000428 (sz=8, trace=300000, class=java.lang.System$2@50000048)
OBJ 50000429 (sz=8, trace=300000, class=java.lang.Object@5000009b)
OBJ 5000042a (sz=8, trace=300000, class=java.util.Collections$ReverseComparator@5000012c)
OBJ 5000042b (sz=16, trace=300000, class=java.util.Collections$EmptyMap@50000080)
OBJ 5000042c (sz=16, trace=300000, class=java.util.Collections$EmptyList@5000007c)
OBJ 5000042d (sz=8, trace=300000, class=java.util.Collections$EmptySet@5000004e)
OBJ 5000042e (sz=24, trace=300000, class=java.lang.String@500000bf)
	value		50000435
OBJ 5000042f (sz=32, trace=300000, class=java.util.concurrent.atomic.AtomicReferenceFieldUpdater$AtomicReferenceFieldUpdaterImpl@50000011)
	tclass		500000a3
	vclass		50000136
ARR 50000430 (sz=16, trace=300000, nelems=0, elem type=java.lang.annotation.Annotation[]@5000004a)
OBJ 50000431 (sz=24, trace=300000, class=java.lang.String@500000bf)
	value		50000433
OBJ 50000432 (sz=24, trace=300000, class=java.lang.reflect.ReflectPermission@500000e5)
	name		50000431
	path		50000431
ARR 50000433 (sz=40, trace=300000, nelems=20, elem type=char[])
ARR 50000434 (sz=16, trace=300000, nelems=0, elem type=java.lang.annotation.Annotation[]@5000004a)
ARR 50000435 (sz=6, trace=300000, nelems=3, elem type=char[])
OBJ 50000436 (sz=24, trace=300000, class=java.io.OutputStreamWriter@5000012a)
	lock		500003b7
	se		5000043d
OBJ 50000437 (sz=40, trace=300000, class=java.io.BufferedWriter@5000005b)
	lock		50000436
	out		50000436
	cb		5000043c
	lineSeparator	5000043b
OBJ 50000438 (sz=24, trace=300000, class=java.io.BufferedOutputStream@50000061)
	out		5000043a
	buf		50000439
ARR 50000439 (sz=128, trace=300000, nelems=128, elem type=byte[])
OBJ 5000043a (sz=24, trace=300000, class=java.io.FileOutputStream@50000003)
	fd		500003bd
OBJ 5000043b (sz=24, trace=300000, class=java.lang.String@500000bf)
	value		500009a7
ARR 5000043c (sz=16384, trace=300000, nelems=8192, elem type=char[])
OBJ 5000043d (sz=48, trace=300000, class=sun.nio.cs.StreamEncoder@50000085)
	lock		50000436
	cs		50000440
	encoder		5000043f
	bb		5000043e
	out		500003b7
OBJ 5000043e (sz=48, trace=300000, class=java.nio.HeapByteBuffer@5000006e)
	hb		500009a6
OBJ 5000043f (sz=48, trace=300000, class=sun.nio.cs.US_ASCII$Encoder@5000011b)
	charset		50000440
	replacement	500009a4
	malformedInputAction	5000047b
	unmappableCharacterAction	5000047b
	cachedDecoder	500009a3
	sgp		500009a2
OBJ 50000440 (sz=24, trace=300000, class=sun.nio.cs.US_ASCII@5000010f)
	name		50000442
	aliases		50000441
ARR 50000441 (sz=72, trace=300000, nelems=14, elem type=java.lang.String[]@500000c0)
	[0]		50000444
	[1]		50000445
	[2]		50000446
	[3]		50000447
	[4]		50000448
	[5]		50000449
	[6]		5000044a
	[7]		5000044b
	[8]		5000044c
	[9]		5000044d
	[10]		5000044e
	[11]		5000044f
	[12]		50000450
	[13]		50000451
OBJ 50000442 (sz=24, trace=300000, class=java.lang.String@500000bf)
	value		50000443
ARR 50000443 (sz=16, trace=300000, nelems=8, elem type=char[])
OBJ 50000444 (sz=24, trace=300000, class=java.lang.String@500000bf)
	value		5000045f
OBJ 50000445 (sz=24, trace=300000, class=java.lang.String@500000bf)
	value		5000045e
OBJ 50000446 (sz=24, trace=300000, class=java.lang.String@500000bf)
	value		5000045d
OBJ 50000447 (sz=24, trace=300000, class=java.lang.String@500000bf)
	value		5000045c
OBJ 50000448 (sz=24, trace=300000, class=java.lang.String@500000bf)
	value		5000045b
OBJ 50000449 (sz=24, trace=300000, class=java.lang.String@500000bf)
	value		5000045a
OBJ 5000044a (sz=24, trace=300000, class=java.lang.String@500000bf)
	value		50000459
OBJ 5000044b (sz=24, trace=300000, class=java.lang.String@500000bf)
	value		50000458
OBJ 5000044c (sz=24, trace=300000, class=java.lang.String@500000bf)
	value		50000457
OBJ 5000044d (sz=24, trace=300000, class=java.lang.String@500000bf)
	value		50000456
OBJ 5000044e (sz=24, trace=300000, class=java.lang.String@500000bf)
	value		50000455
OBJ 5000044f (sz=24, trace=300000, class=java.lang.String@500000bf)
	value		50000454
OBJ 50000450 (sz=24, trace=300000, class=java.lang.String@500000bf)
	value		50000453
OBJ 50000451 (sz=24, trace=300000, class=java.lang.String@500000bf)
	value		50000452
ARR 50000452 (sz=12, trace=300000, nelems=6, elem type=char[])
ARR 50000453 (sz=28, trace=300000, nelems=14, elem type=char[])
ARR 50000454 (sz=32, trace=300000, nelems=16, elem type=char[])
ARR 50000455 (sz=6, trace=300000, nelems=3, elem type=char[])
ARR 50000456 (sz=14, trace=300000, nelems=7, elem type=char[])
ARR 50000457 (sz=14, trace=300000, nelems=7, elem type=char[])
ARR 50000458 (sz=10, trace=300000, nelems=5, elem type=char[])
ARR 50000459 (sz=12, trace=300000, nelems=6, elem type=char[])
ARR 5000045a (sz=4, trace=300000, nelems=2, elem type=char[])
ARR 5000045b (sz=18, trace=300000, nelems=9, elem type=char[])
ARR 5000045c (sz=10, trace=300000, nelems=5, elem type=char[])
ARR 5000045d (sz=32, trace=300000, nelems=16, elem type=char[])
ARR 5000045e (sz=28, trace=300000, nelems=14, elem type=char[])
ARR 5000045f (sz=16, trace=300000, nelems=8, elem type=char[])
OBJ 50000460 (sz=24, trace=300000, class=java.lang.String@500000bf)
	value		5000046a
OBJ 50000461 (sz=24, trace=300000, class=java.lang.String@500000bf)
	value		5000046b
OBJ 50000462 (sz=24, trace=300000, class=java.lang.String@500000bf)
	value		5000046c
OBJ 50000463 (sz=24, trace=300000, class=java.lang.String@500000bf)
	value		50000469
OBJ 50000464 (sz=16, trace=300000, class=java.nio.charset.CoderResult$2@500000a0)
OBJ 50000465 (sz=16, trace=300000, class=java.nio.charset.CoderResult$1@50000128)
OBJ 50000466 (sz=16, trace=300000, class=java.nio.charset.CoderResult@50000026)
OBJ 50000467 (sz=16, trace=300000, class=java.nio.charset.CoderResult@50000026)
ARR 50000468 (sz=32, trace=300000, nelems=4, elem type=java.lang.String[]@500000c0)
	[0]		50000462
	[1]		50000461
	[2]		50000460
	[3]		50000463
ARR 50000469 (sz=20, trace=300000, nelems=10, elem type=char[])
ARR 5000046a (sz=18, trace=300000, nelems=9, elem type=char[])
ARR 5000046b (sz=16, trace=300000, nelems=8, elem type=char[])
ARR 5000046c (sz=18, trace=300000, nelems=9, elem type=char[])
OBJ 5000046d (sz=24, trace=300000, class=java.lang.String@500000bf)
	value		500009a0
OBJ 5000046e (sz=24, trace=300000, class=java.lang.String@500000bf)
	value		50000475
OBJ 5000046f (sz=24, trace=300000, class=java.lang.String@500000bf)
	value		50000474
OBJ 50000470 (sz=24, trace=300000, class=java.lang.String@500000bf)
	value		50000473
OBJ 50000471 (sz=24, trace=300000, class=java.lang.String@500000bf)
	value		50000476
ARR 50000472 (sz=32, trace=300000, nelems=4, elem type=java.lang.String[]@500000c0)
	[0]		50000471
	[1]		5000046e
	[2]		5000046f
	[3]		50000470
ARR 50000473 (sz=14, trace=300000, nelems=7, elem type=char[])
ARR 50000474 (sz=20, trace=300000, nelems=10, elem type=char[])
ARR 50000475 (sz=12, trace=300000, nelems=6, elem type=char[])
ARR 50000476 (sz=10, trace=300000, nelems=5, elem type=char[])
OBJ 50000477 (sz=24, trace=300000, class=java.lang.String@500000bf)
	value		5000047d
OBJ 50000478 (sz=24, trace=300000, class=java.lang.String@500000bf)
	value		5000047e
OBJ 50000479 (sz=24, trace=300000, class=java.lang.String@500000bf)
	value		5000047f
OBJ 5000047a (sz=16, trace=300000, class=java.nio.charset.CodingErrorAction@50000076)
	name		50000479
OBJ 5000047b (sz=16, trace=300000, class=java.nio.charset.CodingErrorAction@50000076)
	name		50000478
OBJ 5000047c (sz=16, trace=300000, class=java.nio.charset.CodingErrorAction@50000076)
	name		50000477
ARR 5000047d (sz=12, trace=300000, nelems=6, elem type=char[])
ARR 5000047e (sz=14, trace=300000, nelems=7, elem type=char[])
ARR 5000047f (sz=12, trace=300000, nelems=6, elem type=char[])
OBJ 50000480 (sz=24, trace=300000, class=java.lang.String@500000bf)
	value		500009a1
ARR 50000481 (sz=32, trace=300000, nelems=4, elem type=java.lang.String[]@500000c0)
	[0]		50000471
	[1]		5000046e
	[2]		5000046f
	[3]		50000470
OBJ 50000482 (sz=24, trace=300000, class=java.lang.String@500000bf)
	value		5000099f
OBJ 50000483 (sz=24, trace=300000, class=java.lang.String@500000bf)
	value		5000099e
OBJ 50000484 (sz=8, trace=300000, class=java.lang.Object@5000009b)
OBJ 50000485 (sz=16, trace=300000, class=java.lang.ThreadLocal@500000e3)
ARR 50000486 (sz=24, trace=300000, nelems=2, elem type=java.lang.Object[]@5000009c)
	[0]		50000442
	[1]		50000440
ARR 50000487 (sz=24, trace=300000, nelems=2, elem type=java.lang.Object[]@5000009c)
	[0]		50000320
	[1]		50000440
OBJ 50000488 (sz=24, trace=300000, class=sun.nio.cs.StandardCharsets@500000b6)
	classMap	5000048c
	aliasMap	5000048b
	cache		5000048a
	packagePrefix	50000489
OBJ 50000489 (sz=24, trace=300000, class=java.lang.String@500000bf)
	value		500007c4
OBJ 5000048a (sz=40, trace=300000, class=sun.nio.cs.StandardCharsets$Cache@50000064)
	ht		5000079d
OBJ 5000048b (sz=40, trace=300000, class=sun.nio.cs.StandardCharsets$Aliases@50000039)
	ht		5000054c
OBJ 5000048c (sz=40, trace=300000, class=sun.nio.cs.StandardCharsets$Classes@500000f6)
	ht		5000048d
ARR 5000048d (sz=144, trace=300000, nelems=32, elem type=java.lang.Object[]@5000009c)
	[0]		5000048e
	[2]		5000048f
	[3]		50000490
	[4]		50000491
	[5]		50000492
	[6]		50000493
	[7]		50000494
	[8]		50000495
	[9]		50000496
	[10]		50000497
	[11]		50000498
	[12]		50000499
	[14]		5000049a
	[15]		5000049b
	[16]		5000049c
	[17]		5000049d
	[18]		5000049e
	[19]		5000049f
	[22]		500004a0
	[24]		500004a1
	[28]		500004a2
	[29]		500004a3
	[31]		500004a4
ARR 5000048e (sz=24, trace=300000, nelems=2, elem type=java.lang.Object[]@5000009c)
	[0]		50000548
	[1]		50000549
ARR 5000048f (sz=24, trace=300000, nelems=3, elem type=java.lang.Object[]@5000009c)
	[0]		5000053a
	[1]		5000053b
	[2]		5000053c
ARR 50000490 (sz=24, trace=300000, nelems=3, elem type=java.lang.Object[]@5000009c)
	[0]		50000531
	[1]		50000532
	[2]		50000533
ARR 50000491 (sz=24, trace=300000, nelems=3, elem type=java.lang.Object[]@5000009c)
	[0]		50000523
	[1]		50000524
	[2]		50000525
ARR 50000492 (sz=24, trace=300000, nelems=3, elem type=java.lang.Object[]@5000009c)
	[0]		5000051a
	[1]		5000051b
	[2]		5000051c
ARR 50000493 (sz=24, trace=300000, nelems=2, elem type=java.lang.Object[]@5000009c)
	[0]		50000516
	[1]		50000517
ARR 50000494 (sz=24, trace=300000, nelems=2, elem type=java.lang.Object[]@5000009c)
	[0]		50000512
	[1]		50000513
ARR 50000495 (sz=24, trace=300000, nelems=3, elem type=java.lang.Object[]@5000009c)
	[0]		50000509
	[1]		5000050a
	[2]		5000050b
ARR 50000496 (sz=24, trace=300000, nelems=3, elem type=java.lang.Object[]@5000009c)
	[0]		50000500
	[1]		50000501
	[2]		50000502
ARR 50000497 (sz=24, trace=300000, nelems=2, elem type=java.lang.Object[]@5000009c)
	[0]		500004fc
	[1]		500004fd
ARR 50000498 (sz=24, trace=300000, nelems=3, elem type=java.lang.Object[]@5000009c)
	[0]		500004f3
	[1]		500004f4
	[2]		500004f5
ARR 50000499 (sz=24, trace=300000, nelems=2, elem type=java.lang.Object[]@5000009c)
	[0]		500004ef
	[1]		500004f0
ARR 5000049a (sz=24, trace=300000, nelems=2, elem type=java.lang.Object[]@5000009c)
	[0]		500004eb
	[1]		500004ec
ARR 5000049b (sz=24, trace=300000, nelems=2, elem type=java.lang.Object[]@5000009c)
	[0]		500004e7
	[1]		500004e8
ARR 5000049c (sz=24, trace=300000, nelems=3, elem type=java.lang.Object[]@5000009c)
	[0]		500004de
	[1]		500004df
	[2]		500004e0
ARR 5000049d (sz=24, trace=300000, nelems=3, elem type=java.lang.Object[]@5000009c)
	[0]		500004d5
	[1]		500004d6
	[2]		500004d7
ARR 5000049e (sz=24, trace=300000, nelems=3, elem type=java.lang.Object[]@5000009c)
	[0]		500004c7
	[1]		500004c8
	[2]		500004c9
ARR 5000049f (sz=24, trace=300000, nelems=3, elem type=java.lang.Object[]@5000009c)
	[0]		500004b9
	[1]		500004ba
	[2]		500004bb
ARR 500004a0 (sz=24, trace=300000, nelems=2, elem type=java.lang.Object[]@5000009c)
	[0]		500004b5
	[1]		500004b6
ARR 500004a1 (sz=24, trace=300000, nelems=2, elem type=java.lang.Object[]@5000009c)
	[0]		500004b1
	[1]		500004b2
ARR 500004a2 (sz=24, trace=300000, nelems=2, elem type=java.lang.Object[]@5000009c)
	[0]		500004ad
	[1]		500004ae
ARR 500004a3 (sz=24, trace=300000, nelems=2, elem type=java.lang.Object[]@5000009c)
	[0]		500004a9
	[1]		500004aa
ARR 500004a4 (sz=24, trace=300000, nelems=2, elem type=java.lang.Object[]@5000009c)
	[0]		500004a5
	[1]		500004a6
OBJ 500004a5 (sz=24, trace=300000, class=java.lang.String@500000bf)
	value		500004a8
OBJ 500004a6 (sz=24, trace=300000, class=java.lang.String@500000bf)
	value		500004a7
ARR 500004a7 (sz=16, trace=300000, nelems=8, elem type=char[])
ARR 500004a8 (sz=16, trace=300000, nelems=8, elem type=char[])
OBJ 500004a9 (sz=24, trace=300000, class=java.lang.String@500000bf)
	value		500004ac
OBJ 500004aa (sz=24, trace=300000, class=java.lang.String@500000bf)
	value		500004ab
ARR 500004ab (sz=12, trace=300000, nelems=6, elem type=char[])
ARR 500004ac (sz=12, trace=300000, nelems=6, elem type=char[])
OBJ 500004ad (sz=24, trace=300000, class=java.lang.String@500000bf)
	value		500004b0
OBJ 500004ae (sz=24, trace=300000, class=java.lang.String@500000bf)
	value		500004af
ARR 500004af (sz=12, trace=300000, nelems=6, elem type=char[])
ARR 500004b0 (sz=12, trace=300000, nelems=6, elem type=char[])
OBJ 500004b1 (sz=24, trace=300000, class=java.lang.String@500000bf)
	value		500004b4
OBJ 500004b2 (sz=24, trace=300000, class=java.lang.String@500000bf)
	value		500004b3
ARR 500004b3 (sz=24, trace=300000, nelems=12, elem type=char[])
ARR 500004b4 (sz=28, trace=300000, nelems=14, elem type=char[])
OBJ 500004b5 (sz=24, trace=300000, class=java.lang.String@500000bf)
	value		500004b8
OBJ 500004b6 (sz=24, trace=300000, class=java.lang.String@500000bf)
	value		500004b7
ARR 500004b7 (sz=24, trace=300000, nelems=12, elem type=char[])
ARR 500004b8 (sz=28, trace=300000, nelems=14, elem type=char[])
OBJ 500004b9 (sz=24, trace=300000, class=java.lang.String@500000bf)
	value		500004c6
OBJ 500004ba (sz=24, trace=300000, class=java.lang.String@500000bf)
	value		500004c5
ARR 500004bb (sz=24, trace=300000, nelems=3, elem type=java.lang.Object[]@5000009c)
	[0]		500004bc
	[1]		500004bd
	[2]		500004be
OBJ 500004bc (sz=24, trace=300000, class=java.lang.String@500000bf)
	value		500004c4
OBJ 500004bd (sz=24, trace=300000, class=java.lang.String@500000bf)
	value		500004c3
ARR 500004be (sz=24, trace=300000, nelems=2, elem type=java.lang.Object[]@5000009c)
	[0]		500004bf
	[1]		500004c0
OBJ 500004bf (sz=24, trace=300000, class=java.lang.String@500000bf)
	value		500004c2
OBJ 500004c0 (sz=24, trace=300000, class=java.lang.String@500000bf)
	value		500004c1
ARR 500004c1 (sz=24, trace=300000, nelems=12, elem type=char[])
ARR 500004c2 (sz=28, trace=300000, nelems=14, elem type=char[])
ARR 500004c3 (sz=12, trace=300000, nelems=6, elem type=char[])
ARR 500004c4 (sz=12, trace=300000, nelems=6, elem type=char[])
ARR 500004c5 (sz=12, trace=300000, nelems=6, elem type=char[])
ARR 500004c6 (sz=16, trace=300000, nelems=8, elem type=char[])
OBJ 500004c7 (sz=24, trace=300000, class=java.lang.String@500000bf)
	value		500004d4
OBJ 500004c8 (sz=24, trace=300000, class=java.lang.String@500000bf)
	value		500004d3
ARR 500004c9 (sz=24, trace=300000, nelems=3, elem type=java.lang.Object[]@5000009c)
	[0]		500004ca
	[1]		500004cb
	[2]		500004cc
OBJ 500004ca (sz=24, trace=300000, class=java.lang.String@500000bf)
	value		500004d2
OBJ 500004cb (sz=24, trace=300000, class=java.lang.String@500000bf)
	value		500004d1
ARR 500004cc (sz=24, trace=300000, nelems=2, elem type=java.lang.Object[]@5000009c)
	[0]		500004cd
	[1]		500004ce
OBJ 500004cd (sz=24, trace=300000, class=java.lang.String@500000bf)
	value		500004d0
OBJ 500004ce (sz=24, trace=300000, class=java.lang.String@500000bf)
	value		500004cf
ARR 500004cf (sz=22, trace=300000, nelems=11, elem type=char[])
ARR 500004d0 (sz=22, trace=300000, nelems=11, elem type=char[])
ARR 500004d1 (sz=12, trace=300000, nelems=6, elem type=char[])
ARR 500004d2 (sz=12, trace=300000, nelems=6, elem type=char[])
ARR 500004d3 (sz=12, trace=300000, nelems=6, elem type=char[])
ARR 500004d4 (sz=12, trace=300000, nelems=6, elem type=char[])
OBJ 500004d5 (sz=24, trace=300000, class=java.lang.String@500000bf)
	value		500004dd
OBJ 500004d6 (sz=24, trace=300000, class=java.lang.String@500000bf)
	value		500004dc
ARR 500004d7 (sz=24, trace=300000, nelems=2, elem type=java.lang.Object[]@5000009c)
	[0]		500004d8
	[1]		500004d9
OBJ 500004d8 (sz=24, trace=300000, class=java.lang.String@500000bf)
	value		500004db
OBJ 500004d9 (sz=24, trace=300000, class=java.lang.String@500000bf)
	value		500004da
ARR 500004da (sz=16, trace=300000, nelems=8, elem type=char[])
ARR 500004db (sz=16, trace=300000, nelems=8, elem type=char[])
ARR 500004dc (sz=22, trace=300000, nelems=11, elem type=char[])
ARR 500004dd (sz=22, trace=300000, nelems=11, elem type=char[])
OBJ 500004de (sz=24, trace=300000, class=java.lang.String@500000bf)
	value		500004e6
OBJ 500004df (sz=24, trace=300000, class=java.lang.String@500000bf)
	value		500004e5
ARR 500004e0 (sz=24, trace=300000, nelems=2, elem type=java.lang.Object[]@5000009c)
	[0]		500004e1
	[1]		500004e2
OBJ 500004e1 (sz=24, trace=300000, class=java.lang.String@500000bf)
	value		500004e4
OBJ 500004e2 (sz=24, trace=300000, class=java.lang.String@500000bf)
	value		500004e3
ARR 500004e3 (sz=12, trace=300000, nelems=6, elem type=char[])
ARR 500004e4 (sz=12, trace=300000, nelems=6, elem type=char[])
ARR 500004e5 (sz=12, trace=300000, nelems=6, elem type=char[])
ARR 500004e6 (sz=12, trace=300000, nelems=6, elem type=char[])
OBJ 500004e7 (sz=24, trace=300000, class=java.lang.String@500000bf)
	value		500004ea
OBJ 500004e8 (sz=24, trace=300000, class=java.lang.String@500000bf)
	value		500004e9
ARR 500004e9 (sz=12, trace=300000, nelems=6, elem type=char[])
ARR 500004ea (sz=12, trace=300000, nelems=6, elem type=char[])
OBJ 500004eb (sz=24, trace=300000, class=java.lang.String@500000bf)
	value		500004ee
OBJ 500004ec (sz=24, trace=300000, class=java.lang.String@500000bf)
	value		500004ed
ARR 500004ed (sz=12, trace=300000, nelems=6, elem type=char[])
ARR 500004ee (sz=16, trace=300000, nelems=8, elem type=char[])
OBJ 500004ef (sz=24, trace=300000, class=java.lang.String@500000bf)
	value		500004f2
OBJ 500004f0 (sz=24, trace=300000, class=java.lang.String@500000bf)
	value		500004f1
ARR 500004f1 (sz=20, trace=300000, nelems=10, elem type=char[])
ARR 500004f2 (sz=20, trace=300000, nelems=10, elem type=char[])
OBJ 500004f3 (sz=24, trace=300000, class=java.lang.String@500000bf)
	value		500004fb
OBJ 500004f4 (sz=24, trace=300000, class=java.lang.String@500000bf)
	value		500004fa
ARR 500004f5 (sz=24, trace=300000, nelems=2, elem type=java.lang.Object[]@5000009c)
	[0]		500004f6
	[1]		500004f7
OBJ 500004f6 (sz=24, trace=300000, class=java.lang.String@500000bf)
	value		500004f9
OBJ 500004f7 (sz=24, trace=300000, class=java.lang.String@500000bf)
	value		500004f8
ARR 500004f8 (sz=20, trace=300000, nelems=10, elem type=char[])
ARR 500004f9 (sz=20, trace=300000, nelems=10, elem type=char[])
ARR 500004fa (sz=12, trace=300000, nelems=6, elem type=char[])
ARR 500004fb (sz=16, trace=300000, nelems=8, elem type=char[])
OBJ 500004fc (sz=24, trace=300000, class=java.lang.String@500000bf)
	value		500004ff
OBJ 500004fd (sz=24, trace=300000, class=java.lang.String@500000bf)
	value		500004fe
ARR 500004fe (sz=20, trace=300000, nelems=10, elem type=char[])
ARR 500004ff (sz=20, trace=300000, nelems=10, elem type=char[])
OBJ 50000500 (sz=24, trace=300000, class=java.lang.String@500000bf)
	value		50000508
OBJ 50000501 (sz=24, trace=300000, class=java.lang.String@500000bf)
	value		50000507
ARR 50000502 (sz=24, trace=300000, nelems=2, elem type=java.lang.Object[]@5000009c)
	[0]		50000503
	[1]		50000504
OBJ 50000503 (sz=24, trace=300000, class=java.lang.String@500000bf)
	value		50000506
OBJ 50000504 (sz=24, trace=300000, class=java.lang.String@500000bf)
	value		50000505
ARR 50000505 (sz=10, trace=300000, nelems=5, elem type=char[])
ARR 50000506 (sz=10, trace=300000, nelems=5, elem type=char[])
ARR 50000507 (sz=20, trace=300000, nelems=10, elem type=char[])
ARR 50000508 (sz=20, trace=300000, nelems=10, elem type=char[])
OBJ 50000509 (sz=24, trace=300000, class=java.lang.String@500000bf)
	value		50000511
OBJ 5000050a (sz=24, trace=300000, class=java.lang.String@500000bf)
	value		50000510
ARR 5000050b (sz=24, trace=300000, nelems=2, elem type=java.lang.Object[]@5000009c)
	[0]		5000050c
	[1]		5000050d
OBJ 5000050c (sz=24, trace=300000, class=java.lang.String@500000bf)
	value		5000050f
OBJ 5000050d (sz=24, trace=300000, class=java.lang.String@500000bf)
	value		5000050e
ARR 5000050e (sz=20, trace=300000, nelems=10, elem type=char[])
ARR 5000050f (sz=20, trace=300000, nelems=10, elem type=char[])
ARR 50000510 (sz=20, trace=300000, nelems=10, elem type=char[])
ARR 50000511 (sz=20, trace=300000, nelems=10, elem type=char[])
OBJ 50000512 (sz=24, trace=300000, class=java.lang.String@500000bf)
	value		50000515
OBJ 50000513 (sz=24, trace=300000, class=java.lang.String@500000bf)
	value		50000514
ARR 50000514 (sz=16, trace=300000, nelems=8, elem type=char[])
ARR 50000515 (sz=16, trace=300000, nelems=8, elem type=char[])
OBJ 50000516 (sz=24, trace=300000, class=java.lang.String@500000bf)
	value		50000519
OBJ 50000517 (sz=24, trace=300000, class=java.lang.String@500000bf)
	value		50000518
ARR 50000518 (sz=12, trace=300000, nelems=6, elem type=char[])
ARR 50000519 (sz=24, trace=300000, nelems=12, elem type=char[])
OBJ 5000051a (sz=24, trace=300000, class=java.lang.String@500000bf)
	value		50000522
OBJ 5000051b (sz=24, trace=300000, class=java.lang.String@500000bf)
	value		50000521
ARR 5000051c (sz=24, trace=300000, nelems=2, elem type=java.lang.Object[]@5000009c)
	[0]		5000051d
	[1]		5000051e
OBJ 5000051d (sz=24, trace=300000, class=java.lang.String@500000bf)
	value		50000520
OBJ 5000051e (sz=24, trace=300000, class=java.lang.String@500000bf)
	value		5000051f
ARR 5000051f (sz=12, trace=300000, nelems=6, elem type=char[])
ARR 50000520 (sz=12, trace=300000, nelems=6, elem type=char[])
ARR 50000521 (sz=12, trace=300000, nelems=6, elem type=char[])
ARR 50000522 (sz=24, trace=300000, nelems=12, elem type=char[])
OBJ 50000523 (sz=24, trace=300000, class=java.lang.String@500000bf)
	value		50000530
OBJ 50000524 (sz=24, trace=300000, class=java.lang.String@500000bf)
	value		5000052f
ARR 50000525 (sz=24, trace=300000, nelems=3, elem type=java.lang.Object[]@5000009c)
	[0]		50000526
	[1]		50000527
	[2]		50000528
OBJ 50000526 (sz=24, trace=300000, class=java.lang.String@500000bf)
	value		5000052e
OBJ 50000527 (sz=24, trace=300000, class=java.lang.String@500000bf)
	value		5000052d
ARR 50000528 (sz=24, trace=300000, nelems=2, elem type=java.lang.Object[]@5000009c)
	[0]		50000529
	[1]		5000052a
OBJ 50000529 (sz=24, trace=300000, class=java.lang.String@500000bf)
	value		5000052c
OBJ 5000052a (sz=24, trace=300000, class=java.lang.String@500000bf)
	value		5000052b
ARR 5000052b (sz=16, trace=300000, nelems=8, elem type=char[])
ARR 5000052c (sz=16, trace=300000, nelems=8, elem type=char[])
ARR 5000052d (sz=12, trace=300000, nelems=6, elem type=char[])
ARR 5000052e (sz=24, trace=300000, nelems=12, elem type=char[])
ARR 5000052f (sz=12, trace=300000, nelems=6, elem type=char[])
ARR 50000530 (sz=24, trace=300000, nelems=12, elem type=char[])
OBJ 50000531 (sz=24, trace=300000, class=java.lang.String@500000bf)
	value		50000539
OBJ 50000532 (sz=24, trace=300000, class=java.lang.String@500000bf)
	value		50000538
ARR 50000533 (sz=24, trace=300000, nelems=2, elem type=java.lang.Object[]@5000009c)
	[0]		50000534
	[1]		50000535
OBJ 50000534 (sz=24, trace=300000, class=java.lang.String@500000bf)
	value		50000537
OBJ 50000535 (sz=24, trace=300000, class=java.lang.String@500000bf)
	value		50000536
ARR 50000536 (sz=12, trace=300000, nelems=6, elem type=char[])
ARR 50000537 (sz=24, trace=300000, nelems=12, elem type=char[])
ARR 50000538 (sz=12, trace=300000, nelems=6, elem type=char[])
ARR 50000539 (sz=24, trace=300000, nelems=12, elem type=char[])
OBJ 5000053a (sz=24, trace=300000, class=java.lang.String@500000bf)
	value		50000547
OBJ 5000053b (sz=24, trace=300000, class=java.lang.String@500000bf)
	value		50000546
ARR 5000053c (sz=24, trace=300000, nelems=3, elem type=java.lang.Object[]@5000009c)
	[0]		5000053d
	[1]		5000053e
	[2]		5000053f
OBJ 5000053d (sz=24, trace=300000, class=java.lang.String@500000bf)
	value		50000545
OBJ 5000053e (sz=24, trace=300000, class=java.lang.String@500000bf)
	value		50000544
ARR 5000053f (sz=24, trace=300000, nelems=2, elem type=java.lang.Object[]@5000009c)
	[0]		50000540
	[1]		50000541
OBJ 50000540 (sz=24, trace=300000, class=java.lang.String@500000bf)
	value		50000543
OBJ 50000541 (sz=24, trace=300000, class=java.lang.String@500000bf)
	value		50000542
ARR 50000542 (sz=16, trace=300000, nelems=8, elem type=char[])
ARR 50000543 (sz=16, trace=300000, nelems=8, elem type=char[])
ARR 50000544 (sz=12, trace=300000, nelems=6, elem type=char[])
ARR 50000545 (sz=12, trace=300000, nelems=6, elem type=char[])
ARR 50000546 (sz=12, trace=300000, nelems=6, elem type=char[])
ARR 50000547 (sz=12, trace=300000, nelems=6, elem type=char[])
OBJ 50000548 (sz=24, trace=300000, class=java.lang.String@500000bf)
	value		5000054b
OBJ 50000549 (sz=24, trace=300000, class=java.lang.String@500000bf)
	value		5000054a
ARR 5000054a (sz=12, trace=300000, nelems=6, elem type=char[])
ARR 5000054b (sz=12, trace=300000, nelems=6, elem type=char[])
ARR 5000054c (sz=4112, trace=300000, nelems=1016, elem type=java.lang.Object[]@5000009c)
	[1]		5000054d
	[2]		5000054e
	[3]		5000054f
	[5]		50000550
	[6]		50000551
	[10]		50000552
	[19]		50000553
	[24]		50000554
	[25]		50000555
	[26]		50000556
	[28]		50000557
	[29]		50000558
	[55]		50000559
	[58]		5000055a
	[86]		5000055b
	[87]		5000055c
	[89]		5000055d
	[90]		5000055e
	[92]		5000055f
	[94]		50000560
	[95]		50000561
	[96]		50000562
	[106]		50000563
	[121]		50000564
	[125]		50000565
	[134]		50000566
	[137]		50000567
	[141]		50000568
	[143]		50000569
	[144]		5000056a
	[170]		5000056b
	[173]		5000056c
	[177]		5000056d
	[192]		5000056e
	[199]		5000056f
	[205]		50000570
	[211]		50000571
	[213]		50000572
	[216]		50000573
	[218]		50000574
	[219]		50000575
	[225]		50000576
	[244]		50000577
	[248]		50000578
	[253]		50000579
	[254]		5000057a
	[259]		5000057b
	[269]		5000057c
	[277]		5000057d
	[280]		5000057e
	[283]		5000057f
	[284]		50000580
	[286]		50000581
	[287]		50000582
	[289]		50000583
	[291]		50000584
	[294]		50000585
	[296]		50000586
	[297]		50000587
	[305]		50000588
	[307]		50000589
	[312]		5000058a
	[321]		5000058b
	[323]		5000058c
	[324]		5000058d
	[325]		5000058e
	[326]		5000058f
	[327]		50000590
	[328]		50000591
	[329]		50000592
	[331]		50000593
	[333]		50000594
	[334]		50000595
	[336]		50000596
	[339]		50000597
	[341]		50000598
	[345]		50000599
	[350]		5000059a
	[353]		5000059b
	[358]		5000059c
	[359]		5000059d
	[363]		5000059e
	[364]		5000059f
	[378]		500005a0
	[385]		500005a1
	[391]		500005a2
	[392]		500005a3
	[405]		500005a4
	[406]		500005a5
	[408]		500005a6
	[421]		500005a7
	[428]		500005a8
	[429]		500005a9
	[430]		500005aa
	[432]		500005ab
	[433]		500005ac
	[436]		500005ad
	[437]		500005ae
	[438]		500005af
	[443]		500005b0
	[456]		500005b1
	[473]		500005b2
	[479]		500005b3
	[481]		500005b4
	[484]		500005b5
	[486]		500005b6
	[487]		500005b7
	[502]		500005b8
	[506]		500005b9
	[508]		500005ba
	[511]		500005bb
	[512]		500005bc
	[513]		500005bd
	[514]		500005be
	[516]		500005bf
	[520]		500005c0
	[523]		500005c1
	[524]		500005c2
	[533]		500005c3
	[537]		500005c4
	[539]		500005c5
	[543]		500005c6
	[545]		500005c7
	[563]		500005c8
	[572]		500005c9
	[573]		500005ca
	[577]		500005cb
	[582]		500005cc
	[588]		500005cd
	[593]		500005ce
	[598]		500005cf
	[609]		500005d0
	[617]		500005d1
	[618]		500005d2
	[619]		500005d3
	[620]		500005d4
	[621]		500005d5
	[624]		500005d6
	[628]		500005d7
	[632]		500005d8
	[634]		500005d9
	[635]		500005da
	[636]		500005db
	[654]		500005dc
	[669]		500005dd
	[670]		500005de
	[671]		500005df
	[676]		500005e0
	[679]		500005e1
	[686]		500005e2
	[703]		500005e3
	[710]		500005e4
	[712]		500005e5
	[732]		500005e6
	[733]		500005e7
	[768]		500005e8
	[774]		500005e9
	[781]		500005ea
	[782]		500005eb
	[783]		500005ec
	[784]		500005ed
	[785]		500005ee
	[787]		500005ef
	[789]		500005f0
	[813]		500005f1
	[818]		500005f2
	[832]		500005f3
	[834]		500005f4
	[835]		500005f5
	[836]		500005f6
	[837]		500005f7
	[838]		500005f8
	[840]		500005f9
	[842]		500005fa
	[843]		500005fb
	[846]		500005fc
	[849]		500005fd
	[881]		500005fe
	[896]		500005ff
	[909]		50000600
	[910]		50000601
	[911]		50000602
	[912]		50000603
	[925]		50000604
	[934]		50000605
	[937]		50000606
	[944]		50000607
	[957]		50000608
	[993]		50000609
	[1009]		5000060a
	[1015]		5000060b
ARR 5000054d (sz=24, trace=300000, nelems=2, elem type=java.lang.Object[]@5000009c)
	[0]		5000079b
	[1]		500004cd
ARR 5000054e (sz=24, trace=300000, nelems=2, elem type=java.lang.Object[]@5000009c)
	[0]		50000799
	[1]		5000050c
ARR 5000054f (sz=24, trace=300000, nelems=2, elem type=java.lang.Object[]@5000009c)
	[0]		50000797
	[1]		50000509
ARR 50000550 (sz=24, trace=300000, nelems=2, elem type=java.lang.Object[]@5000009c)
	[0]		50000795
	[1]		50000500
ARR 50000551 (sz=24, trace=300000, nelems=2, elem type=java.lang.Object[]@5000009c)
	[0]		50000793
	[1]		500004ef
ARR 50000552 (sz=24, trace=300000, nelems=2, elem type=java.lang.Object[]@5000009c)
	[0]		50000791
	[1]		500004cd
ARR 50000553 (sz=24, trace=300000, nelems=2, elem type=java.lang.Object[]@5000009c)
	[0]		5000078f
	[1]		500004b5
ARR 50000554 (sz=24, trace=300000, nelems=2, elem type=java.lang.Object[]@5000009c)
	[0]		5000078d
	[1]		500004d8
ARR 50000555 (sz=24, trace=300000, nelems=2, elem type=java.lang.Object[]@5000009c)
	[0]		5000078b
	[1]		500004f6
ARR 50000556 (sz=24, trace=300000, nelems=2, elem type=java.lang.Object[]@5000009c)
	[0]		50000789
	[1]		50000509
ARR 50000557 (sz=24, trace=300000, nelems=2, elem type=java.lang.Object[]@5000009c)
	[0]		50000787
	[1]		50000500
ARR 50000558 (sz=24, trace=300000, nelems=2, elem type=java.lang.Object[]@5000009c)
	[0]		50000785
	[1]		500004fc
ARR 50000559 (sz=24, trace=300000, nelems=2, elem type=java.lang.Object[]@5000009c)
	[0]		50000783
	[1]		500004ef
ARR 5000055a (sz=24, trace=300000, nelems=2, elem type=java.lang.Object[]@5000009c)
	[0]		50000781
	[1]		500004cd
ARR 5000055b (sz=24, trace=300000, nelems=3, elem type=java.lang.Object[]@5000009c)
	[0]		5000077c
	[1]		500004fc
	[2]		5000077d
ARR 5000055c (sz=24, trace=300000, nelems=2, elem type=java.lang.Object[]@5000009c)
	[0]		5000077a
	[1]		50000509
ARR 5000055d (sz=24, trace=300000, nelems=2, elem type=java.lang.Object[]@5000009c)
	[0]		50000778
	[1]		50000500
ARR 5000055e (sz=24, trace=300000, nelems=3, elem type=java.lang.Object[]@5000009c)
	[0]		50000773
	[1]		500004f6
	[2]		50000774
ARR 5000055f (sz=24, trace=300000, nelems=2, elem type=java.lang.Object[]@5000009c)
	[0]		50000771
	[1]		500004f6
ARR 50000560 (sz=24, trace=300000, nelems=2, elem type=java.lang.Object[]@5000009c)
	[0]		5000076f
	[1]		500004ef
ARR 50000561 (sz=24, trace=300000, nelems=2, elem type=java.lang.Object[]@5000009c)
	[0]		5000076d
	[1]		5000050c
ARR 50000562 (sz=24, trace=300000, nelems=2, elem type=java.lang.Object[]@5000009c)
	[0]		5000076b
	[1]		5000050c
ARR 50000563 (sz=24, trace=300000, nelems=2, elem type=java.lang.Object[]@5000009c)
	[0]		50000769
	[1]		50000503
ARR 50000564 (sz=24, trace=300000, nelems=2, elem type=java.lang.Object[]@5000009c)
	[0]		50000767
	[1]		50000540
ARR 50000565 (sz=24, trace=300000, nelems=2, elem type=java.lang.Object[]@5000009c)
	[0]		50000765
	[1]		500004f6
ARR 50000566 (sz=24, trace=300000, nelems=2, elem type=java.lang.Object[]@5000009c)
	[0]		50000763
	[1]		500004ad
ARR 50000567 (sz=24, trace=300000, nelems=2, elem type=java.lang.Object[]@5000009c)
	[0]		50000761
	[1]		500004a9
ARR 50000568 (sz=24, trace=300000, nelems=2, elem type=java.lang.Object[]@5000009c)
	[0]		5000075f
	[1]		50000509
ARR 50000569 (sz=24, trace=300000, nelems=2, elem type=java.lang.Object[]@5000009c)
	[0]		5000075d
	[1]		50000500
ARR 5000056a (sz=24, trace=300000, nelems=2, elem type=java.lang.Object[]@5000009c)
	[0]		5000075b
	[1]		500004fc
ARR 5000056b (sz=24, trace=300000, nelems=2, elem type=java.lang.Object[]@5000009c)
	[0]		50000759
	[1]		500004ef
ARR 5000056c (sz=24, trace=300000, nelems=2, elem type=java.lang.Object[]@5000009c)
	[0]		50000757
	[1]		500004cd
ARR 5000056d (sz=24, trace=300000, nelems=2, elem type=java.lang.Object[]@5000009c)
	[0]		50000755
	[1]		500004bf
ARR 5000056e (sz=24, trace=300000, nelems=2, elem type=java.lang.Object[]@5000009c)
	[0]		50000753
	[1]		50000512
ARR 5000056f (sz=24, trace=300000, nelems=3, elem type=java.lang.Object[]@5000009c)
	[0]		5000074e
	[1]		500004ca
	[2]		5000074f
ARR 50000570 (sz=24, trace=300000, nelems=2, elem type=java.lang.Object[]@5000009c)
	[0]		5000074c
	[1]		500004f6
ARR 50000571 (sz=24, trace=300000, nelems=3, elem type=java.lang.Object[]@5000009c)
	[0]		50000747
	[1]		500004e7
	[2]		50000748
ARR 50000572 (sz=24, trace=300000, nelems=2, elem type=java.lang.Object[]@5000009c)
	[0]		50000745
	[1]		500004de
ARR 50000573 (sz=24, trace=300000, nelems=2, elem type=java.lang.Object[]@5000009c)
	[0]		50000743
	[1]		500004c7
ARR 50000574 (sz=24, trace=300000, nelems=3, elem type=java.lang.Object[]@5000009c)
	[0]		50000740
	[1]		500004bc
	[2]		50000741
ARR 50000575 (sz=24, trace=300000, nelems=3, elem type=java.lang.Object[]@5000009c)
	[0]		5000073b
	[1]		500004b9
	[2]		5000073c
ARR 50000576 (sz=24, trace=300000, nelems=2, elem type=java.lang.Object[]@5000009c)
	[0]		50000739
	[1]		500004d8
ARR 50000577 (sz=24, trace=300000, nelems=2, elem type=java.lang.Object[]@5000009c)
	[0]		50000737
	[1]		50000548
ARR 50000578 (sz=24, trace=300000, nelems=2, elem type=java.lang.Object[]@5000009c)
	[0]		50000735
	[1]		5000053a
ARR 50000579 (sz=24, trace=300000, nelems=2, elem type=java.lang.Object[]@5000009c)
	[0]		50000733
	[1]		50000529
ARR 5000057a (sz=24, trace=300000, nelems=2, elem type=java.lang.Object[]@5000009c)
	[0]		50000731
	[1]		50000509
ARR 5000057b (sz=24, trace=300000, nelems=2, elem type=java.lang.Object[]@5000009c)
	[0]		5000072f
	[1]		5000051d
ARR 5000057c (sz=24, trace=300000, nelems=2, elem type=java.lang.Object[]@5000009c)
	[0]		5000072d
	[1]		500004cd
ARR 5000057d (sz=24, trace=300000, nelems=2, elem type=java.lang.Object[]@5000009c)
	[0]		5000072b
	[1]		500004f3
ARR 5000057e (sz=24, trace=300000, nelems=2, elem type=java.lang.Object[]@5000009c)
	[0]		50000729
	[1]		50000540
ARR 5000057f (sz=24, trace=300000, nelems=2, elem type=java.lang.Object[]@5000009c)
	[0]		50000727
	[1]		5000050c
ARR 50000580 (sz=24, trace=300000, nelems=2, elem type=java.lang.Object[]@5000009c)
	[0]		50000725
	[1]		50000509
ARR 50000581 (sz=24, trace=300000, nelems=2, elem type=java.lang.Object[]@5000009c)
	[0]		50000723
	[1]		50000500
ARR 50000582 (sz=24, trace=300000, nelems=2, elem type=java.lang.Object[]@5000009c)
	[0]		50000721
	[1]		500004fc
ARR 50000583 (sz=24, trace=300000, nelems=2, elem type=java.lang.Object[]@5000009c)
	[0]		5000071f
	[1]		500004f6
ARR 50000584 (sz=24, trace=300000, nelems=2, elem type=java.lang.Object[]@5000009c)
	[0]		5000071d
	[1]		500004ef
ARR 50000585 (sz=24, trace=300000, nelems=2, elem type=java.lang.Object[]@5000009c)
	[0]		5000071b
	[1]		50000509
ARR 50000586 (sz=24, trace=300000, nelems=2, elem type=java.lang.Object[]@5000009c)
	[0]		50000719
	[1]		50000500
ARR 50000587 (sz=24, trace=300000, nelems=2, elem type=java.lang.Object[]@5000009c)
	[0]		50000717
	[1]		500004fc
ARR 50000588 (sz=24, trace=300000, nelems=2, elem type=java.lang.Object[]@5000009c)
	[0]		50000715
	[1]		500004d5
ARR 50000589 (sz=24, trace=300000, nelems=2, elem type=java.lang.Object[]@5000009c)
	[0]		50000713
	[1]		500004cd
ARR 5000058a (sz=24, trace=300000, nelems=3, elem type=java.lang.Object[]@5000009c)
	[0]		50000710
	[1]		500004f6
	[2]		50000711
ARR 5000058b (sz=24, trace=300000, nelems=2, elem type=java.lang.Object[]@5000009c)
	[0]		5000070e
	[1]		50000509
ARR 5000058c (sz=24, trace=300000, nelems=3, elem type=java.lang.Object[]@5000009c)
	[0]		50000709
	[1]		500004ef
	[2]		5000070a
ARR 5000058d (sz=24, trace=300000, nelems=2, elem type=java.lang.Object[]@5000009c)
	[0]		50000707
	[1]		500004fc
ARR 5000058e (sz=24, trace=300000, nelems=2, elem type=java.lang.Object[]@5000009c)
	[0]		50000705
	[1]		5000050c
ARR 5000058f (sz=24, trace=300000, nelems=3, elem type=java.lang.Object[]@5000009c)
	[0]		500006fd
	[1]		500004e7
	[2]		500006fe
ARR 50000590 (sz=24, trace=300000, nelems=2, elem type=java.lang.Object[]@5000009c)
	[0]		500006fb
	[1]		500004fc
ARR 50000591 (sz=24, trace=300000, nelems=3, elem type=java.lang.Object[]@5000009c)
	[0]		500006f6
	[1]		500004de
	[2]		500006f7
ARR 50000592 (sz=24, trace=300000, nelems=2, elem type=java.lang.Object[]@5000009c)
	[0]		500006f4
	[1]		500004ef
ARR 50000593 (sz=24, trace=300000, nelems=2, elem type=java.lang.Object[]@5000009c)
	[0]		500006f2
	[1]		500004c7
ARR 50000594 (sz=24, trace=300000, nelems=3, elem type=java.lang.Object[]@5000009c)
	[0]		500006ed
	[1]		500004bc
	[2]		500006ee
ARR 50000595 (sz=24, trace=300000, nelems=3, elem type=java.lang.Object[]@5000009c)
	[0]		500006e8
	[1]		500004b9
	[2]		500006e9
ARR 50000596 (sz=24, trace=300000, nelems=2, elem type=java.lang.Object[]@5000009c)
	[0]		500006e6
	[1]		5000050c
ARR 50000597 (sz=24, trace=300000, nelems=2, elem type=java.lang.Object[]@5000009c)
	[0]		500006e4
	[1]		500004ad
ARR 50000598 (sz=24, trace=300000, nelems=2, elem type=java.lang.Object[]@5000009c)
	[0]		500006e2
	[1]		500004e1
ARR 50000599 (sz=24, trace=300000, nelems=2, elem type=java.lang.Object[]@5000009c)
	[0]		500006e0
	[1]		500004ef
ARR 5000059a (sz=24, trace=300000, nelems=2, elem type=java.lang.Object[]@5000009c)
	[0]		500006de
	[1]		500004ef
ARR 5000059b (sz=24, trace=300000, nelems=2, elem type=java.lang.Object[]@5000009c)
	[0]		500006dc
	[1]		500004cd
ARR 5000059c (sz=24, trace=300000, nelems=2, elem type=java.lang.Object[]@5000009c)
	[0]		500006da
	[1]		500004f6
ARR 5000059d (sz=24, trace=300000, nelems=2, elem type=java.lang.Object[]@5000009c)
	[0]		500006d8
	[1]		50000548
ARR 5000059e (sz=24, trace=300000, nelems=2, elem type=java.lang.Object[]@5000009c)
	[0]		500006d6
	[1]		5000053a
ARR 5000059f (sz=24, trace=300000, nelems=2, elem type=java.lang.Object[]@5000009c)
	[0]		500006d4
	[1]		5000050c
ARR 500005a0 (sz=24, trace=300000, nelems=2, elem type=java.lang.Object[]@5000009c)
	[0]		500006d2
	[1]		500004d8
ARR 500005a1 (sz=24, trace=300000, nelems=2, elem type=java.lang.Object[]@5000009c)
	[0]		500006d0
	[1]		500004f6
ARR 500005a2 (sz=24, trace=300000, nelems=2, elem type=java.lang.Object[]@5000009c)
	[0]		500006ce
	[1]		5000050c
ARR 500005a3 (sz=24, trace=300000, nelems=2, elem type=java.lang.Object[]@5000009c)
	[0]		500006cc
	[1]		500004f3
ARR 500005a4 (sz=24, trace=300000, nelems=2, elem type=java.lang.Object[]@5000009c)
	[0]		500006ca
	[1]		5000050c
ARR 500005a5 (sz=24, trace=300000, nelems=2, elem type=java.lang.Object[]@5000009c)
	[0]		500006c8
	[1]		50000509
ARR 500005a6 (sz=24, trace=300000, nelems=2, elem type=java.lang.Object[]@5000009c)
	[0]		500006c6
	[1]		500004ca
ARR 500005a7 (sz=24, trace=300000, nelems=2, elem type=java.lang.Object[]@5000009c)
	[0]		500004cd
	[1]		500004cd
ARR 500005a8 (sz=24, trace=300000, nelems=2, elem type=java.lang.Object[]@5000009c)
	[0]		500006c4
	[1]		500004cd
ARR 500005a9 (sz=24, trace=300000, nelems=2, elem type=java.lang.Object[]@5000009c)
	[0]		500006c2
	[1]		5000050c
ARR 500005aa (sz=24, trace=300000, nelems=2, elem type=java.lang.Object[]@5000009c)
	[0]		500006c0
	[1]		50000509
ARR 500005ab (sz=24, trace=300000, nelems=2, elem type=java.lang.Object[]@5000009c)
	[0]		500006be
	[1]		50000500
ARR 500005ac (sz=24, trace=300000, nelems=2, elem type=java.lang.Object[]@5000009c)
	[0]		500006bc
	[1]		500004ef
ARR 500005ad (sz=24, trace=300000, nelems=2, elem type=java.lang.Object[]@5000009c)
	[0]		500006ba
	[1]		50000500
ARR 500005ae (sz=24, trace=300000, nelems=2, elem type=java.lang.Object[]@5000009c)
	[0]		500006b8
	[1]		500004cd
ARR 500005af (sz=24, trace=300000, nelems=2, elem type=java.lang.Object[]@5000009c)
	[0]		500006b6
	[1]		500004d8
ARR 500005b0 (sz=24, trace=300000, nelems=2, elem type=java.lang.Object[]@5000009c)
	[0]		500006b4
	[1]		500004b1
ARR 500005b1 (sz=24, trace=300000, nelems=2, elem type=java.lang.Object[]@5000009c)
	[0]		500006b2
	[1]		500004e1
ARR 500005b2 (sz=24, trace=300000, nelems=2, elem type=java.lang.Object[]@5000009c)
	[0]		500006b0
	[1]		500004f6
ARR 500005b3 (sz=24, trace=300000, nelems=2, elem type=java.lang.Object[]@5000009c)
	[0]		500004e7
	[1]		500004e7
ARR 500005b4 (sz=24, trace=300000, nelems=2, elem type=java.lang.Object[]@5000009c)
	[0]		500004de
	[1]		500004de
ARR 500005b5 (sz=24, trace=300000, nelems=2, elem type=java.lang.Object[]@5000009c)
	[0]		500004c7
	[1]		500004c7
ARR 500005b6 (sz=24, trace=300000, nelems=2, elem type=java.lang.Object[]@5000009c)
	[0]		500004bc
	[1]		500004bc
ARR 500005b7 (sz=24, trace=300000, nelems=2, elem type=java.lang.Object[]@5000009c)
	[0]		500006ae
	[1]		500004eb
ARR 500005b8 (sz=24, trace=300000, nelems=2, elem type=java.lang.Object[]@5000009c)
	[0]		500006ac
	[1]		50000540
ARR 500005b9 (sz=24, trace=300000, nelems=2, elem type=java.lang.Object[]@5000009c)
	[0]		500006aa
	[1]		500004e7
ARR 500005ba (sz=24, trace=300000, nelems=2, elem type=java.lang.Object[]@5000009c)
	[0]		500006a8
	[1]		500004de
ARR 500005bb (sz=24, trace=300000, nelems=2, elem type=java.lang.Object[]@5000009c)
	[0]		500006a6
	[1]		500004c7
ARR 500005bc (sz=24, trace=300000, nelems=2, elem type=java.lang.Object[]@5000009c)
	[0]		50000548
	[1]		50000548
ARR 500005bd (sz=24, trace=300000, nelems=2, elem type=java.lang.Object[]@5000009c)
	[0]		500006a4
	[1]		500004bc
ARR 500005be (sz=24, trace=300000, nelems=2, elem type=java.lang.Object[]@5000009c)
	[0]		500006a2
	[1]		500004eb
ARR 500005bf (sz=24, trace=300000, nelems=2, elem type=java.lang.Object[]@5000009c)
	[0]		5000053a
	[1]		5000053a
ARR 500005c0 (sz=24, trace=300000, nelems=2, elem type=java.lang.Object[]@5000009c)
	[0]		500006a0
	[1]		50000512
ARR 500005c1 (sz=24, trace=300000, nelems=2, elem type=java.lang.Object[]@5000009c)
	[0]		5000069e
	[1]		500004ca
ARR 500005c2 (sz=24, trace=300000, nelems=2, elem type=java.lang.Object[]@5000009c)
	[0]		5000069c
	[1]		5000051d
ARR 500005c3 (sz=24, trace=300000, nelems=2, elem type=java.lang.Object[]@5000009c)
	[0]		5000069a
	[1]		500004fc
ARR 500005c4 (sz=24, trace=300000, nelems=2, elem type=java.lang.Object[]@5000009c)
	[0]		50000698
	[1]		500004ef
ARR 500005c5 (sz=24, trace=300000, nelems=2, elem type=java.lang.Object[]@5000009c)
	[0]		50000696
	[1]		50000548
ARR 500005c6 (sz=24, trace=300000, nelems=2, elem type=java.lang.Object[]@5000009c)
	[0]		50000694
	[1]		5000053a
ARR 500005c7 (sz=24, trace=300000, nelems=2, elem type=java.lang.Object[]@5000009c)
	[0]		50000692
	[1]		500004f3
ARR 500005c8 (sz=24, trace=300000, nelems=2, elem type=java.lang.Object[]@5000009c)
	[0]		50000690
	[1]		500004a5
ARR 500005c9 (sz=24, trace=300000, nelems=2, elem type=java.lang.Object[]@5000009c)
	[0]		5000068e
	[1]		500004f3
ARR 500005ca (sz=24, trace=300000, nelems=2, elem type=java.lang.Object[]@5000009c)
	[0]		5000068c
	[1]		50000500
ARR 500005cb (sz=24, trace=300000, nelems=2, elem type=java.lang.Object[]@5000009c)
	[0]		5000044d
	[1]		500004d8
ARR 500005cc (sz=24, trace=300000, nelems=2, elem type=java.lang.Object[]@5000009c)
	[0]		5000068a
	[1]		5000053d
ARR 500005cd (sz=24, trace=300000, nelems=2, elem type=java.lang.Object[]@5000009c)
	[0]		50000688
	[1]		500004f6
ARR 500005ce (sz=24, trace=300000, nelems=2, elem type=java.lang.Object[]@5000009c)
	[0]		50000686
	[1]		500004f6
ARR 500005cf (sz=24, trace=300000, nelems=2, elem type=java.lang.Object[]@5000009c)
	[0]		50000684
	[1]		500004bc
ARR 500005d0 (sz=24, trace=300000, nelems=2, elem type=java.lang.Object[]@5000009c)
	[0]		500004e1
	[1]		500004e1
ARR 500005d1 (sz=24, trace=300000, nelems=2, elem type=java.lang.Object[]@5000009c)
	[0]		50000682
	[1]		50000534
ARR 500005d2 (sz=24, trace=300000, nelems=2, elem type=java.lang.Object[]@5000009c)
	[0]		50000680
	[1]		50000531
ARR 500005d3 (sz=24, trace=300000, nelems=2, elem type=java.lang.Object[]@5000009c)
	[0]		5000067e
	[1]		50000526
ARR 500005d4 (sz=24, trace=300000, nelems=2, elem type=java.lang.Object[]@5000009c)
	[0]		5000067c
	[1]		50000523
ARR 500005d5 (sz=24, trace=300000, nelems=2, elem type=java.lang.Object[]@5000009c)
	[0]		5000067a
	[1]		5000051a
ARR 500005d6 (sz=24, trace=300000, nelems=3, elem type=java.lang.Object[]@5000009c)
	[0]		50000675
	[1]		50000548
	[2]		50000676
ARR 500005d7 (sz=24, trace=300000, nelems=2, elem type=java.lang.Object[]@5000009c)
	[0]		50000673
	[1]		5000053a
ARR 500005d8 (sz=24, trace=300000, nelems=2, elem type=java.lang.Object[]@5000009c)
	[0]		50000671
	[1]		500004d5
ARR 500005d9 (sz=24, trace=300000, nelems=3, elem type=java.lang.Object[]@5000009c)
	[0]		5000066c
	[1]		500004cd
	[2]		5000066d
ARR 500005da (sz=24, trace=300000, nelems=2, elem type=java.lang.Object[]@5000009c)
	[0]		5000066a
	[1]		500004b1
ARR 500005db (sz=24, trace=300000, nelems=2, elem type=java.lang.Object[]@5000009c)
	[0]		50000668
	[1]		500004e1
ARR 500005dc (sz=24, trace=300000, nelems=2, elem type=java.lang.Object[]@5000009c)
	[0]		50000666
	[1]		500004b9
ARR 500005dd (sz=24, trace=300000, nelems=2, elem type=java.lang.Object[]@5000009c)
	[0]		50000664
	[1]		500004d5
ARR 500005de (sz=24, trace=300000, nelems=2, elem type=java.lang.Object[]@5000009c)
	[0]		50000449
	[1]		500004d8
ARR 500005df (sz=24, trace=300000, nelems=2, elem type=java.lang.Object[]@5000009c)
	[0]		50000662
	[1]		500004cd
ARR 500005e0 (sz=24, trace=300000, nelems=2, elem type=java.lang.Object[]@5000009c)
	[0]		500004ca
	[1]		500004ca
ARR 500005e1 (sz=24, trace=300000, nelems=2, elem type=java.lang.Object[]@5000009c)
	[0]		5000044b
	[1]		500004d8
ARR 500005e2 (sz=24, trace=300000, nelems=2, elem type=java.lang.Object[]@5000009c)
	[0]		50000660
	[1]		50000512
ARR 500005e3 (sz=24, trace=300000, nelems=2, elem type=java.lang.Object[]@5000009c)
	[0]		5000065e
	[1]		500004ca
ARR 500005e4 (sz=24, trace=300000, nelems=2, elem type=java.lang.Object[]@5000009c)
	[0]		5000065c
	[1]		500004d5
ARR 500005e5 (sz=24, trace=300000, nelems=2, elem type=java.lang.Object[]@5000009c)
	[0]		5000065a
	[1]		500004cd
ARR 500005e6 (sz=24, trace=300000, nelems=2, elem type=java.lang.Object[]@5000009c)
	[0]		50000658
	[1]		500004fc
ARR 500005e7 (sz=24, trace=300000, nelems=2, elem type=java.lang.Object[]@5000009c)
	[0]		50000656
	[1]		5000051d
ARR 500005e8 (sz=24, trace=300000, nelems=2, elem type=java.lang.Object[]@5000009c)
	[0]		50000654
	[1]		500004f6
ARR 500005e9 (sz=24, trace=300000, nelems=2, elem type=java.lang.Object[]@5000009c)
	[0]		50000451
	[1]		500004d8
ARR 500005ea (sz=24, trace=300000, nelems=2, elem type=java.lang.Object[]@5000009c)
	[0]		50000652
	[1]		5000050c
ARR 500005eb (sz=24, trace=300000, nelems=2, elem type=java.lang.Object[]@5000009c)
	[0]		50000650
	[1]		50000509
ARR 500005ec (sz=24, trace=300000, nelems=2, elem type=java.lang.Object[]@5000009c)
	[0]		5000064e
	[1]		500004ad
ARR 500005ed (sz=24, trace=300000, nelems=2, elem type=java.lang.Object[]@5000009c)
	[0]		5000064c
	[1]		50000500
ARR 500005ee (sz=24, trace=300000, nelems=2, elem type=java.lang.Object[]@5000009c)
	[0]		5000064a
	[1]		500004fc
ARR 500005ef (sz=24, trace=300000, nelems=2, elem type=java.lang.Object[]@5000009c)
	[0]		50000648
	[1]		500004f6
ARR 500005f0 (sz=24, trace=300000, nelems=2, elem type=java.lang.Object[]@5000009c)
	[0]		50000646
	[1]		500004ef
ARR 500005f1 (sz=24, trace=300000, nelems=2, elem type=java.lang.Object[]@5000009c)
	[0]		50000644
	[1]		500004b9
ARR 500005f2 (sz=24, trace=300000, nelems=2, elem type=java.lang.Object[]@5000009c)
	[0]		50000642
	[1]		50000548
ARR 500005f3 (sz=24, trace=300000, nelems=2, elem type=java.lang.Object[]@5000009c)
	[0]		50000640
	[1]		500004d8
ARR 500005f4 (sz=24, trace=300000, nelems=2, elem type=java.lang.Object[]@5000009c)
	[0]		5000063e
	[1]		5000050c
ARR 500005f5 (sz=24, trace=300000, nelems=3, elem type=java.lang.Object[]@5000009c)
	[0]		50000639
	[1]		50000509
	[2]		5000063a
ARR 500005f6 (sz=24, trace=300000, nelems=2, elem type=java.lang.Object[]@5000009c)
	[0]		50000637
	[1]		500004f6
ARR 500005f7 (sz=24, trace=300000, nelems=2, elem type=java.lang.Object[]@5000009c)
	[0]		50000635
	[1]		50000500
ARR 500005f8 (sz=24, trace=300000, nelems=2, elem type=java.lang.Object[]@5000009c)
	[0]		50000633
	[1]		500004fc
ARR 500005f9 (sz=24, trace=300000, nelems=3, elem type=java.lang.Object[]@5000009c)
	[0]		5000062e
	[1]		500004de
	[2]		5000062f
ARR 500005fa (sz=24, trace=300000, nelems=2, elem type=java.lang.Object[]@5000009c)
	[0]		5000062c
	[1]		500004ef
ARR 500005fb (sz=24, trace=300000, nelems=2, elem type=java.lang.Object[]@5000009c)
	[0]		5000062a
	[1]		500004c7
ARR 500005fc (sz=24, trace=300000, nelems=2, elem type=java.lang.Object[]@5000009c)
	[0]		50000628
	[1]		500004ca
ARR 500005fd (sz=24, trace=300000, nelems=2, elem type=java.lang.Object[]@5000009c)
	[0]		50000626
	[1]		500004d8
ARR 500005fe (sz=24, trace=300000, nelems=2, elem type=java.lang.Object[]@5000009c)
	[0]		50000624
	[1]		50000503
ARR 500005ff (sz=24, trace=300000, nelems=2, elem type=java.lang.Object[]@5000009c)
	[0]		5000044f
	[1]		500004d8
ARR 50000600 (sz=24, trace=300000, nelems=2, elem type=java.lang.Object[]@5000009c)
	[0]		50000622
	[1]		50000534
ARR 50000601 (sz=24, trace=300000, nelems=2, elem type=java.lang.Object[]@5000009c)
	[0]		50000620
	[1]		50000531
ARR 50000602 (sz=24, trace=300000, nelems=2, elem type=java.lang.Object[]@5000009c)
	[0]		5000061e
	[1]		50000526
ARR 50000603 (sz=24, trace=300000, nelems=2, elem type=java.lang.Object[]@5000009c)
	[0]		5000061c
	[1]		50000523
ARR 50000604 (sz=24, trace=300000, nelems=2, elem type=java.lang.Object[]@5000009c)
	[0]		5000061a
	[1]		500004d8
ARR 50000605 (sz=24, trace=300000, nelems=2, elem type=java.lang.Object[]@5000009c)
	[0]		50000618
	[1]		5000051a
ARR 50000606 (sz=24, trace=300000, nelems=2, elem type=java.lang.Object[]@5000009c)
	[0]		50000616
	[1]		50000516
ARR 50000607 (sz=24, trace=300000, nelems=2, elem type=java.lang.Object[]@5000009c)
	[0]		50000614
	[1]		500004a5
ARR 50000608 (sz=24, trace=300000, nelems=2, elem type=java.lang.Object[]@5000009c)
	[0]		50000612
	[1]		5000051d
ARR 50000609 (sz=24, trace=300000, nelems=2, elem type=java.lang.Object[]@5000009c)
	[0]		50000610
	[1]		500004e7
ARR 5000060a (sz=24, trace=300000, nelems=2, elem type=java.lang.Object[]@5000009c)
	[0]		5000060e
	[1]		500004bf
ARR 5000060b (sz=24, trace=300000, nelems=2, elem type=java.lang.Object[]@5000009c)
	[0]		5000060c
	[1]		5000053d
OBJ 5000060c (sz=24, trace=300000, class=java.lang.String@500000bf)
	value		5000060d
ARR 5000060d (sz=12, trace=300000, nelems=6, elem type=char[])
OBJ 5000060e (sz=24, trace=300000, class=java.lang.String@500000bf)
	value		5000060f
ARR 5000060f (sz=24, trace=300000, nelems=12, elem type=char[])
OBJ 50000610 (sz=24, trace=300000, class=java.lang.String@500000bf)
	value		50000611
ARR 50000611 (sz=38, trace=300000, nelems=19, elem type=char[])
OBJ 50000612 (sz=24, trace=300000, class=java.lang.String@500000bf)
	value		50000613
ARR 50000613 (sz=12, trace=300000, nelems=6, elem type=char[])
OBJ 50000614 (sz=24, trace=300000, class=java.lang.String@500000bf)
	value		50000615
ARR 50000615 (sz=16, trace=300000, nelems=8, elem type=char[])
OBJ 50000616 (sz=24, trace=300000, class=java.lang.String@500000bf)
	value		50000617
ARR 50000617 (sz=12, trace=300000, nelems=6, elem type=char[])
OBJ 50000618 (sz=24, trace=300000, class=java.lang.String@500000bf)
	value		50000619
ARR 50000619 (sz=12, trace=300000, nelems=6, elem type=char[])
OBJ 5000061a (sz=24, trace=300000, class=java.lang.String@500000bf)
	value		5000061b
ARR 5000061b (sz=32, trace=300000, nelems=16, elem type=char[])
OBJ 5000061c (sz=24, trace=300000, class=java.lang.String@500000bf)
	value		5000061d
ARR 5000061d (sz=12, trace=300000, nelems=6, elem type=char[])
OBJ 5000061e (sz=24, trace=300000, class=java.lang.String@500000bf)
	value		5000061f
ARR 5000061f (sz=12, trace=300000, nelems=6, elem type=char[])
OBJ 50000620 (sz=24, trace=300000, class=java.lang.String@500000bf)
	value		50000621
ARR 50000621 (sz=12, trace=300000, nelems=6, elem type=char[])
OBJ 50000622 (sz=24, trace=300000, class=java.lang.String@500000bf)
	value		50000623
ARR 50000623 (sz=12, trace=300000, nelems=6, elem type=char[])
OBJ 50000624 (sz=24, trace=300000, class=java.lang.String@500000bf)
	value		50000625
ARR 50000625 (sz=8, trace=300000, nelems=4, elem type=char[])
OBJ 50000626 (sz=24, trace=300000, class=java.lang.String@500000bf)
	value		50000627
ARR 50000627 (sz=10, trace=300000, nelems=5, elem type=char[])
OBJ 50000628 (sz=24, trace=300000, class=java.lang.String@500000bf)
	value		50000629
ARR 50000629 (sz=22, trace=300000, nelems=11, elem type=char[])
OBJ 5000062a (sz=24, trace=300000, class=java.lang.String@500000bf)
	value		5000062b
ARR 5000062b (sz=16, trace=300000, nelems=8, elem type=char[])
OBJ 5000062c (sz=24, trace=300000, class=java.lang.String@500000bf)
	value		5000062d
ARR 5000062d (sz=20, trace=300000, nelems=10, elem type=char[])
OBJ 5000062e (sz=24, trace=300000, class=java.lang.String@500000bf)
	value		50000632
ARR 5000062f (sz=24, trace=300000, nelems=2, elem type=java.lang.Object[]@5000009c)
	[0]		50000630
	[1]		500004f6
OBJ 50000630 (sz=24, trace=300000, class=java.lang.String@500000bf)
	value		50000631
ARR 50000631 (sz=20, trace=300000, nelems=10, elem type=char[])
ARR 50000632 (sz=16, trace=300000, nelems=8, elem type=char[])
OBJ 50000633 (sz=24, trace=300000, class=java.lang.String@500000bf)
	value		50000634
ARR 50000634 (sz=20, trace=300000, nelems=10, elem type=char[])
OBJ 50000635 (sz=24, trace=300000, class=java.lang.String@500000bf)
	value		50000636
ARR 50000636 (sz=20, trace=300000, nelems=10, elem type=char[])
OBJ 50000637 (sz=24, trace=300000, class=java.lang.String@500000bf)
	value		50000638
ARR 50000638 (sz=24, trace=300000, nelems=12, elem type=char[])
OBJ 50000639 (sz=24, trace=300000, class=java.lang.String@500000bf)
	value		5000063d
ARR 5000063a (sz=24, trace=300000, nelems=2, elem type=java.lang.Object[]@5000009c)
	[0]		5000063b
	[1]		50000512
OBJ 5000063b (sz=24, trace=300000, class=java.lang.String@500000bf)
	value		5000063c
ARR 5000063c (sz=20, trace=300000, nelems=10, elem type=char[])
ARR 5000063d (sz=20, trace=300000, nelems=10, elem type=char[])
OBJ 5000063e (sz=24, trace=300000, class=java.lang.String@500000bf)
	value		5000063f
ARR 5000063f (sz=20, trace=300000, nelems=10, elem type=char[])
OBJ 50000640 (sz=24, trace=300000, class=java.lang.String@500000bf)
	value		50000641
ARR 50000641 (sz=12, trace=300000, nelems=6, elem type=char[])
OBJ 50000642 (sz=24, trace=300000, class=java.lang.String@500000bf)
	value		50000643
ARR 50000643 (sz=36, trace=300000, nelems=18, elem type=char[])
OBJ 50000644 (sz=24, trace=300000, class=java.lang.String@500000bf)
	value		50000645
ARR 50000645 (sz=20, trace=300000, nelems=10, elem type=char[])
OBJ 50000646 (sz=24, trace=300000, class=java.lang.String@500000bf)
	value		50000647
ARR 50000647 (sz=18, trace=300000, nelems=9, elem type=char[])
OBJ 50000648 (sz=24, trace=300000, class=java.lang.String@500000bf)
	value		50000649
ARR 50000649 (sz=18, trace=300000, nelems=9, elem type=char[])
OBJ 5000064a (sz=24, trace=300000, class=java.lang.String@500000bf)
	value		5000064b
ARR 5000064b (sz=18, trace=300000, nelems=9, elem type=char[])
OBJ 5000064c (sz=24, trace=300000, class=java.lang.String@500000bf)
	value		5000064d
ARR 5000064d (sz=18, trace=300000, nelems=9, elem type=char[])
OBJ 5000064e (sz=24, trace=300000, class=java.lang.String@500000bf)
	value		5000064f
ARR 5000064f (sz=14, trace=300000, nelems=7, elem type=char[])
OBJ 50000650 (sz=24, trace=300000, class=java.lang.String@500000bf)
	value		50000651
ARR 50000651 (sz=18, trace=300000, nelems=9, elem type=char[])
OBJ 50000652 (sz=24, trace=300000, class=java.lang.String@500000bf)
	value		50000653
ARR 50000653 (sz=18, trace=300000, nelems=9, elem type=char[])
OBJ 50000654 (sz=24, trace=300000, class=java.lang.String@500000bf)
	value		50000655
ARR 50000655 (sz=10, trace=300000, nelems=5, elem type=char[])
OBJ 50000656 (sz=24, trace=300000, class=java.lang.String@500000bf)
	value		50000657
ARR 50000657 (sz=14, trace=300000, nelems=7, elem type=char[])
OBJ 50000658 (sz=24, trace=300000, class=java.lang.String@500000bf)
	value		50000659
ARR 50000659 (sz=30, trace=300000, nelems=15, elem type=char[])
OBJ 5000065a (sz=24, trace=300000, class=java.lang.String@500000bf)
	value		5000065b
ARR 5000065b (sz=20, trace=300000, nelems=10, elem type=char[])
OBJ 5000065c (sz=24, trace=300000, class=java.lang.String@500000bf)
	value		5000065d
ARR 5000065d (sz=20, trace=300000, nelems=10, elem type=char[])
OBJ 5000065e (sz=24, trace=300000, class=java.lang.String@500000bf)
	value		5000065f
ARR 5000065f (sz=14, trace=300000, nelems=7, elem type=char[])
OBJ 50000660 (sz=24, trace=300000, class=java.lang.String@500000bf)
	value		50000661
ARR 50000661 (sz=30, trace=300000, nelems=15, elem type=char[])
OBJ 50000662 (sz=24, trace=300000, class=java.lang.String@500000bf)
	value		50000663
ARR 50000663 (sz=14, trace=300000, nelems=7, elem type=char[])
OBJ 50000664 (sz=24, trace=300000, class=java.lang.String@500000bf)
	value		50000665
ARR 50000665 (sz=14, trace=300000, nelems=7, elem type=char[])
OBJ 50000666 (sz=24, trace=300000, class=java.lang.String@500000bf)
	value		50000667
ARR 50000667 (sz=14, trace=300000, nelems=7, elem type=char[])
OBJ 50000668 (sz=24, trace=300000, class=java.lang.String@500000bf)
	value		50000669
ARR 50000669 (sz=14, trace=300000, nelems=7, elem type=char[])
OBJ 5000066a (sz=24, trace=300000, class=java.lang.String@500000bf)
	value		5000066b
ARR 5000066b (sz=24, trace=300000, nelems=12, elem type=char[])
OBJ 5000066c (sz=24, trace=300000, class=java.lang.String@500000bf)
	value		50000670
ARR 5000066d (sz=24, trace=300000, nelems=2, elem type=java.lang.Object[]@5000009c)
	[0]		5000066e
	[1]		50000529
OBJ 5000066e (sz=24, trace=300000, class=java.lang.String@500000bf)
	value		5000066f
ARR 5000066f (sz=16, trace=300000, nelems=8, elem type=char[])
ARR 50000670 (sz=20, trace=300000, nelems=10, elem type=char[])
OBJ 50000671 (sz=24, trace=300000, class=java.lang.String@500000bf)
	value		50000672
ARR 50000672 (sz=20, trace=300000, nelems=10, elem type=char[])
OBJ 50000673 (sz=24, trace=300000, class=java.lang.String@500000bf)
	value		50000674
ARR 50000674 (sz=16, trace=300000, nelems=8, elem type=char[])
OBJ 50000675 (sz=24, trace=300000, class=java.lang.String@500000bf)
	value		50000679
ARR 50000676 (sz=24, trace=300000, nelems=2, elem type=java.lang.Object[]@5000009c)
	[0]		50000677
	[1]		50000516
OBJ 50000677 (sz=24, trace=300000, class=java.lang.String@500000bf)
	value		50000678
ARR 50000678 (sz=12, trace=300000, nelems=6, elem type=char[])
ARR 50000679 (sz=16, trace=300000, nelems=8, elem type=char[])
OBJ 5000067a (sz=24, trace=300000, class=java.lang.String@500000bf)
	value		5000067b
ARR 5000067b (sz=12, trace=300000, nelems=6, elem type=char[])
OBJ 5000067c (sz=24, trace=300000, class=java.lang.String@500000bf)
	value		5000067d
ARR 5000067d (sz=12, trace=300000, nelems=6, elem type=char[])
OBJ 5000067e (sz=24, trace=300000, class=java.lang.String@500000bf)
	value		5000067f
ARR 5000067f (sz=12, trace=300000, nelems=6, elem type=char[])
OBJ 50000680 (sz=24, trace=300000, class=java.lang.String@500000bf)
	value		50000681
ARR 50000681 (sz=12, trace=300000, nelems=6, elem type=char[])
OBJ 50000682 (sz=24, trace=300000, class=java.lang.String@500000bf)
	value		50000683
ARR 50000683 (sz=12, trace=300000, nelems=6, elem type=char[])
OBJ 50000684 (sz=24, trace=300000, class=java.lang.String@500000bf)
	value		50000685
ARR 50000685 (sz=16, trace=300000, nelems=8, elem type=char[])
OBJ 50000686 (sz=24, trace=300000, class=java.lang.String@500000bf)
	value		50000687
ARR 50000687 (sz=30, trace=300000, nelems=15, elem type=char[])
OBJ 50000688 (sz=24, trace=300000, class=java.lang.String@500000bf)
	value		50000689
ARR 50000689 (sz=16, trace=300000, nelems=8, elem type=char[])
OBJ 5000068a (sz=24, trace=300000, class=java.lang.String@500000bf)
	value		5000068b
ARR 5000068b (sz=10, trace=300000, nelems=5, elem type=char[])
OBJ 5000068c (sz=24, trace=300000, class=java.lang.String@500000bf)
	value		5000068d
ARR 5000068d (sz=30, trace=300000, nelems=15, elem type=char[])
OBJ 5000068e (sz=24, trace=300000, class=java.lang.String@500000bf)
	value		5000068f
ARR 5000068f (sz=14, trace=300000, nelems=7, elem type=char[])
OBJ 50000690 (sz=24, trace=300000, class=java.lang.String@500000bf)
	value		50000691
ARR 50000691 (sz=20, trace=300000, nelems=10, elem type=char[])
OBJ 50000692 (sz=24, trace=300000, class=java.lang.String@500000bf)
	value		50000693
ARR 50000693 (sz=12, trace=300000, nelems=6, elem type=char[])
OBJ 50000694 (sz=24, trace=300000, class=java.lang.String@500000bf)
	value		50000695
ARR 50000695 (sz=14, trace=300000, nelems=7, elem type=char[])
OBJ 50000696 (sz=24, trace=300000, class=java.lang.String@500000bf)
	value		50000697
ARR 50000697 (sz=14, trace=300000, nelems=7, elem type=char[])
OBJ 50000698 (sz=24, trace=300000, class=java.lang.String@500000bf)
	value		50000699
ARR 50000699 (sz=20, trace=300000, nelems=10, elem type=char[])
OBJ 5000069a (sz=24, trace=300000, class=java.lang.String@500000bf)
	value		5000069b
ARR 5000069b (sz=20, trace=300000, nelems=10, elem type=char[])
OBJ 5000069c (sz=24, trace=300000, class=java.lang.String@500000bf)
	value		5000069d
ARR 5000069d (sz=10, trace=300000, nelems=5, elem type=char[])
OBJ 5000069e (sz=24, trace=300000, class=java.lang.String@500000bf)
	value		5000069f
ARR 5000069f (sz=10, trace=300000, nelems=5, elem type=char[])
OBJ 500006a0 (sz=24, trace=300000, class=java.lang.String@500000bf)
	value		500006a1
ARR 500006a1 (sz=36, trace=300000, nelems=18, elem type=char[])
OBJ 500006a2 (sz=24, trace=300000, class=java.lang.String@500000bf)
	value		500006a3
ARR 500006a3 (sz=14, trace=300000, nelems=7, elem type=char[])
OBJ 500006a4 (sz=24, trace=300000, class=java.lang.String@500000bf)
	value		500006a5
ARR 500006a5 (sz=14, trace=300000, nelems=7, elem type=char[])
OBJ 500006a6 (sz=24, trace=300000, class=java.lang.String@500000bf)
	value		500006a7
ARR 500006a7 (sz=14, trace=300000, nelems=7, elem type=char[])
OBJ 500006a8 (sz=24, trace=300000, class=java.lang.String@500000bf)
	value		500006a9
ARR 500006a9 (sz=14, trace=300000, nelems=7, elem type=char[])
OBJ 500006aa (sz=24, trace=300000, class=java.lang.String@500000bf)
	value		500006ab
ARR 500006ab (sz=14, trace=300000, nelems=7, elem type=char[])
OBJ 500006ac (sz=24, trace=300000, class=java.lang.String@500000bf)
	value		500006ad
ARR 500006ad (sz=16, trace=300000, nelems=8, elem type=char[])
OBJ 500006ae (sz=24, trace=300000, class=java.lang.String@500000bf)
	value		500006af
ARR 500006af (sz=12, trace=300000, nelems=6, elem type=char[])
OBJ 500006b0 (sz=24, trace=300000, class=java.lang.String@500000bf)
	value		500006b1
ARR 500006b1 (sz=20, trace=300000, nelems=10, elem type=char[])
OBJ 500006b2 (sz=24, trace=300000, class=java.lang.String@500000bf)
	value		500006b3
ARR 500006b3 (sz=10, trace=300000, nelems=5, elem type=char[])
OBJ 500006b4 (sz=24, trace=300000, class=java.lang.String@500000bf)
	value		500006b5
ARR 500006b5 (sz=24, trace=300000, nelems=12, elem type=char[])
OBJ 500006b6 (sz=24, trace=300000, class=java.lang.String@500000bf)
	value		500006b7
ARR 500006b7 (sz=28, trace=300000, nelems=14, elem type=char[])
OBJ 500006b8 (sz=24, trace=300000, class=java.lang.String@500000bf)
	value		500006b9
ARR 500006b9 (sz=12, trace=300000, nelems=6, elem type=char[])
OBJ 500006ba (sz=24, trace=300000, class=java.lang.String@500000bf)
	value		500006bb
ARR 500006bb (sz=20, trace=300000, nelems=10, elem type=char[])
OBJ 500006bc (sz=24, trace=300000, class=java.lang.String@500000bf)
	value		500006bd
ARR 500006bd (sz=12, trace=300000, nelems=6, elem type=char[])
OBJ 500006be (sz=24, trace=300000, class=java.lang.String@500000bf)
	value		500006bf
ARR 500006bf (sz=12, trace=300000, nelems=6, elem type=char[])
OBJ 500006c0 (sz=24, trace=300000, class=java.lang.String@500000bf)
	value		500006c1
ARR 500006c1 (sz=12, trace=300000, nelems=6, elem type=char[])
OBJ 500006c2 (sz=24, trace=300000, class=java.lang.String@500000bf)
	value		500006c3
ARR 500006c3 (sz=12, trace=300000, nelems=6, elem type=char[])
OBJ 500006c4 (sz=24, trace=300000, class=java.lang.String@500000bf)
	value		500006c5
ARR 500006c5 (sz=12, trace=300000, nelems=6, elem type=char[])
OBJ 500006c6 (sz=24, trace=300000, class=java.lang.String@500000bf)
	value		500006c7
ARR 500006c7 (sz=6, trace=300000, nelems=3, elem type=char[])
OBJ 500006c8 (sz=24, trace=300000, class=java.lang.String@500000bf)
	value		500006c9
ARR 500006c9 (sz=20, trace=300000, nelems=10, elem type=char[])
OBJ 500006ca (sz=24, trace=300000, class=java.lang.String@500000bf)
	value		500006cb
ARR 500006cb (sz=20, trace=300000, nelems=10, elem type=char[])
OBJ 500006cc (sz=24, trace=300000, class=java.lang.String@500000bf)
	value		500006cd
ARR 500006cd (sz=10, trace=300000, nelems=5, elem type=char[])
OBJ 500006ce (sz=24, trace=300000, class=java.lang.String@500000bf)
	value		500006cf
ARR 500006cf (sz=14, trace=300000, nelems=7, elem type=char[])
OBJ 500006d0 (sz=24, trace=300000, class=java.lang.String@500000bf)
	value		500006d1
ARR 500006d1 (sz=14, trace=300000, nelems=7, elem type=char[])
OBJ 500006d2 (sz=24, trace=300000, class=java.lang.String@500000bf)
	value		500006d3
ARR 500006d3 (sz=28, trace=300000, nelems=14, elem type=char[])
OBJ 500006d4 (sz=24, trace=300000, class=java.lang.String@500000bf)
	value		500006d5
ARR 500006d5 (sz=12, trace=300000, nelems=6, elem type=char[])
OBJ 500006d6 (sz=24, trace=300000, class=java.lang.String@500000bf)
	value		500006d7
ARR 500006d7 (sz=10, trace=300000, nelems=5, elem type=char[])
OBJ 500006d8 (sz=24, trace=300000, class=java.lang.String@500000bf)
	value		500006d9
ARR 500006d9 (sz=10, trace=300000, nelems=5, elem type=char[])
OBJ 500006da (sz=24, trace=300000, class=java.lang.String@500000bf)
	value		500006db
ARR 500006db (sz=12, trace=300000, nelems=6, elem type=char[])
OBJ 500006dc (sz=24, trace=300000, class=java.lang.String@500000bf)
	value		500006dd
ARR 500006dd (sz=14, trace=300000, nelems=7, elem type=char[])
OBJ 500006de (sz=24, trace=300000, class=java.lang.String@500000bf)
	value		500006df
ARR 500006df (sz=14, trace=300000, nelems=7, elem type=char[])
OBJ 500006e0 (sz=24, trace=300000, class=java.lang.String@500000bf)
	value		500006e1
ARR 500006e1 (sz=30, trace=300000, nelems=15, elem type=char[])
OBJ 500006e2 (sz=24, trace=300000, class=java.lang.String@500000bf)
	value		500006e3
ARR 500006e3 (sz=6, trace=300000, nelems=3, elem type=char[])
OBJ 500006e4 (sz=24, trace=300000, class=java.lang.String@500000bf)
	value		500006e5
ARR 500006e5 (sz=8, trace=300000, nelems=4, elem type=char[])
OBJ 500006e6 (sz=24, trace=300000, class=java.lang.String@500000bf)
	value		500006e7
ARR 500006e7 (sz=20, trace=300000, nelems=10, elem type=char[])
OBJ 500006e8 (sz=24, trace=300000, class=java.lang.String@500000bf)
	value		500006ec
ARR 500006e9 (sz=24, trace=300000, nelems=2, elem type=java.lang.Object[]@5000009c)
	[0]		500006ea
	[1]		500004eb
OBJ 500006ea (sz=24, trace=300000, class=java.lang.String@500000bf)
	value		500006eb
ARR 500006eb (sz=10, trace=300000, nelems=5, elem type=char[])
ARR 500006ec (sz=10, trace=300000, nelems=5, elem type=char[])
OBJ 500006ed (sz=24, trace=300000, class=java.lang.String@500000bf)
	value		500006f1
ARR 500006ee (sz=24, trace=300000, nelems=2, elem type=java.lang.Object[]@5000009c)
	[0]		500006ef
	[1]		500004cd
OBJ 500006ef (sz=24, trace=300000, class=java.lang.String@500000bf)
	value		500006f0
ARR 500006f0 (sz=4, trace=300000, nelems=2, elem type=char[])
ARR 500006f1 (sz=10, trace=300000, nelems=5, elem type=char[])
OBJ 500006f2 (sz=24, trace=300000, class=java.lang.String@500000bf)
	value		500006f3
ARR 500006f3 (sz=10, trace=300000, nelems=5, elem type=char[])
OBJ 500006f4 (sz=24, trace=300000, class=java.lang.String@500000bf)
	value		500006f5
ARR 500006f5 (sz=4, trace=300000, nelems=2, elem type=char[])
OBJ 500006f6 (sz=24, trace=300000, class=java.lang.String@500000bf)
	value		500006fa
ARR 500006f7 (sz=24, trace=300000, nelems=2, elem type=java.lang.Object[]@5000009c)
	[0]		500006f8
	[1]		50000500
OBJ 500006f8 (sz=24, trace=300000, class=java.lang.String@500000bf)
	value		500006f9
ARR 500006f9 (sz=4, trace=300000, nelems=2, elem type=char[])
ARR 500006fa (sz=10, trace=300000, nelems=5, elem type=char[])
OBJ 500006fb (sz=24, trace=300000, class=java.lang.String@500000bf)
	value		500006fc
ARR 500006fc (sz=16, trace=300000, nelems=8, elem type=char[])
OBJ 500006fd (sz=24, trace=300000, class=java.lang.String@500000bf)
	value		50000704
ARR 500006fe (sz=24, trace=300000, nelems=3, elem type=java.lang.Object[]@5000009c)
	[0]		500006ff
	[1]		500004cd
	[2]		50000700
OBJ 500006ff (sz=24, trace=300000, class=java.lang.String@500000bf)
	value		50000703
ARR 50000700 (sz=24, trace=300000, nelems=2, elem type=java.lang.Object[]@5000009c)
	[0]		50000701
	[1]		50000509
OBJ 50000701 (sz=24, trace=300000, class=java.lang.String@500000bf)
	value		50000702
ARR 50000702 (sz=4, trace=300000, nelems=2, elem type=char[])
ARR 50000703 (sz=12, trace=300000, nelems=6, elem type=char[])
ARR 50000704 (sz=10, trace=300000, nelems=5, elem type=char[])
OBJ 50000705 (sz=24, trace=300000, class=java.lang.String@500000bf)
	value		50000706
ARR 50000706 (sz=4, trace=300000, nelems=2, elem type=char[])
OBJ 50000707 (sz=24, trace=300000, class=java.lang.String@500000bf)
	value		50000708
ARR 50000708 (sz=14, trace=300000, nelems=7, elem type=char[])
OBJ 50000709 (sz=24, trace=300000, class=java.lang.String@500000bf)
	value		5000070d
ARR 5000070a (sz=24, trace=300000, nelems=2, elem type=java.lang.Object[]@5000009c)
	[0]		5000070b
	[1]		50000500
OBJ 5000070b (sz=24, trace=300000, class=java.lang.String@500000bf)
	value		5000070c
ARR 5000070c (sz=14, trace=300000, nelems=7, elem type=char[])
ARR 5000070d (sz=12, trace=300000, nelems=6, elem type=char[])
OBJ 5000070e (sz=24, trace=300000, class=java.lang.String@500000bf)
	value		5000070f
ARR 5000070f (sz=14, trace=300000, nelems=7, elem type=char[])
OBJ 50000710 (sz=24, trace=300000, class=java.lang.String@500000bf)
	value		50000712
ARR 50000711 (sz=24, trace=300000, nelems=2, elem type=java.lang.Object[]@5000009c)
	[0]		5000044e
	[1]		500004d8
ARR 50000712 (sz=12, trace=300000, nelems=6, elem type=char[])
OBJ 50000713 (sz=24, trace=300000, class=java.lang.String@500000bf)
	value		50000714
ARR 50000714 (sz=22, trace=300000, nelems=11, elem type=char[])
OBJ 50000715 (sz=24, trace=300000, class=java.lang.String@500000bf)
	value		50000716
ARR 50000716 (sz=22, trace=300000, nelems=11, elem type=char[])
OBJ 50000717 (sz=24, trace=300000, class=java.lang.String@500000bf)
	value		50000718
ARR 50000718 (sz=12, trace=300000, nelems=6, elem type=char[])
OBJ 50000719 (sz=24, trace=300000, class=java.lang.String@500000bf)
	value		5000071a
ARR 5000071a (sz=12, trace=300000, nelems=6, elem type=char[])
OBJ 5000071b (sz=24, trace=300000, class=java.lang.String@500000bf)
	value		5000071c
ARR 5000071c (sz=12, trace=300000, nelems=6, elem type=char[])
OBJ 5000071d (sz=24, trace=300000, class=java.lang.String@500000bf)
	value		5000071e
ARR 5000071e (sz=18, trace=300000, nelems=9, elem type=char[])
OBJ 5000071f (sz=24, trace=300000, class=java.lang.String@500000bf)
	value		50000720
ARR 50000720 (sz=18, trace=300000, nelems=9, elem type=char[])
OBJ 50000721 (sz=24, trace=300000, class=java.lang.String@500000bf)
	value		50000722
ARR 50000722 (sz=18, trace=300000, nelems=9, elem type=char[])
OBJ 50000723 (sz=24, trace=300000, class=java.lang.String@500000bf)
	value		50000724
ARR 50000724 (sz=18, trace=300000, nelems=9, elem type=char[])
OBJ 50000725 (sz=24, trace=300000, class=java.lang.String@500000bf)
	value		50000726
ARR 50000726 (sz=18, trace=300000, nelems=9, elem type=char[])
OBJ 50000727 (sz=24, trace=300000, class=java.lang.String@500000bf)
	value		50000728
ARR 50000728 (sz=18, trace=300000, nelems=9, elem type=char[])
OBJ 50000729 (sz=24, trace=300000, class=java.lang.String@500000bf)
	value		5000072a
ARR 5000072a (sz=42, trace=300000, nelems=21, elem type=char[])
OBJ 5000072b (sz=24, trace=300000, class=java.lang.String@500000bf)
	value		5000072c
ARR 5000072c (sz=6, trace=300000, nelems=3, elem type=char[])
OBJ 5000072d (sz=24, trace=300000, class=java.lang.String@500000bf)
	value		5000072e
ARR 5000072e (sz=30, trace=300000, nelems=15, elem type=char[])
OBJ 5000072f (sz=24, trace=300000, class=java.lang.String@500000bf)
	value		50000730
ARR 50000730 (sz=20, trace=300000, nelems=10, elem type=char[])
OBJ 50000731 (sz=24, trace=300000, class=java.lang.String@500000bf)
	value		50000732
ARR 50000732 (sz=30, trace=300000, nelems=15, elem type=char[])
OBJ 50000733 (sz=24, trace=300000, class=java.lang.String@500000bf)
	value		50000734
ARR 50000734 (sz=20, trace=300000, nelems=10, elem type=char[])
OBJ 50000735 (sz=24, trace=300000, class=java.lang.String@500000bf)
	value		50000736
ARR 50000736 (sz=6, trace=300000, nelems=3, elem type=char[])
OBJ 50000737 (sz=24, trace=300000, class=java.lang.String@500000bf)
	value		50000738
ARR 50000738 (sz=6, trace=300000, nelems=3, elem type=char[])
OBJ 50000739 (sz=24, trace=300000, class=java.lang.String@500000bf)
	value		5000073a
ARR 5000073a (sz=14, trace=300000, nelems=7, elem type=char[])
OBJ 5000073b (sz=24, trace=300000, class=java.lang.String@500000bf)
	value		5000073f
ARR 5000073c (sz=24, trace=300000, nelems=2, elem type=java.lang.Object[]@5000009c)
	[0]		5000073d
	[1]		500004eb
OBJ 5000073d (sz=24, trace=300000, class=java.lang.String@500000bf)
	value		5000073e
ARR 5000073e (sz=6, trace=300000, nelems=3, elem type=char[])
ARR 5000073f (sz=6, trace=300000, nelems=3, elem type=char[])
OBJ 50000740 (sz=24, trace=300000, class=java.lang.String@500000bf)
	value		50000742
ARR 50000741 (sz=24, trace=300000, nelems=2, elem type=java.lang.Object[]@5000009c)
	[0]		50000444
	[1]		500004d8
ARR 50000742 (sz=6, trace=300000, nelems=3, elem type=char[])
OBJ 50000743 (sz=24, trace=300000, class=java.lang.String@500000bf)
	value		50000744
ARR 50000744 (sz=6, trace=300000, nelems=3, elem type=char[])
OBJ 50000745 (sz=24, trace=300000, class=java.lang.String@500000bf)
	value		50000746
ARR 50000746 (sz=6, trace=300000, nelems=3, elem type=char[])
OBJ 50000747 (sz=24, trace=300000, class=java.lang.String@500000bf)
	value		5000074b
ARR 50000748 (sz=24, trace=300000, nelems=2, elem type=java.lang.Object[]@5000009c)
	[0]		50000749
	[1]		5000050c
OBJ 50000749 (sz=24, trace=300000, class=java.lang.String@500000bf)
	value		5000074a
ARR 5000074a (sz=10, trace=300000, nelems=5, elem type=char[])
ARR 5000074b (sz=6, trace=300000, nelems=3, elem type=char[])
OBJ 5000074c (sz=24, trace=300000, class=java.lang.String@500000bf)
	value		5000074d
ARR 5000074d (sz=10, trace=300000, nelems=5, elem type=char[])
OBJ 5000074e (sz=24, trace=300000, class=java.lang.String@500000bf)
	value		50000752
ARR 5000074f (sz=24, trace=300000, nelems=2, elem type=java.lang.Object[]@5000009c)
	[0]		50000750
	[1]		50000531
OBJ 50000750 (sz=24, trace=300000, class=java.lang.String@500000bf)
	value		50000751
ARR 50000751 (sz=18, trace=300000, nelems=9, elem type=char[])
ARR 50000752 (sz=32, trace=300000, nelems=16, elem type=char[])
OBJ 50000753 (sz=24, trace=300000, class=java.lang.String@500000bf)
	value		50000754
ARR 50000754 (sz=16, trace=300000, nelems=8, elem type=char[])
OBJ 50000755 (sz=24, trace=300000, class=java.lang.String@500000bf)
	value		50000756
ARR 50000756 (sz=24, trace=300000, nelems=12, elem type=char[])
OBJ 50000757 (sz=24, trace=300000, class=java.lang.String@500000bf)
	value		50000758
ARR 50000758 (sz=10, trace=300000, nelems=5, elem type=char[])
OBJ 50000759 (sz=24, trace=300000, class=java.lang.String@500000bf)
	value		5000075a
ARR 5000075a (sz=10, trace=300000, nelems=5, elem type=char[])
OBJ 5000075b (sz=24, trace=300000, class=java.lang.String@500000bf)
	value		5000075c
ARR 5000075c (sz=10, trace=300000, nelems=5, elem type=char[])
OBJ 5000075d (sz=24, trace=300000, class=java.lang.String@500000bf)
	value		5000075e
ARR 5000075e (sz=10, trace=300000, nelems=5, elem type=char[])
OBJ 5000075f (sz=24, trace=300000, class=java.lang.String@500000bf)
	value		50000760
ARR 50000760 (sz=10, trace=300000, nelems=5, elem type=char[])
OBJ 50000761 (sz=24, trace=300000, class=java.lang.String@500000bf)
	value		50000762
ARR 50000762 (sz=12, trace=300000, nelems=6, elem type=char[])
OBJ 50000763 (sz=24, trace=300000, class=java.lang.String@500000bf)
	value		50000764
ARR 50000764 (sz=12, trace=300000, nelems=6, elem type=char[])
OBJ 50000765 (sz=24, trace=300000, class=java.lang.String@500000bf)
	value		50000766
ARR 50000766 (sz=16, trace=300000, nelems=8, elem type=char[])
OBJ 50000767 (sz=24, trace=300000, class=java.lang.String@500000bf)
	value		50000768
ARR 50000768 (sz=20, trace=300000, nelems=10, elem type=char[])
OBJ 50000769 (sz=24, trace=300000, class=java.lang.String@500000bf)
	value		5000076a
ARR 5000076a (sz=34, trace=300000, nelems=17, elem type=char[])
OBJ 5000076b (sz=24, trace=300000, class=java.lang.String@500000bf)
	value		5000076c
ARR 5000076c (sz=6, trace=300000, nelems=3, elem type=char[])
OBJ 5000076d (sz=24, trace=300000, class=java.lang.String@500000bf)
	value		5000076e
ARR 5000076e (sz=30, trace=300000, nelems=15, elem type=char[])
OBJ 5000076f (sz=24, trace=300000, class=java.lang.String@500000bf)
	value		50000770
ARR 50000770 (sz=12, trace=300000, nelems=6, elem type=char[])
OBJ 50000771 (sz=24, trace=300000, class=java.lang.String@500000bf)
	value		50000772
ARR 50000772 (sz=12, trace=300000, nelems=6, elem type=char[])
OBJ 50000773 (sz=24, trace=300000, class=java.lang.String@500000bf)
	value		50000777
ARR 50000774 (sz=24, trace=300000, nelems=2, elem type=java.lang.Object[]@5000009c)
	[0]		50000775
	[1]		500004fc
OBJ 50000775 (sz=24, trace=300000, class=java.lang.String@500000bf)
	value		50000776
ARR 50000776 (sz=12, trace=300000, nelems=6, elem type=char[])
ARR 50000777 (sz=6, trace=300000, nelems=3, elem type=char[])
OBJ 50000778 (sz=24, trace=300000, class=java.lang.String@500000bf)
	value		50000779
ARR 50000779 (sz=12, trace=300000, nelems=6, elem type=char[])
OBJ 5000077a (sz=24, trace=300000, class=java.lang.String@500000bf)
	value		5000077b
ARR 5000077b (sz=12, trace=300000, nelems=6, elem type=char[])
OBJ 5000077c (sz=24, trace=300000, class=java.lang.String@500000bf)
	value		50000780
ARR 5000077d (sz=24, trace=300000, nelems=2, elem type=java.lang.Object[]@5000009c)
	[0]		5000077e
	[1]		5000050c
OBJ 5000077e (sz=24, trace=300000, class=java.lang.String@500000bf)
	value		5000077f
ARR 5000077f (sz=12, trace=300000, nelems=6, elem type=char[])
ARR 50000780 (sz=36, trace=300000, nelems=18, elem type=char[])
OBJ 50000781 (sz=24, trace=300000, class=java.lang.String@500000bf)
	value		50000782
ARR 50000782 (sz=6, trace=300000, nelems=3, elem type=char[])
OBJ 50000783 (sz=24, trace=300000, class=java.lang.String@500000bf)
	value		50000784
ARR 50000784 (sz=6, trace=300000, nelems=3, elem type=char[])
OBJ 50000785 (sz=24, trace=300000, class=java.lang.String@500000bf)
	value		50000786
ARR 50000786 (sz=6, trace=300000, nelems=3, elem type=char[])
OBJ 50000787 (sz=24, trace=300000, class=java.lang.String@500000bf)
	value		50000788
ARR 50000788 (sz=6, trace=300000, nelems=3, elem type=char[])
OBJ 50000789 (sz=24, trace=300000, class=java.lang.String@500000bf)
	value		5000078a
ARR 5000078a (sz=6, trace=300000, nelems=3, elem type=char[])
OBJ 5000078b (sz=24, trace=300000, class=java.lang.String@500000bf)
	value		5000078c
ARR 5000078c (sz=30, trace=300000, nelems=15, elem type=char[])
OBJ 5000078d (sz=24, trace=300000, class=java.lang.String@500000bf)
	value		5000078e
ARR 5000078e (sz=18, trace=300000, nelems=9, elem type=char[])
OBJ 5000078f (sz=24, trace=300000, class=java.lang.String@500000bf)
	value		50000790
ARR 50000790 (sz=26, trace=300000, nelems=13, elem type=char[])
OBJ 50000791 (sz=24, trace=300000, class=java.lang.String@500000bf)
	value		50000792
ARR 50000792 (sz=22, trace=300000, nelems=11, elem type=char[])
OBJ 50000793 (sz=24, trace=300000, class=java.lang.String@500000bf)
	value		50000794
ARR 50000794 (sz=22, trace=300000, nelems=11, elem type=char[])
OBJ 50000795 (sz=24, trace=300000, class=java.lang.String@500000bf)
	value		50000796
ARR 50000796 (sz=22, trace=300000, nelems=11, elem type=char[])
OBJ 50000797 (sz=24, trace=300000, class=java.lang.String@500000bf)
	value		50000798
ARR 50000798 (sz=22, trace=300000, nelems=11, elem type=char[])
OBJ 50000799 (sz=24, trace=300000, class=java.lang.String@500000bf)
	value		5000079a
ARR 5000079a (sz=22, trace=300000, nelems=11, elem type=char[])
OBJ 5000079b (sz=24, trace=300000, class=java.lang.String@500000bf)
	value		5000079c
ARR 5000079c (sz=22, trace=300000, nelems=11, elem type=char[])
ARR 5000079d (sz=144, trace=300000, nelems=32, elem type=java.lang.Object[]@5000009c)
	[0]		5000079e
	[2]		5000079f
	[3]		500007a0
	[4]		500007a1
	[5]		500007a2
	[6]		500007a3
	[7]		500007a4
	[8]		500007a5
	[9]		500007a6
	[10]		500007a7
	[11]		500007a8
	[12]		500007a9
	[14]		500007aa
	[15]		500007ab
	[16]		500007ac
	[17]		500007ad
	[18]		500007ae
	[19]		500007af
	[22]		500007b0
	[24]		500007b1
	[28]		500007b2
	[29]		500007b3
	[31]		500007b4
ARR 5000079e (sz=24, trace=300000, nelems=1, elem type=java.lang.Object[]@5000009c)
	[0]		50000548
ARR 5000079f (sz=24, trace=300000, nelems=3, elem type=java.lang.Object[]@5000009c)
	[0]		5000053a
	[2]		500007c2
ARR 500007a0 (sz=24, trace=300000, nelems=3, elem type=java.lang.Object[]@5000009c)
	[0]		50000531
	[2]		500007c1
ARR 500007a1 (sz=24, trace=300000, nelems=3, elem type=java.lang.Object[]@5000009c)
	[0]		50000523
	[2]		500007bf
ARR 500007a2 (sz=24, trace=300000, nelems=3, elem type=java.lang.Object[]@5000009c)
	[0]		5000051a
	[2]		500007be
ARR 500007a3 (sz=24, trace=300000, nelems=1, elem type=java.lang.Object[]@5000009c)
	[0]		50000516
ARR 500007a4 (sz=24, trace=300000, nelems=1, elem type=java.lang.Object[]@5000009c)
	[0]		50000512
ARR 500007a5 (sz=24, trace=300000, nelems=3, elem type=java.lang.Object[]@5000009c)
	[0]		50000509
	[2]		500007bd
ARR 500007a6 (sz=24, trace=300000, nelems=3, elem type=java.lang.Object[]@5000009c)
	[0]		50000500
	[2]		500007bc
ARR 500007a7 (sz=24, trace=300000, nelems=1, elem type=java.lang.Object[]@5000009c)
	[0]		500004fc
ARR 500007a8 (sz=24, trace=300000, nelems=3, elem type=java.lang.Object[]@5000009c)
	[0]		500004f3
	[2]		500007bb
ARR 500007a9 (sz=24, trace=300000, nelems=1, elem type=java.lang.Object[]@5000009c)
	[0]		500004ef
ARR 500007aa (sz=24, trace=300000, nelems=1, elem type=java.lang.Object[]@5000009c)
	[0]		500004eb
ARR 500007ab (sz=24, trace=300000, nelems=1, elem type=java.lang.Object[]@5000009c)
	[0]		500004e7
ARR 500007ac (sz=24, trace=300000, nelems=3, elem type=java.lang.Object[]@5000009c)
	[0]		500004de
	[2]		500007ba
ARR 500007ad (sz=24, trace=300000, nelems=3, elem type=java.lang.Object[]@5000009c)
	[0]		500004d5
	[2]		500007b9
ARR 500007ae (sz=24, trace=300000, nelems=3, elem type=java.lang.Object[]@5000009c)
	[0]		500004c7
	[2]		500007b7
ARR 500007af (sz=24, trace=300000, nelems=3, elem type=java.lang.Object[]@5000009c)
	[0]		500004b9
	[2]		500007b5
ARR 500007b0 (sz=24, trace=300000, nelems=1, elem type=java.lang.Object[]@5000009c)
	[0]		500004b5
ARR 500007b1 (sz=24, trace=300000, nelems=1, elem type=java.lang.Object[]@5000009c)
	[0]		500004b1
ARR 500007b2 (sz=24, trace=300000, nelems=1, elem type=java.lang.Object[]@5000009c)
	[0]		500004ad
ARR 500007b3 (sz=24, trace=300000, nelems=1, elem type=java.lang.Object[]@5000009c)
	[0]		500004a9
ARR 500007b4 (sz=24, trace=300000, nelems=1, elem type=java.lang.Object[]@5000009c)
	[0]		500004a5
ARR 500007b5 (sz=24, trace=300000, nelems=3, elem type=java.lang.Object[]@5000009c)
	[0]		500004bc
	[2]		500007b6
ARR 500007b6 (sz=24, trace=300000, nelems=1, elem type=java.lang.Object[]@5000009c)
	[0]		500004bf
ARR 500007b7 (sz=24, trace=300000, nelems=3, elem type=java.lang.Object[]@5000009c)
	[0]		500004ca
	[2]		500007b8
ARR 500007b8 (sz=24, trace=300000, nelems=1, elem type=java.lang.Object[]@5000009c)
	[0]		500004cd
ARR 500007b9 (sz=24, trace=300000, nelems=2, elem type=java.lang.Object[]@5000009c)
	[0]		500004d8
	[1]		50000440
ARR 500007ba (sz=24, trace=300000, nelems=1, elem type=java.lang.Object[]@5000009c)
	[0]		500004e1
ARR 500007bb (sz=24, trace=300000, nelems=1, elem type=java.lang.Object[]@5000009c)
	[0]		500004f6
ARR 500007bc (sz=24, trace=300000, nelems=1, elem type=java.lang.Object[]@5000009c)
	[0]		50000503
ARR 500007bd (sz=24, trace=300000, nelems=1, elem type=java.lang.Object[]@5000009c)
	[0]		5000050c
ARR 500007be (sz=24, trace=300000, nelems=1, elem type=java.lang.Object[]@5000009c)
	[0]		5000051d
ARR 500007bf (sz=24, trace=300000, nelems=3, elem type=java.lang.Object[]@5000009c)
	[0]		50000526
	[2]		500007c0
ARR 500007c0 (sz=24, trace=300000, nelems=1, elem type=java.lang.Object[]@5000009c)
	[0]		50000529
ARR 500007c1 (sz=24, trace=300000, nelems=1, elem type=java.lang.Object[]@5000009c)
	[0]		50000534
ARR 500007c2 (sz=24, trace=300000, nelems=3, elem type=java.lang.Object[]@5000009c)
	[0]		5000053d
	[2]		500007c3
ARR 500007c3 (sz=24, trace=300000, nelems=1, elem type=java.lang.Object[]@5000009c)
	[0]		50000540
ARR 500007c4 (sz=20, trace=300000, nelems=10, elem type=char[])
OBJ 500007c5 (sz=24, trace=300000, class=java.lang.String@500000bf)
	value		50000843
OBJ 500007c6 (sz=24, trace=300000, class=java.lang.String@500000bf)
	value		50000844
OBJ 500007c7 (sz=24, trace=300000, class=java.lang.String@500000bf)
	value		50000833
OBJ 500007c8 (sz=24, trace=300000, class=java.lang.String@500000bf)
	value		50000852
OBJ 500007c9 (sz=24, trace=300000, class=java.lang.String@500000bf)
	value		50000835
OBJ 500007ca (sz=24, trace=300000, class=java.lang.String@500000bf)
	value		50000853
OBJ 500007cb (sz=24, trace=300000, class=java.lang.String@500000bf)
	value		50000827
OBJ 500007cc (sz=24, trace=300000, class=java.lang.String@500000bf)
	value		50000856
OBJ 500007cd (sz=24, trace=300000, class=java.lang.String@500000bf)
	value		50000830
OBJ 500007ce (sz=24, trace=300000, class=java.lang.String@500000bf)
	value		5000084b
OBJ 500007cf (sz=24, trace=300000, class=java.lang.String@500000bf)
	value		50000854
OBJ 500007d0 (sz=24, trace=300000, class=java.lang.String@500000bf)
	value		50000838
OBJ 500007d1 (sz=24, trace=300000, class=java.lang.String@500000bf)
	value		5000083f
OBJ 500007d2 (sz=24, trace=300000, class=java.lang.String@500000bf)
	value		50000848
OBJ 500007d3 (sz=24, trace=300000, class=java.lang.String@500000bf)
	value		50000832
OBJ 500007d4 (sz=24, trace=300000, class=java.lang.String@500000bf)
	value		50000855
OBJ 500007d5 (sz=24, trace=300000, class=java.lang.String@500000bf)
	value		5000084c
OBJ 500007d6 (sz=24, trace=300000, class=java.lang.String@500000bf)
	value		50000836
OBJ 500007d7 (sz=24, trace=300000, class=java.lang.String@500000bf)
	value		50000857
OBJ 500007d8 (sz=24, trace=300000, class=java.lang.String@500000bf)
	value		50000831
OBJ 500007d9 (sz=24, trace=300000, class=java.lang.String@500000bf)
	value		5000083a
OBJ 500007da (sz=24, trace=300000, class=java.lang.String@500000bf)
	value		50000839
OBJ 500007db (sz=24, trace=300000, class=java.lang.String@500000bf)
	value		5000083d
OBJ 500007dc (sz=24, trace=300000, class=java.lang.String@500000bf)
	value		5000083c
OBJ 500007dd (sz=24, trace=300000, class=java.lang.String@500000bf)
	value		50000841
OBJ 500007de (sz=24, trace=300000, class=java.lang.String@500000bf)
	value		50000840
OBJ 500007df (sz=24, trace=300000, class=java.lang.String@500000bf)
	value		50000846
OBJ 500007e0 (sz=24, trace=300000, class=java.lang.String@500000bf)
	value		50000845
OBJ 500007e1 (sz=24, trace=300000, class=java.lang.String@500000bf)
	value		5000084a
OBJ 500007e2 (sz=24, trace=300000, class=java.lang.String@500000bf)
	value		50000849
OBJ 500007e3 (sz=24, trace=300000, class=java.lang.String@500000bf)
	value		5000084f
OBJ 500007e4 (sz=24, trace=300000, class=java.lang.String@500000bf)
	value		50000851
OBJ 500007e5 (sz=24, trace=300000, class=java.lang.String@500000bf)
	value		50000850
OBJ 500007e6 (sz=24, trace=300000, class=java.lang.String@500000bf)
	value		5000082f
OBJ 500007e7 (sz=24, trace=300000, class=java.lang.String@500000bf)
	value		5000082e
OBJ 500007e8 (sz=24, trace=300000, class=java.lang.String@500000bf)
	value		5000082b
OBJ 500007e9 (sz=24, trace=300000, class=java.lang.String@500000bf)
	value		50000823
OBJ 500007ea (sz=24, trace=300000, class=java.lang.String@500000bf)
	value		50000824
OBJ 500007eb (sz=24, trace=300000, class=java.lang.String@500000bf)
	value		50000825
OBJ 500007ec (sz=24, trace=300000, class=java.lang.String@500000bf)
	value		5000082a
OBJ 500007ed (sz=24, trace=300000, class=java.lang.String@500000bf)
	value		50000828
OBJ 500007ee (sz=24, trace=300000, class=java.lang.String@500000bf)
	value		50000826
OBJ 500007ef (sz=24, trace=300000, class=java.lang.String@500000bf)
	value		50000829
OBJ 500007f0 (sz=24, trace=300000, class=java.lang.String@500000bf)
	value		5000082d
OBJ 500007f1 (sz=24, trace=300000, class=java.lang.String@500000bf)
	value		5000082c
OBJ 500007f2 (sz=24, trace=300000, class=java.lang.String@500000bf)
	value		50000859
OBJ 500007f3 (sz=24, trace=300000, class=java.lang.String@500000bf)
	value		5000085a
OBJ 500007f4 (sz=24, trace=300000, class=java.lang.String@500000bf)
	value		5000085b
OBJ 500007f5 (sz=24, trace=300000, class=java.lang.String@500000bf)
	value		50000834
OBJ 500007f6 (sz=24, trace=300000, class=java.lang.String@500000bf)
	value		50000837
OBJ 500007f7 (sz=24, trace=300000, class=java.lang.String@500000bf)
	value		5000083b
OBJ 500007f8 (sz=24, trace=300000, class=java.lang.String@500000bf)
	value		50000847
OBJ 500007f9 (sz=24, trace=300000, class=java.lang.String@500000bf)
	value		5000083e
OBJ 500007fa (sz=24, trace=300000, class=java.lang.String@500000bf)
	value		50000842
OBJ 500007fb (sz=24, trace=300000, class=java.lang.String@500000bf)
	value		5000084e
OBJ 500007fc (sz=24, trace=300000, class=java.lang.String@500000bf)
	value		5000084d
OBJ 500007fd (sz=24, trace=300000, class=java.lang.String@500000bf)
	value		50000858
ARR 500007fe (sz=32, trace=300000, nelems=4, elem type=java.lang.String[]@500000c0)
	[0]		500006cc
	[1]		50000692
	[2]		5000068e
	[3]		5000072b
ARR 500007ff (sz=32, trace=300000, nelems=5, elem type=java.lang.String[]@500000c0)
	[0]		500006d6
	[1]		5000053a
	[2]		50000694
	[3]		50000735
	[4]		500007f4
ARR 50000800 (sz=40, trace=300000, nelems=6, elem type=java.lang.String[]@500000c0)
	[0]		500006d8
	[1]		50000548
	[2]		50000696
	[3]		50000737
	[4]		500007f3
	[5]		50000642
ARR 50000801 (sz=32, trace=300000, nelems=4, elem type=java.lang.String[]@500000c0)
	[0]		500006e8
	[1]		50000644
	[2]		50000666
	[3]		5000073b
ARR 50000802 (sz=32, trace=300000, nelems=5, elem type=java.lang.String[]@500000c0)
	[0]		500006ed
	[1]		500004bc
	[2]		500006a4
	[3]		50000740
	[4]		500007f2
ARR 50000803 (sz=32, trace=300000, nelems=5, elem type=java.lang.String[]@500000c0)
	[0]		500006f2
	[1]		500006a6
	[2]		500004c7
	[3]		50000743
	[4]		5000062a
ARR 50000804 (sz=32, trace=300000, nelems=5, elem type=java.lang.String[]@500000c0)
	[0]		500006f6
	[1]		500004de
	[2]		500006a8
	[3]		50000745
	[4]		500007fd
ARR 50000805 (sz=32, trace=300000, nelems=5, elem type=java.lang.String[]@500000c0)
	[0]		500006fd
	[1]		500006aa
	[2]		500004e7
	[3]		50000747
	[4]		50000610
ARR 50000806 (sz=32, trace=300000, nelems=4, elem type=java.lang.String[]@500000c0)
	[0]		500006b2
	[1]		500004e1
	[2]		50000668
	[3]		500006e2
ARR 50000807 (sz=32, trace=300000, nelems=4, elem type=java.lang.String[]@500000c0)
	[0]		500006ea
	[1]		500006ae
	[2]		500006a2
	[3]		5000073d
ARR 50000808 (sz=40, trace=300000, nelems=6, elem type=java.lang.String[]@500000c0)
	[0]		5000069e
	[1]		500004ca
	[2]		5000065e
	[3]		500006c6
	[4]		5000074e
	[5]		50000628
ARR 50000809 (sz=24, trace=300000, nelems=2, elem type=java.lang.String[]@500000c0)
	[0]		50000677
	[1]		50000616
ARR 5000080a (sz=24, trace=300000, nelems=2, elem type=java.lang.String[]@500000c0)
	[0]		5000067a
	[1]		50000618
ARR 5000080b (sz=24, trace=300000, nelems=2, elem type=java.lang.String[]@500000c0)
	[0]		5000067c
	[1]		5000061c
ARR 5000080c (sz=24, trace=300000, nelems=2, elem type=java.lang.String[]@500000c0)
	[0]		5000067e
	[1]		5000061e
ARR 5000080d (sz=24, trace=300000, nelems=3, elem type=java.lang.String[]@500000c0)
	[0]		50000680
	[1]		50000620
	[2]		50000750
ARR 5000080e (sz=24, trace=300000, nelems=2, elem type=java.lang.String[]@500000c0)
	[0]		50000682
	[1]		50000622
ARR 5000080f (sz=16, trace=300000, nelems=1, elem type=java.lang.String[]@500000c0)
	[0]		50000761
ARR 50000810 (sz=24, trace=300000, nelems=3, elem type=java.lang.String[]@500000c0)
	[0]		50000763
	[1]		500006e4
	[2]		5000064e
ARR 50000811 (sz=72, trace=300000, nelems=15, elem type=java.lang.String[]@500000c0)
	[0]		500007d7
	[1]		50000662
	[2]		500007cc
	[3]		500007d4
	[4]		500007cf
	[5]		500007ca
	[6]		500007c8
	[7]		50000757
	[8]		50000781
	[9]		500007e4
	[10]		500007e5
	[11]		500007e3
	[12]		500007fb
	[13]		500007fc
	[14]		500007d5
ARR 50000812 (sz=32, trace=300000, nelems=4, elem type=java.lang.String[]@500000c0)
	[0]		50000671
	[1]		50000664
	[2]		50000715
	[3]		500007ce
ARR 50000813 (sz=64, trace=300000, nelems=13, elem type=java.lang.String[]@500000c0)
	[0]		5000071d
	[1]		5000076f
	[2]		50000698
	[3]		500007e1
	[4]		500007e2
	[5]		500007d2
	[6]		500006bc
	[7]		500006f4
	[8]		50000709
	[9]		500006de
	[10]		50000783
	[11]		50000759
	[12]		500007f8
ARR 50000814 (sz=80, trace=300000, nelems=16, elem type=java.lang.String[]@500000c0)
	[0]		5000071f
	[1]		50000771
	[2]		500006b0
	[3]		500007df
	[4]		500007e0
	[5]		500007c6
	[6]		500007c5
	[7]		50000654
	[8]		50000710
	[9]		500007fa
	[10]		50000637
	[11]		500006da
	[12]		500006d0
	[13]		50000773
	[14]		5000074c
	[15]		50000648
ARR 50000815 (sz=64, trace=300000, nelems=12, elem type=java.lang.String[]@500000c0)
	[0]		50000721
	[1]		50000775
	[2]		5000069a
	[3]		500007dd
	[4]		500007de
	[5]		500007d1
	[6]		500006fb
	[7]		50000717
	[8]		50000707
	[9]		5000075b
	[10]		50000785
	[11]		500007f9
ARR 50000816 (sz=64, trace=300000, nelems=13, elem type=java.lang.String[]@500000c0)
	[0]		50000723
	[1]		5000064c
	[2]		50000778
	[3]		500006ba
	[4]		500007db
	[5]		500007dc
	[6]		500006be
	[7]		500006f8
	[8]		50000719
	[9]		5000070b
	[10]		5000075d
	[11]		50000787
	[12]		500007f7
ARR 50000817 (sz=64, trace=300000, nelems=13, elem type=java.lang.String[]@500000c0)
	[0]		50000725
	[1]		5000077a
	[2]		500006c8
	[3]		500007d9
	[4]		500007da
	[5]		500007d0
	[6]		500006c0
	[7]		50000701
	[8]		5000071b
	[9]		5000070e
	[10]		5000075f
	[11]		50000789
	[12]		500007f6
ARR 50000818 (sz=72, trace=300000, nelems=14, elem type=java.lang.String[]@500000c0)
	[0]		500006ca
	[1]		500007d6
	[2]		500006c2
	[3]		50000705
	[4]		500007c9
	[5]		50000749
	[6]		500007f5
	[7]		5000076b
	[8]		500007c7
	[9]		500007d3
	[10]		500007d8
	[11]		5000050d
	[12]		5000077e
	[13]		500007cd
ARR 50000819 (sz=24, trace=300000, nelems=2, elem type=java.lang.String[]@500000c0)
	[0]		500004b2
	[1]		500007e6
ARR 5000081a (sz=24, trace=300000, nelems=2, elem type=java.lang.String[]@500000c0)
	[0]		500004c0
	[1]		500007e7
ARR 5000081b (sz=24, trace=300000, nelems=2, elem type=java.lang.String[]@500000c0)
	[0]		5000052a
	[1]		500007f0
ARR 5000081c (sz=24, trace=300000, nelems=2, elem type=java.lang.String[]@500000c0)
	[0]		500004a6
	[1]		500007f1
ARR 5000081d (sz=24, trace=300000, nelems=2, elem type=java.lang.String[]@500000c0)
	[0]		5000053e
	[1]		500007e8
ARR 5000081e (sz=16, trace=300000, nelems=1, elem type=java.lang.String[]@500000c0)
	[0]		500007ec
ARR 5000081f (sz=24, trace=300000, nelems=3, elem type=java.lang.String[]@500000c0)
	[0]		50000541
	[1]		500007ef
	[2]		500007ed
ARR 50000820 (sz=32, trace=300000, nelems=4, elem type=java.lang.String[]@500000c0)
	[0]		50000513
	[1]		500007cb
	[2]		500007ee
	[3]		500007eb
ARR 50000821 (sz=32, trace=300000, nelems=4, elem type=java.lang.String[]@500000c0)
	[0]		5000051e
	[1]		5000069c
	[2]		50000656
	[3]		500007ea
ARR 50000822 (sz=24, trace=300000, nelems=2, elem type=java.lang.String[]@500000c0)
	[0]		500007e9
	[1]		50000769
ARR 50000823 (sz=8, trace=300000, nelems=4, elem type=char[])
ARR 50000824 (sz=20, trace=300000, nelems=10, elem type=char[])
ARR 50000825 (sz=36, trace=300000, nelems=18, elem type=char[])
ARR 50000826 (sz=20, trace=300000, nelems=10, elem type=char[])
ARR 50000827 (sz=30, trace=300000, nelems=15, elem type=char[])
ARR 50000828 (sz=42, trace=300000, nelems=21, elem type=char[])
ARR 50000829 (sz=20, trace=300000, nelems=10, elem type=char[])
ARR 5000082a (sz=26, trace=300000, nelems=13, elem type=char[])
ARR 5000082b (sz=10, trace=300000, nelems=5, elem type=char[])
ARR 5000082c (sz=20, trace=300000, nelems=10, elem type=char[])
ARR 5000082d (sz=20, trace=300000, nelems=10, elem type=char[])
ARR 5000082e (sz=24, trace=300000, nelems=12, elem type=char[])
ARR 5000082f (sz=24, trace=300000, nelems=12, elem type=char[])
ARR 50000830 (sz=18, trace=300000, nelems=9, elem type=char[])
ARR 50000831 (sz=30, trace=300000, nelems=15, elem type=char[])
ARR 50000832 (sz=18, trace=300000, nelems=9, elem type=char[])
ARR 50000833 (sz=14, trace=300000, nelems=7, elem type=char[])
ARR 50000834 (sz=22, trace=300000, nelems=11, elem type=char[])
ARR 50000835 (sz=12, trace=300000, nelems=6, elem type=char[])
ARR 50000836 (sz=20, trace=300000, nelems=10, elem type=char[])
ARR 50000837 (sz=22, trace=300000, nelems=11, elem type=char[])
ARR 50000838 (sz=18, trace=300000, nelems=9, elem type=char[])
ARR 50000839 (sz=30, trace=300000, nelems=15, elem type=char[])
ARR 5000083a (sz=20, trace=300000, nelems=10, elem type=char[])
ARR 5000083b (sz=22, trace=300000, nelems=11, elem type=char[])
ARR 5000083c (sz=30, trace=300000, nelems=15, elem type=char[])
ARR 5000083d (sz=20, trace=300000, nelems=10, elem type=char[])
ARR 5000083e (sz=36, trace=300000, nelems=18, elem type=char[])
ARR 5000083f (sz=18, trace=300000, nelems=9, elem type=char[])
ARR 50000840 (sz=30, trace=300000, nelems=15, elem type=char[])
ARR 50000841 (sz=20, trace=300000, nelems=10, elem type=char[])
ARR 50000842 (sz=30, trace=300000, nelems=15, elem type=char[])
ARR 50000843 (sz=16, trace=300000, nelems=8, elem type=char[])
ARR 50000844 (sz=16, trace=300000, nelems=8, elem type=char[])
ARR 50000845 (sz=30, trace=300000, nelems=15, elem type=char[])
ARR 50000846 (sz=20, trace=300000, nelems=10, elem type=char[])
ARR 50000847 (sz=22, trace=300000, nelems=11, elem type=char[])
ARR 50000848 (sz=18, trace=300000, nelems=9, elem type=char[])
ARR 50000849 (sz=30, trace=300000, nelems=15, elem type=char[])
ARR 5000084a (sz=20, trace=300000, nelems=10, elem type=char[])
ARR 5000084b (sz=20, trace=300000, nelems=10, elem type=char[])
ARR 5000084c (sz=30, trace=300000, nelems=15, elem type=char[])
ARR 5000084d (sz=22, trace=300000, nelems=11, elem type=char[])
ARR 5000084e (sz=22, trace=300000, nelems=11, elem type=char[])
ARR 5000084f (sz=4, trace=300000, nelems=2, elem type=char[])
ARR 50000850 (sz=12, trace=300000, nelems=6, elem type=char[])
ARR 50000851 (sz=12, trace=300000, nelems=6, elem type=char[])
ARR 50000852 (sz=14, trace=300000, nelems=7, elem type=char[])
ARR 50000853 (sz=12, trace=300000, nelems=6, elem type=char[])
ARR 50000854 (sz=20, trace=300000, nelems=10, elem type=char[])
ARR 50000855 (sz=20, trace=300000, nelems=10, elem type=char[])
ARR 50000856 (sz=22, trace=300000, nelems=11, elem type=char[])
ARR 50000857 (sz=22, trace=300000, nelems=11, elem type=char[])
ARR 50000858 (sz=16, trace=300000, nelems=8, elem type=char[])
ARR 50000859 (sz=16, trace=300000, nelems=8, elem type=char[])
ARR 5000085a (sz=16, trace=300000, nelems=8, elem type=char[])
ARR 5000085b (sz=16, trace=300000, nelems=8, elem type=char[])
ARR 5000085c (sz=28, trace=300000, nelems=14, elem type=char[])
OBJ 5000085d (sz=16, trace=300000, class=java.util.concurrent.atomic.AtomicInteger@50000091)
OBJ 5000085e (sz=24, trace=300000, class=java.lang.String@500000bf)
	value		50000865
OBJ 5000085f (sz=24, trace=300000, class=java.lang.ref.ReferenceQueue$Null@500000db)
	lock		50000862
OBJ 50000860 (sz=24, trace=300000, class=java.lang.ref.ReferenceQueue$Null@500000db)
	lock		50000861
OBJ 50000861 (sz=8, trace=300000, class=java.lang.ref.ReferenceQueue$Lock@50000015)
OBJ 50000862 (sz=8, trace=300000, class=java.lang.ref.ReferenceQueue$Lock@50000015)
OBJ 50000863 (sz=24, trace=300000, class=java.lang.String@500000bf)
	value		50000864
ARR 50000864 (sz=12, trace=300000, nelems=6, elem type=char[])
ARR 50000865 (sz=34, trace=300000, nelems=17, elem type=char[])
OBJ 50000866 (sz=24, trace=300000, class=java.lang.String@500000bf)
	value		5000099d
OBJ 50000867 (sz=24, trace=300000, class=java.lang.String@500000bf)
	value		5000099c
OBJ 50000868 (sz=24, trace=300000, class=java.lang.String@500000bf)
	value		5000099b
ARR 50000869 (sz=32, trace=300000, nelems=16, elem type=char[])
OBJ 5000086a (sz=8, trace=300000, class=java.util.Hashtable$EmptyIterator@500000eb)
OBJ 5000086b (sz=8, trace=300000, class=java.util.Hashtable$EmptyEnumerator@50000040)
OBJ 5000086c (sz=8, trace=300000, class=java.lang.Runtime@50000065)
OBJ 5000086d (sz=24, trace=300000, class=java.lang.String@500000bf)
	value		5000099a
OBJ 5000086e (sz=24, trace=300000, class=java.lang.String@500000bf)
	value		50000999
OBJ 5000086f (sz=24, trace=300000, class=java.lang.String@500000bf)
	value		50000998
ARR 50000870 (sz=16, trace=300000, nelems=1, elem type=java.lang.String[]@500000c0)
	[0]		50000994
ARR 50000871 (sz=40, trace=300000, nelems=6, elem type=java.lang.String[]@500000c0)
	[0]		5000098d
	[1]		5000098e
	[2]		5000098f
	[3]		50000990
	[4]		50000991
	[5]		50000992
OBJ 50000872 (sz=24, trace=300000, class=java.util.Stack@500000f9)
	elementData	5000098c
OBJ 50000873 (sz=24, trace=300000, class=java.util.Vector@500000f3)
	elementData	5000098a
OBJ 50000874 (sz=24, trace=300000, class=java.util.Vector@500000f3)
	elementData	50000989
OBJ 50000875 (sz=24, trace=300000, class=java.security.AccessControlContext@500000a8)
OBJ 50000876 (sz=32, trace=300000, class=sun.misc.URLClassPath@500000bc)
	path		50000984
	urls		50000983
	loaders		50000982
	lmap		50000981
	jarHandler	50000980
OBJ 50000877 (sz=40, trace=300000, class=java.util.HashMap@5000011a)
	table		5000097f
OBJ 50000878 (sz=24, trace=300000, class=java.util.Vector@500000f3)
	elementData	5000097e
OBJ 50000879 (sz=40, trace=300000, class=java.util.HashMap@5000011a)
	table		5000097d
OBJ 5000087a (sz=16, trace=300000, class=java.util.HashSet@50000106)
	map		5000097b
OBJ 5000087b (sz=24, trace=300000, class=java.util.Vector@500000f3)
	elementData	50000971
OBJ 5000087c (sz=40, trace=300000, class=java.util.Hashtable@500000b2)
	table		50000970
OBJ 5000087d (sz=72, trace=300000, class=sun.misc.Launcher$ExtClassLoader@50000127)
	package2certs	50000886
	classes		50000885
	domains		50000884
	packages	50000883
	nativeLibraries	50000882
	pdcache		50000881
	ucp		50000880
	acc		5000087f
	dirs		5000087e
ARR 5000087e (sz=24, trace=300000, nelems=2, elem type=java.io.File[]@500000e1)
	[0]		50000960
	[1]		50000961
OBJ 5000087f (sz=24, trace=300000, class=java.security.AccessControlContext@500000a8)
OBJ 50000880 (sz=32, trace=300000, class=sun.misc.URLClassPath@500000bc)
	path		50000892
	urls		50000891
	loaders		50000890
	lmap		5000088f
	jarHandler	5000088e
OBJ 50000881 (sz=40, trace=300000, class=java.util.HashMap@5000011a)
	table		5000088d
OBJ 50000882 (sz=24, trace=300000, class=java.util.Vector@500000f3)
	elementData	5000088c
OBJ 50000883 (sz=40, trace=300000, class=java.util.HashMap@5000011a)
	table		5000088b
OBJ 50000884 (sz=16, trace=300000, class=java.util.HashSet@50000106)
	map		50000889
OBJ 50000885 (sz=24, trace=300000, class=java.util.Vector@500000f3)
	elementData	50000888
OBJ 50000886 (sz=40, trace=300000, class=java.util.Hashtable@500000b2)
	table		50000887
ARR 50000887 (sz=56, trace=300000, nelems=0, elem type=java.util.Hashtable$Entry[]@50000122)
ARR 50000888 (sz=56, trace=300000, nelems=0, elem type=java.lang.Object[]@5000009c)
OBJ 50000889 (sz=40, trace=300000, class=java.util.HashMap@5000011a)
	table		5000088a
ARR 5000088a (sz=80, trace=300000, nelems=0, elem type=java.util.HashMap$Entry[]@50000058)
ARR 5000088b (sz=80, trace=300000, nelems=0, elem type=java.util.HashMap$Entry[]@50000058)
ARR 5000088c (sz=56, trace=300000, nelems=0, elem type=java.lang.Object[]@5000009c)
ARR 5000088d (sz=80, trace=300000, nelems=0, elem type=java.util.HashMap$Entry[]@50000058)
OBJ 5000088e (sz=8, trace=300000, class=sun.net.www.protocol.jar.Handler@500000ae)
OBJ 5000088f (sz=40, trace=300000, class=java.util.HashMap@5000011a)
	table		50000957
OBJ 50000890 (sz=24, trace=300000, class=java.util.ArrayList@500000e4)
	elementData	5000091a
OBJ 50000891 (sz=24, trace=300000, class=java.util.Stack@500000f9)
	elementData	50000919
OBJ 50000892 (sz=24, trace=300000, class=java.util.ArrayList@500000e4)
	elementData	50000893
ARR 50000893 (sz=56, trace=300000, nelems=4, elem type=java.lang.Object[]@5000009c)
	[0]		50000894
	[1]		50000895
	[2]		50000896
	[3]		50000897
OBJ 50000894 (sz=56, trace=300000, class=java.net.URL@500000b9)
	protocol	5000089a
	host		50000347
	file		50000917
	authority	50000347
	path		50000917
	handler		50000898
OBJ 50000895 (sz=56, trace=300000, class=java.net.URL@500000b9)
	protocol	5000089a
	host		50000347
	file		50000915
	authority	50000347
	path		50000915
	handler		50000898
OBJ 50000896 (sz=56, trace=300000, class=java.net.URL@500000b9)
	protocol	5000089a
	host		50000347
	file		50000913
	authority	50000347
	path		50000913
	handler		50000898
OBJ 50000897 (sz=56, trace=300000, class=java.net.URL@500000b9)
	protocol	5000089a
	host		50000347
	file		50000899
	authority	50000347
	path		50000899
	handler		50000898
OBJ 50000898 (sz=8, trace=300000, class=sun.net.www.protocol.file.Handler@5000000b)
OBJ 50000899 (sz=24, trace=300000, class=java.lang.String@500000bf)
	value		5000089c
OBJ 5000089a (sz=24, trace=300000, class=java.lang.String@500000bf)
	value		5000089b
ARR 5000089b (sz=8, trace=300000, nelems=4, elem type=char[])
ARR 5000089c (sz=96, trace=300000, nelems=48, elem type=char[])
OBJ 5000089d (sz=24, trace=300000, class=java.lang.String@500000bf)
	value		50000912
OBJ 5000089e (sz=24, trace=300000, class=java.lang.String@500000bf)
	value		500008a3
OBJ 5000089f (sz=24, trace=300000, class=java.lang.String@500000bf)
	value		500008a4
OBJ 500008a0 (sz=24, trace=300000, class=java.lang.String@500000bf)
	value		500008a6
OBJ 500008a1 (sz=24, trace=300000, class=java.lang.String@500000bf)
	value		50000910
OBJ 500008a2 (sz=24, trace=300000, class=java.lang.String@500000bf)
	value		500008a5
ARR 500008a3 (sz=28, trace=300000, nelems=14, elem type=char[])
ARR 500008a4 (sz=24, trace=300000, nelems=12, elem type=char[])
ARR 500008a5 (sz=20, trace=300000, nelems=10, elem type=char[])
ARR 500008a6 (sz=26, trace=300000, nelems=13, elem type=char[])
OBJ 500008a7 (sz=24, trace=300000, class=java.lang.String@500000bf)
	value		500008aa
OBJ 500008a8 (sz=24, trace=300000, class=java.lang.String@500000bf)
	value		500008a9
ARR 500008a9 (sz=38, trace=300000, nelems=19, elem type=char[])
ARR 500008aa (sz=50, trace=300000, nelems=25, elem type=char[])
OBJ 500008ab (sz=24, trace=300000, class=java.lang.String@500000bf)
	value		500008e7
OBJ 500008ac (sz=24, trace=300000, class=java.lang.String@500000bf)
	value		500008e6
OBJ 500008ad (sz=24, trace=300000, class=java.lang.String@500000bf)
	value		500008e5
OBJ 500008ae (sz=24, trace=300000, class=java.lang.String@500000bf)
	value		500008e4
OBJ 500008af (sz=24, trace=300000, class=java.lang.String@500000bf)
	value		500008e3
OBJ 500008b0 (sz=24, trace=300000, class=java.lang.String@500000bf)
	value		500008e2
OBJ 500008b1 (sz=24, trace=300000, class=java.lang.String@500000bf)
	value		500008e1
OBJ 500008b2 (sz=24, trace=300000, class=java.lang.String@500000bf)
	value		500008e0
ARR 500008b3 (sz=32, trace=300000, nelems=16, elem type=char[])
OBJ 500008b4 (sz=24, trace=300000, class=java.util.BitSet@50000115)
	words		500008b5
ARR 500008b5 (sz=32, trace=300000, nelems=4, elem type=long[])
OBJ 500008b6 (sz=24, trace=300000, class=java.lang.String@500000bf)
	value		500008ba
ARR 500008b7 (sz=16, trace=300000, nelems=1, elem type=java.io.ObjectStreamField[]@50000032)
	[0]		500008b8
OBJ 500008b8 (sz=32, trace=300000, class=java.io.ObjectStreamField@50000031)
	name		500008b6
	signature	500008b9
	type		5000013a
OBJ 500008b9 (sz=24, trace=300000, class=java.lang.String@500000bf)
	value		500008bb
ARR 500008ba (sz=8, trace=300000, nelems=4, elem type=char[])
ARR 500008bb (sz=4, trace=300000, nelems=2, elem type=char[])
OBJ 500008bc (sz=24, trace=300000, class=java.lang.String@500000bf)
	value		500008dd
OBJ 500008bd (sz=24, trace=300000, class=java.lang.String@500000bf)
	value		500008dc
OBJ 500008be (sz=24, trace=300000, class=java.lang.String@500000bf)
	value		500008c4
OBJ 500008bf (sz=24, trace=300000, class=java.lang.String@500000bf)
	value		500008db
OBJ 500008c0 (sz=24, trace=300000, class=java.lang.String@500000bf)
	value		500008da
OBJ 500008c1 (sz=24, trace=300000, class=java.lang.String@500000bf)
	value		500008d9
OBJ 500008c2 (sz=8, trace=300000, class=java.lang.Object@5000009b)
OBJ 500008c3 (sz=40, trace=300000, class=java.util.Hashtable@500000b2)
	table		500008c5
ARR 500008c4 (sz=52, trace=300000, nelems=26, elem type=char[])
ARR 500008c5 (sz=56, trace=300000, nelems=7, elem type=java.util.Hashtable$Entry[]@50000122)
	[6]		500008c6
OBJ 500008c6 (sz=24, trace=300000, class=java.util.Hashtable$Entry@50000121)
	key		5000089a
	value		50000898
OBJ 500008c7 (sz=24, trace=300000, class=java.lang.String@500000bf)
	value		500008cc
OBJ 500008c8 (sz=24, trace=300000, class=java.lang.String@500000bf)
	value		500008cb
ARR 500008c9 (sz=1024, trace=300000, nelems=256, elem type=int[])
ARR 500008ca (sz=4, trace=300000, nelems=2, elem type=char[])
ARR 500008cb (sz=1024, trace=300000, nelems=512, elem type=char[])
ARR 500008cc (sz=8, trace=300000, nelems=4, elem type=char[])
OBJ 500008cd (sz=24, trace=300000, class=java.lang.String@500000bf)
	value		500008d8
OBJ 500008ce (sz=24, trace=300000, class=java.lang.String@500000bf)
	value		500008d7
OBJ 500008cf (sz=24, trace=300000, class=java.lang.String@500000bf)
	value		500008d6
OBJ 500008d0 (sz=24, trace=300000, class=java.lang.String@500000bf)
	value		500008d5
OBJ 500008d1 (sz=24, trace=300000, class=java.lang.String@500000bf)
	value		500008d4
OBJ 500008d2 (sz=24, trace=300000, class=java.lang.String@500000bf)
	value		500008d3
ARR 500008d3 (sz=2, trace=300000, nelems=1, elem type=char[])
ARR 500008d4 (sz=6, trace=300000, nelems=3, elem type=char[])
ARR 500008d5 (sz=8, trace=300000, nelems=4, elem type=char[])
ARR 500008d6 (sz=6, trace=300000, nelems=3, elem type=char[])
ARR 500008d7 (sz=4, trace=300000, nelems=2, elem type=char[])
ARR 500008d8 (sz=4, trace=300000, nelems=2, elem type=char[])
ARR 500008d9 (sz=2, trace=300000, nelems=1, elem type=char[])
ARR 500008da (sz=8, trace=300000, nelems=4, elem type=char[])
ARR 500008db (sz=40, trace=300000, nelems=20, elem type=char[])
ARR 500008dc (sz=16, trace=300000, nelems=8, elem type=char[])
ARR 500008dd (sz=2, trace=300000, nelems=1, elem type=char[])
OBJ 500008de (sz=24, trace=300000, class=java.lang.String@500000bf)
	value		500008df
ARR 500008df (sz=12, trace=300000, nelems=6, elem type=char[])
ARR 500008e0 (sz=14, trace=300000, nelems=7, elem type=char[])
ARR 500008e1 (sz=24, trace=300000, nelems=12, elem type=char[])
ARR 500008e2 (sz=4, trace=300000, nelems=2, elem type=char[])
ARR 500008e3 (sz=14, trace=300000, nelems=7, elem type=char[])
ARR 500008e4 (sz=10, trace=300000, nelems=5, elem type=char[])
ARR 500008e5 (sz=18, trace=300000, nelems=9, elem type=char[])
ARR 500008e6 (sz=2, trace=300000, nelems=1, elem type=char[])
ARR 500008e7 (sz=16, trace=300000, nelems=8, elem type=char[])
OBJ 500008e8 (sz=24, trace=300000, class=java.lang.String@500000bf)
	value		50000911
OBJ 500008e9 (sz=24, trace=300000, class=java.lang.String@500000bf)
	value		500008eb
ARR 500008ea (sz=22, trace=300000, nelems=11, elem type=char[])
ARR 500008eb (sz=36, trace=300000, nelems=18, elem type=char[])
OBJ 500008ec (sz=24, trace=300000, class=java.lang.String@500000bf)
	value		500008f8
OBJ 500008ed (sz=24, trace=300000, class=java.lang.String@500000bf)
	value		500008fe
OBJ 500008ee (sz=24, trace=300000, class=java.lang.String@500000bf)
	value		500008fd
OBJ 500008ef (sz=24, trace=300000, class=java.lang.String@500000bf)
	value		500008fa
OBJ 500008f0 (sz=24, trace=300000, class=java.lang.String@500000bf)
	value		500008fc
OBJ 500008f1 (sz=24, trace=300000, class=java.lang.String@500000bf)
	value		500008f6
OBJ 500008f2 (sz=24, trace=300000, class=java.lang.String@500000bf)
	value		500008f7
OBJ 500008f3 (sz=24, trace=300000, class=java.lang.String@500000bf)
	value		500008fb
OBJ 500008f4 (sz=24, trace=300000, class=java.lang.String@500000bf)
	value		500008f9
OBJ 500008f5 (sz=24, trace=300000, class=java.lang.String@500000bf)
	value		50000906
ARR 500008f6 (sz=8, trace=300000, nelems=4, elem type=char[])
ARR 500008f7 (sz=12, trace=300000, nelems=6, elem type=char[])
ARR 500008f8 (sz=18, trace=300000, nelems=9, elem type=char[])
ARR 500008f9 (sz=76, trace=300000, nelems=38, elem type=char[])
ARR 500008fa (sz=40, trace=300000, nelems=20, elem type=char[])
ARR 500008fb (sz=42, trace=300000, nelems=21, elem type=char[])
ARR 500008fc (sz=22, trace=300000, nelems=11, elem type=char[])
ARR 500008fd (sz=50, trace=300000, nelems=25, elem type=char[])
ARR 500008fe (sz=32, trace=300000, nelems=16, elem type=char[])
OBJ 500008ff (sz=24, trace=300000, class=java.lang.String@500000bf)
	value		50000905
OBJ 50000900 (sz=24, trace=300000, class=java.lang.String@500000bf)
	value		50000904
OBJ 50000901 (sz=24, trace=300000, class=java.lang.String@500000bf)
	value		50000903
ARR 50000902 (sz=32, trace=300000, nelems=16, elem type=char[])
ARR 50000903 (sz=38, trace=300000, nelems=19, elem type=char[])
ARR 50000904 (sz=48, trace=300000, nelems=24, elem type=char[])
ARR 50000905 (sz=32, trace=300000, nelems=16, elem type=char[])
ARR 50000906 (sz=12, trace=300000, nelems=6, elem type=char[])
ARR 50000907 (sz=2, trace=300000, nelems=1, elem type=char[])
OBJ 50000908 (sz=24, trace=300000, class=java.lang.String@500000bf)
	value		5000090b
OBJ 50000909 (sz=24, trace=300000, class=java.lang.String@500000bf)
	value		5000090e
OBJ 5000090a (sz=24, trace=300000, class=java.lang.String@500000bf)
	value		5000090c
ARR 5000090b (sz=26, trace=300000, nelems=13, elem type=char[])
ARR 5000090c (sz=72, trace=300000, nelems=36, elem type=char[])
OBJ 5000090d (sz=24, trace=300000, class=java.lang.String@500000bf)
	value		5000090f
ARR 5000090e (sz=10, trace=300000, nelems=5, elem type=char[])
ARR 5000090f (sz=42, trace=300000, nelems=21, elem type=char[])
ARR 50000910 (sz=8, trace=300000, nelems=4, elem type=char[])
ARR 50000911 (sz=26, trace=300000, nelems=13, elem type=char[])
ARR 50000912 (sz=18, trace=300000, nelems=9, elem type=char[])
OBJ 50000913 (sz=24, trace=300000, class=java.lang.String@500000bf)
	value		50000914
ARR 50000914 (sz=106, trace=300000, nelems=53, elem type=char[])
OBJ 50000915 (sz=24, trace=300000, class=java.lang.String@500000bf)
	value		50000916
ARR 50000916 (sz=94, trace=300000, nelems=47, elem type=char[])
OBJ 50000917 (sz=24, trace=300000, class=java.lang.String@500000bf)
	value		50000918
ARR 50000918 (sz=86, trace=300000, nelems=43, elem type=char[])
ARR 50000919 (sz=56, trace=300000, nelems=0, elem type=java.lang.Object[]@5000009c)
ARR 5000091a (sz=56, trace=300000, nelems=4, elem type=java.lang.Object[]@5000009c)
	[0]		5000016e
	[1]		50000188
	[2]		500001a2
	[3]		500001bc
OBJ 5000091b (sz=16, trace=300000, class=sun.misc.MetaIndex@5000011d)
	contents	50000920
OBJ 5000091c (sz=24, trace=300000, class=java.lang.String@500000bf)
	value		5000091d
ARR 5000091d (sz=6, trace=300000, nelems=3, elem type=char[])
OBJ 5000091e (sz=24, trace=300000, class=java.lang.String@500000bf)
	value		5000091f
ARR 5000091f (sz=4, trace=300000, nelems=2, elem type=char[])
ARR 50000920 (sz=24, trace=300000, nelems=2, elem type=java.lang.String[]@500000c0)
	[0]		50000921
	[1]		50000922
OBJ 50000921 (sz=24, trace=300000, class=java.lang.String@500000bf)
	value		50000924
OBJ 50000922 (sz=24, trace=300000, class=java.lang.String@500000bf)
	value		50000923
ARR 50000923 (sz=16, trace=300000, nelems=8, elem type=char[])
ARR 50000924 (sz=16, trace=300000, nelems=8, elem type=char[])
OBJ 50000925 (sz=24, trace=300000, class=java.lang.String@500000bf)
	value		50000956
OBJ 50000926 (sz=24, trace=300000, class=java.lang.String@500000bf)
	value		50000955
OBJ 50000927 (sz=40, trace=300000, class=java.util.HashMap@5000011a)
	table		50000928
ARR 50000928 (sz=80, trace=300000, nelems=15, elem type=java.util.HashMap$Entry[]@50000058)
	[2]		50000929
	[6]		5000092a
	[8]		5000092b
	[14]		5000092c
OBJ 50000929 (sz=24, trace=300000, class=java.util.HashMap$Entry@50000057)
	key		50000945
	value		50000944
OBJ 5000092a (sz=24, trace=300000, class=java.util.HashMap$Entry@50000057)
	key		50000941
	value		5000091b
OBJ 5000092b (sz=24, trace=300000, class=java.util.HashMap$Entry@50000057)
	key		50000937
	value		50000936
OBJ 5000092c (sz=24, trace=300000, class=java.util.HashMap$Entry@50000057)
	key		5000092e
	value		5000092d
OBJ 5000092d (sz=16, trace=300000, class=sun.misc.MetaIndex@5000011d)
	contents	50000931
OBJ 5000092e (sz=16, trace=300000, class=java.io.File@500000e0)
	path		5000092f
OBJ 5000092f (sz=24, trace=300000, class=java.lang.String@500000bf)
	value		50000930
ARR 50000930 (sz=86, trace=300000, nelems=43, elem type=char[])
ARR 50000931 (sz=24, trace=300000, nelems=2, elem type=java.lang.String[]@500000c0)
	[0]		50000932
	[1]		50000933
OBJ 50000932 (sz=24, trace=300000, class=java.lang.String@500000bf)
	value		50000935
OBJ 50000933 (sz=24, trace=300000, class=java.lang.String@500000bf)
	value		50000934
ARR 50000934 (sz=14, trace=300000, nelems=7, elem type=char[])
ARR 50000935 (sz=126, trace=300000, nelems=63, elem type=char[])
OBJ 50000936 (sz=16, trace=300000, class=sun.misc.MetaIndex@5000011d)
	contents	5000093a
OBJ 50000937 (sz=16, trace=300000, class=java.io.File@500000e0)
	path		50000938
OBJ 50000938 (sz=24, trace=300000, class=java.lang.String@500000bf)
	value		50000939
ARR 50000939 (sz=94, trace=300000, nelems=47, elem type=char[])
ARR 5000093a (sz=24, trace=300000, nelems=3, elem type=java.lang.String[]@500000c0)
	[0]		5000093b
	[1]		5000093c
	[2]		5000093d
OBJ 5000093b (sz=24, trace=300000, class=java.lang.String@500000bf)
	value		50000940
OBJ 5000093c (sz=24, trace=300000, class=java.lang.String@500000bf)
	value		5000093f
OBJ 5000093d (sz=24, trace=300000, class=java.lang.String@500000bf)
	value		5000093e
ARR 5000093e (sz=38, trace=300000, nelems=19, elem type=char[])
ARR 5000093f (sz=40, trace=300000, nelems=20, elem type=char[])
ARR 50000940 (sz=24, trace=300000, nelems=12, elem type=char[])
OBJ 50000941 (sz=16, trace=300000, class=java.io.File@500000e0)
	path		50000942
OBJ 50000942 (sz=24, trace=300000, class=java.lang.String@500000bf)
	value		50000943
ARR 50000943 (sz=96, trace=300000, nelems=48, elem type=char[])
OBJ 50000944 (sz=16, trace=300000, class=sun.misc.MetaIndex@5000011d)
	contents	50000948
OBJ 50000945 (sz=16, trace=300000, class=java.io.File@500000e0)
	path		50000946
OBJ 50000946 (sz=24, trace=300000, class=java.lang.String@500000bf)
	value		50000947
ARR 50000947 (sz=106, trace=300000, nelems=53, elem type=char[])
ARR 50000948 (sz=24, trace=300000, nelems=3, elem type=java.lang.String[]@500000c0)
	[0]		50000949
	[1]		5000094a
	[2]		5000094b
OBJ 50000949 (sz=24, trace=300000, class=java.lang.String@500000bf)
	value		5000094e
OBJ 5000094a (sz=24, trace=300000, class=java.lang.String@500000bf)
	value		5000094d
OBJ 5000094b (sz=24, trace=300000, class=java.lang.String@500000bf)
	value		5000094c
ARR 5000094c (sz=38, trace=300000, nelems=19, elem type=char[])
ARR 5000094d (sz=40, trace=300000, nelems=20, elem type=char[])
ARR 5000094e (sz=30, trace=300000, nelems=15, elem type=char[])
OBJ 5000094f (sz=24, trace=300000, class=java.lang.String@500000bf)
	value		50000953
OBJ 50000950 (sz=24, trace=300000, class=java.lang.String@500000bf)
	value		50000954
OBJ 50000951 (sz=16, trace=300000, class=java.nio.ByteOrder@50000066)
	name		50000950
OBJ 50000952 (sz=16, trace=300000, class=java.nio.ByteOrder@50000066)
	name		5000094f
ARR 50000953 (sz=20, trace=300000, nelems=10, elem type=char[])
ARR 50000954 (sz=26, trace=300000, nelems=13, elem type=char[])
ARR 50000955 (sz=20, trace=300000, nelems=10, elem type=char[])
ARR 50000956 (sz=22, trace=300000, nelems=11, elem type=char[])
ARR 50000957 (sz=80, trace=300000, nelems=10, elem type=java.util.HashMap$Entry[]@50000058)
	[3]		50000194
	[8]		500001ae
	[9]		500001c8
OBJ 50000958 (sz=24, trace=300000, class=java.lang.String@500000bf)
	value		5000095f
OBJ 50000959 (sz=24, trace=300000, class=java.lang.String@500000bf)
	value		5000095e
OBJ 5000095a (sz=24, trace=300000, class=java.lang.String@500000bf)
	value		5000095c
OBJ 5000095b (sz=24, trace=300000, class=java.lang.String@500000bf)
	value		5000095d
ARR 5000095c (sz=30, trace=300000, nelems=15, elem type=char[])
ARR 5000095d (sz=16, trace=300000, nelems=8, elem type=char[])
ARR 5000095e (sz=54, trace=300000, nelems=27, elem type=char[])
ARR 5000095f (sz=24, trace=300000, nelems=12, elem type=char[])
OBJ 50000960 (sz=16, trace=300000, class=java.io.File@500000e0)
	path		500003ef
OBJ 50000961 (sz=16, trace=300000, class=java.io.File@500000e0)
	path		50000962
OBJ 50000962 (sz=24, trace=300000, class=java.lang.String@500000bf)
	value		500003f0
OBJ 50000963 (sz=24, trace=300000, class=java.lang.String@500000bf)
	value		5000096f
OBJ 50000964 (sz=16, trace=300000, class=sun.misc.Launcher@50000059)
	loader		50000323
OBJ 50000965 (sz=8, trace=300000, class=sun.misc.Launcher$Factory@5000010a)
OBJ 50000966 (sz=24, trace=300000, class=java.lang.String@500000bf)
	value		5000096d
OBJ 50000967 (sz=24, trace=300000, class=java.lang.String@500000bf)
	value		5000096a
OBJ 50000968 (sz=24, trace=300000, class=java.lang.String@500000bf)
	value		50000969
ARR 50000969 (sz=12, trace=300000, nelems=6, elem type=char[])
ARR 5000096a (sz=6, trace=300000, nelems=3, elem type=char[])
OBJ 5000096b (sz=24, trace=300000, class=java.lang.String@500000bf)
	value		5000096c
ARR 5000096c (sz=12, trace=300000, nelems=6, elem type=char[])
ARR 5000096d (sz=30, trace=300000, nelems=15, elem type=char[])
ARR 5000096e (sz=12, trace=300000, nelems=6, elem type=char[])
ARR 5000096f (sz=26, trace=300000, nelems=13, elem type=char[])
ARR 50000970 (sz=56, trace=300000, nelems=1, elem type=java.util.Hashtable$Entry[]@50000122)
	[0]		500002c4
ARR 50000971 (sz=56, trace=300000, nelems=2, elem type=java.lang.Object[]@5000009c)
	[0]		50000301
	[1]		50000302
OBJ 50000972 (sz=24, trace=300000, class=java.lang.String@500000bf)
	value		50000975
OBJ 50000973 (sz=24, trace=300000, class=java.lang.String@500000bf)
	value		50000974
ARR 50000974 (sz=28, trace=300000, nelems=14, elem type=char[])
ARR 50000975 (sz=24, trace=300000, nelems=12, elem type=char[])
OBJ 50000976 (sz=56, trace=300000, class=java.net.URL@500000b9)
	protocol	5000089a
	host		50000347
	file		50000977
	authority	50000347
	path		50000977
	handler		50000898
OBJ 50000977 (sz=24, trace=300000, class=java.lang.String@500000bf)
	value		50000978
ARR 50000978 (sz=78, trace=300000, nelems=39, elem type=char[])
ARR 50000979 (sz=16, trace=300000, nelems=8, elem type=char[])
ARR 5000097a (sz=14, trace=300000, nelems=7, elem type=char[])
OBJ 5000097b (sz=40, trace=300000, class=java.util.HashMap@5000011a)
	table		5000097c
ARR 5000097c (sz=80, trace=300000, nelems=12, elem type=java.util.HashMap$Entry[]@50000058)
	[11]		50000300
ARR 5000097d (sz=80, trace=300000, nelems=0, elem type=java.util.HashMap$Entry[]@50000058)
ARR 5000097e (sz=56, trace=300000, nelems=0, elem type=java.lang.Object[]@5000009c)
ARR 5000097f (sz=80, trace=300000, nelems=9, elem type=java.util.HashMap$Entry[]@50000058)
	[8]		500002c0
OBJ 50000980 (sz=8, trace=300000, class=sun.net.www.protocol.jar.Handler@500000ae)
OBJ 50000981 (sz=40, trace=300000, class=java.util.HashMap@5000011a)
	table		50000988
OBJ 50000982 (sz=24, trace=300000, class=java.util.ArrayList@500000e4)
	elementData	50000987
OBJ 50000983 (sz=24, trace=300000, class=java.util.Stack@500000f9)
	elementData	50000986
OBJ 50000984 (sz=24, trace=300000, class=java.util.ArrayList@500000e4)
	elementData	50000985
ARR 50000985 (sz=56, trace=300000, nelems=1, elem type=java.lang.Object[]@5000009c)
	[0]		50000976
ARR 50000986 (sz=56, trace=300000, nelems=0, elem type=java.lang.Object[]@5000009c)
ARR 50000987 (sz=56, trace=300000, nelems=1, elem type=java.lang.Object[]@5000009c)
	[0]		500001d1
ARR 50000988 (sz=80, trace=300000, nelems=9, elem type=java.util.HashMap$Entry[]@50000058)
	[8]		500001de
ARR 50000989 (sz=56, trace=300000, nelems=1, elem type=java.lang.Object[]@5000009c)
	[0]		500003ec
ARR 5000098a (sz=56, trace=300000, nelems=1, elem type=java.lang.Object[]@5000009c)
	[0]		5000098b
OBJ 5000098b (sz=32, trace=300000, class=java.lang.ClassLoader$NativeLibrary@50000098)
	fromClass	5000002d
	name		500003ec
ARR 5000098c (sz=56, trace=300000, nelems=0, elem type=java.lang.Object[]@5000009c)
OBJ 5000098d (sz=24, trace=300000, class=java.lang.String@500000bf)
	value		50000993
OBJ 5000098e (sz=24, trace=300000, class=java.lang.String@500000bf)
	value		50000993
OBJ 5000098f (sz=24, trace=300000, class=java.lang.String@500000bf)
	value		50000993
OBJ 50000990 (sz=24, trace=300000, class=java.lang.String@500000bf)
	value		50000993
OBJ 50000991 (sz=24, trace=300000, class=java.lang.String@500000bf)
	value		50000993
OBJ 50000992 (sz=24, trace=300000, class=java.lang.String@500000bf)
	value		50000993
ARR 50000993 (sz=312, trace=300000, nelems=156, elem type=char[])
OBJ 50000994 (sz=24, trace=300000, class=java.lang.String@500000bf)
	value		50000995
ARR 50000995 (sz=68, trace=300000, nelems=34, elem type=char[])
OBJ 50000996 (sz=24, trace=300000, class=java.lang.String@500000bf)
	value		50000997
ARR 50000997 (sz=48, trace=300000, nelems=24, elem type=char[])
ARR 50000998 (sz=42, trace=300000, nelems=21, elem type=char[])
ARR 50000999 (sz=34, trace=300000, nelems=17, elem type=char[])
ARR 5000099a (sz=10, trace=300000, nelems=5, elem type=char[])
ARR 5000099b (sz=54, trace=300000, nelems=27, elem type=char[])
ARR 5000099c (sz=74, trace=300000, nelems=37, elem type=char[])
ARR 5000099d (sz=4, trace=300000, nelems=2, elem type=char[])
ARR 5000099e (sz=38, trace=300000, nelems=19, elem type=char[])
ARR 5000099f (sz=26, trace=300000, nelems=13, elem type=char[])
ARR 500009a0 (sz=6, trace=300000, nelems=3, elem type=char[])
ARR 500009a1 (sz=2, trace=300000, nelems=1, elem type=char[])
OBJ 500009a2 (sz=24, trace=300000, class=sun.nio.cs.Surrogate$Parser@50000001)
	error		50000467
OBJ 500009a3 (sz=24, trace=300000, class=java.lang.ref.WeakReference@50000033)
	referent	500009a5
	queue		50000860
ARR 500009a4 (sz=1, trace=300000, nelems=1, elem type=byte[])
OBJ 500009a5 (sz=40, trace=300000, class=sun.nio.cs.US_ASCII$Decoder@5000010b)
	charset		50000440
	replacement	50000480
	malformedInputAction	5000047a
	unmappableCharacterAction	5000047a
ARR 500009a6 (sz=8192, trace=300000, nelems=8192, elem type=byte[])
ARR 500009a7 (sz=2, trace=300000, nelems=1, elem type=char[])
OBJ 500009a8 (sz=24, trace=300000, class=java.io.OutputStreamWriter@5000012a)
	lock		500003b6
	se		500009ae
OBJ 500009a9 (sz=40, trace=300000, class=java.io.BufferedWriter@5000005b)
	lock		500009a8
	out		500009a8
	cb		500009ad
	lineSeparator	5000043b
OBJ 500009aa (sz=24, trace=300000, class=java.io.BufferedOutputStream@50000061)
	out		500009ac
	buf		500009ab
ARR 500009ab (sz=128, trace=300000, nelems=128, elem type=byte[])
OBJ 500009ac (sz=24, trace=300000, class=java.io.FileOutputStream@50000003)
	fd		500003bc
ARR 500009ad (sz=16384, trace=300000, nelems=8192, elem type=char[])
OBJ 500009ae (sz=48, trace=300000, class=sun.nio.cs.StreamEncoder@50000085)
	lock		500009a8
	cs		50000440
	encoder		500009b0
	bb		500009af
	out		500003b6
OBJ 500009af (sz=48, trace=300000, class=java.nio.HeapByteBuffer@5000006e)
	hb		500009b5
OBJ 500009b0 (sz=48, trace=300000, class=sun.nio.cs.US_ASCII$Encoder@5000011b)
	charset		50000440
	replacement	500009b3
	malformedInputAction	5000047b
	unmappableCharacterAction	5000047b
	cachedDecoder	500009b2
	sgp		500009b1
OBJ 500009b1 (sz=24, trace=300000, class=sun.nio.cs.Surrogate$Parser@50000001)
	error		50000467
OBJ 500009b2 (sz=24, trace=300000, class=java.lang.ref.WeakReference@50000033)
	referent	500009b4
	queue		50000860
ARR 500009b3 (sz=1, trace=300000, nelems=1, elem type=byte[])
OBJ 500009b4 (sz=40, trace=300000, class=sun.nio.cs.US_ASCII$Decoder@5000010b)
	charset		50000440
	replacement	50000480
	malformedInputAction	5000047a
	unmappableCharacterAction	5000047a
ARR 500009b5 (sz=8192, trace=300000, nelems=8192, elem type=byte[])
ARR 500009b6 (sz=392, trace=300000, nelems=92, elem type=java.util.Hashtable$Entry[]@50000122)
	[0]		500009b7
	[9]		500009b8
	[11]		500009b9
	[13]		500009ba
	[16]		500009bb
	[17]		500009bc
	[18]		500009bd
	[19]		500009be
	[21]		500009bf
	[24]		500009c0
	[26]		500009c1
	[27]		500009c2
	[33]		500009c3
	[38]		500009c4
	[39]		500009c5
	[40]		500009c6
	[41]		500009c7
	[44]		500009c8
	[47]		500009c9
	[49]		500009ca
	[54]		500009cb
	[57]		500009cc
	[63]		500009cd
	[65]		500009ce
	[67]		500009cf
	[70]		500009d0
	[72]		500009d1
	[74]		500009d2
	[76]		500009d3
	[79]		500009d4
	[80]		500009d5
	[81]		500009d6
	[82]		500009d7
	[88]		500009d8
	[91]		500009d9
OBJ 500009b7 (sz=24, trace=300000, class=java.util.Hashtable$Entry@50000121)
	key		50000a9d
	value		50000a9c
OBJ 500009b8 (sz=24, trace=300000, class=java.util.Hashtable$Entry@50000121)
	key		50000a95
	value		50000a94
	next		50000a93
OBJ 500009b9 (sz=24, trace=300000, class=java.util.Hashtable$Entry@50000121)
	key		50000a90
	value		50000a8f
OBJ 500009ba (sz=24, trace=300000, class=java.util.Hashtable$Entry@50000121)
	key		50000a8c
	value		50000a8b
OBJ 500009bb (sz=24, trace=300000, class=java.util.Hashtable$Entry@50000121)
	key		50000a88
	value		50000a87
OBJ 500009bc (sz=24, trace=300000, class=java.util.Hashtable$Entry@50000121)
	key		50000a84
	value		50000a83
OBJ 500009bd (sz=24, trace=300000, class=java.util.Hashtable$Entry@50000121)
	key		50000a81
	value		50000a80
OBJ 500009be (sz=24, trace=300000, class=java.util.Hashtable$Entry@50000121)
	key		50000a7e
	value		5000095b
OBJ 500009bf (sz=24, trace=300000, class=java.util.Hashtable$Entry@50000121)
	key		50000a7b
	value		50000a7a
OBJ 500009c0 (sz=24, trace=300000, class=java.util.Hashtable$Entry@50000121)
	key		50000a73
	value		50000a72
	next		50000a71
OBJ 500009c1 (sz=24, trace=300000, class=java.util.Hashtable$Entry@50000121)
	key		50000a6b
	value		500003c4
	next		50000a6a
OBJ 500009c2 (sz=24, trace=300000, class=java.util.Hashtable$Entry@50000121)
	key		50000a67
	value		50000a66
OBJ 500009c3 (sz=24, trace=300000, class=java.util.Hashtable$Entry@50000121)
	key		50000a5f
	value		50000a5e
	next		50000a5d
OBJ 500009c4 (sz=24, trace=300000, class=java.util.Hashtable$Entry@50000121)
	key		50000a56
	value		50000a55
	next		50000a54
OBJ 500009c5 (sz=24, trace=300000, class=java.util.Hashtable$Entry@50000121)
	key		50000a51
	value		50000a50
OBJ 500009c6 (sz=24, trace=300000, class=java.util.Hashtable$Entry@50000121)
	key		50000a4d
	value		50000a4c
OBJ 500009c7 (sz=24, trace=300000, class=java.util.Hashtable$Entry@50000121)
	key		50000a49
	value		50000a48
OBJ 500009c8 (sz=24, trace=300000, class=java.util.Hashtable$Entry@50000121)
	key		50000a45
	value		50000a44
OBJ 500009c9 (sz=24, trace=300000, class=java.util.Hashtable$Entry@50000121)
	key		50000a41
	value		50000a40
OBJ 500009ca (sz=24, trace=300000, class=java.util.Hashtable$Entry@50000121)
	key		50000a39
	value		50000a38
	next		50000a37
OBJ 500009cb (sz=24, trace=300000, class=java.util.Hashtable$Entry@50000121)
	key		50000a35
	value		50000a34
OBJ 500009cc (sz=24, trace=300000, class=java.util.Hashtable$Entry@50000121)
	key		50000a32
	value		50000320
OBJ 500009cd (sz=24, trace=300000, class=java.util.Hashtable$Entry@50000121)
	key		50000a2f
	value		50000a2e
OBJ 500009ce (sz=24, trace=300000, class=java.util.Hashtable$Entry@50000121)
	key		50000a2b
	value		50000a2a
OBJ 500009cf (sz=24, trace=300000, class=java.util.Hashtable$Entry@50000121)
	key		50000a25
	value		50000a24
	next		50000a23
OBJ 500009d0 (sz=24, trace=300000, class=java.util.Hashtable$Entry@50000121)
	key		50000a1c
	value		50000a1b
	next		50000a1a
OBJ 500009d1 (sz=24, trace=300000, class=java.util.Hashtable$Entry@50000121)
	key		50000a17
	value		50000a16
OBJ 500009d2 (sz=24, trace=300000, class=java.util.Hashtable$Entry@50000121)
	key		50000a13
	value		50000a12
OBJ 500009d3 (sz=24, trace=300000, class=java.util.Hashtable$Entry@50000121)
	key		50000a0b
	value		50000a0a
	next		50000a09
OBJ 500009d4 (sz=24, trace=300000, class=java.util.Hashtable$Entry@50000121)
	key		500009fd
	value		500009fc
	next		500009fb
OBJ 500009d5 (sz=24, trace=300000, class=java.util.Hashtable$Entry@50000121)
	key		500009f4
	value		500009f3
	next		500009f2
OBJ 500009d6 (sz=24, trace=300000, class=java.util.Hashtable$Entry@50000121)
	key		500009ef
	value		500009ee
OBJ 500009d7 (sz=24, trace=300000, class=java.util.Hashtable$Entry@50000121)
	key		500009e7
	value		500009e6
	next		500009e5
OBJ 500009d8 (sz=24, trace=300000, class=java.util.Hashtable$Entry@50000121)
	key		500009df
	value		50000994
	next		500009de
OBJ 500009d9 (sz=24, trace=300000, class=java.util.Hashtable$Entry@50000121)
	key		500009db
	value		500009da
OBJ 500009da (sz=24, trace=300000, class=java.lang.String@500000bf)
	value		500009dd
OBJ 500009db (sz=24, trace=300000, class=java.lang.String@500000bf)
	value		500009dc
ARR 500009dc (sz=34, trace=300000, nelems=17, elem type=char[])
ARR 500009dd (sz=62, trace=300000, nelems=31, elem type=char[])
OBJ 500009de (sz=24, trace=300000, class=java.util.Hashtable$Entry@50000121)
	key		500009e2
	value		500009e1
OBJ 500009df (sz=24, trace=300000, class=java.lang.String@500000bf)
	value		500009e0
ARR 500009e0 (sz=42, trace=300000, nelems=21, elem type=char[])
OBJ 500009e1 (sz=24, trace=300000, class=java.lang.String@500000bf)
	value		500009e4
OBJ 500009e2 (sz=24, trace=300000, class=java.lang.String@500000bf)
	value		500009e3
ARR 500009e3 (sz=30, trace=300000, nelems=15, elem type=char[])
ARR 500009e4 (sz=16, trace=300000, nelems=8, elem type=char[])
OBJ 500009e5 (sz=24, trace=300000, class=java.util.Hashtable$Entry@50000121)
	key		500009eb
	value		500009ea
OBJ 500009e6 (sz=24, trace=300000, class=java.lang.String@500000bf)
	value		500009e9
OBJ 500009e7 (sz=24, trace=300000, class=java.lang.String@500000bf)
	value		500009e8
ARR 500009e8 (sz=28, trace=300000, nelems=14, elem type=char[])
ARR 500009e9 (sz=42, trace=300000, nelems=21, elem type=char[])
OBJ 500009ea (sz=24, trace=300000, class=java.lang.String@500000bf)
	value		500009ed
OBJ 500009eb (sz=24, trace=300000, class=java.lang.String@500000bf)
	value		500009ec
ARR 500009ec (sz=30, trace=300000, nelems=15, elem type=char[])
ARR 500009ed (sz=40, trace=300000, nelems=20, elem type=char[])
OBJ 500009ee (sz=24, trace=300000, class=java.lang.String@500000bf)
	value		500009f1
OBJ 500009ef (sz=24, trace=300000, class=java.lang.String@500000bf)
	value		500009f0
ARR 500009f0 (sz=28, trace=300000, nelems=14, elem type=char[])
ARR 500009f1 (sz=2, trace=300000, nelems=1, elem type=char[])
OBJ 500009f2 (sz=24, trace=300000, class=java.util.Hashtable$Entry@50000121)
	key		500009f8
	value		500009f7
OBJ 500009f3 (sz=24, trace=300000, class=java.lang.String@500000bf)
	value		500009f6
OBJ 500009f4 (sz=24, trace=300000, class=java.lang.String@500000bf)
	value		500009f5
ARR 500009f5 (sz=24, trace=300000, nelems=12, elem type=char[])
ARR 500009f6 (sz=52, trace=300000, nelems=26, elem type=char[])
OBJ 500009f7 (sz=24, trace=300000, class=java.lang.String@500000bf)
	value		500009fa
OBJ 500009f8 (sz=24, trace=300000, class=java.lang.String@500000bf)
	value		500009f9
ARR 500009f9 (sz=34, trace=300000, nelems=17, elem type=char[])
ARR 500009fa (sz=12, trace=300000, nelems=6, elem type=char[])
OBJ 500009fb (sz=24, trace=300000, class=java.util.Hashtable$Entry@50000121)
	key		50000a02
	value		50000a01
	next		50000a00
OBJ 500009fc (sz=24, trace=300000, class=java.lang.String@500000bf)
	value		500009ff
OBJ 500009fd (sz=24, trace=300000, class=java.lang.String@500000bf)
	value		500009fe
ARR 500009fe (sz=34, trace=300000, nelems=17, elem type=char[])
ARR 500009ff (sz=24, trace=300000, nelems=12, elem type=char[])
OBJ 50000a00 (sz=24, trace=300000, class=java.util.Hashtable$Entry@50000121)
	key		50000a06
	value		50000a05
OBJ 50000a01 (sz=24, trace=300000, class=java.lang.String@500000bf)
	value		50000a04
OBJ 50000a02 (sz=24, trace=300000, class=java.lang.String@500000bf)
	value		50000a03
ARR 50000a03 (sz=24, trace=300000, nelems=12, elem type=char[])
ARR 50000a04 (sz=4, trace=300000, nelems=2, elem type=char[])
OBJ 50000a05 (sz=24, trace=300000, class=java.lang.String@500000bf)
	value		50000a08
OBJ 50000a06 (sz=24, trace=300000, class=java.lang.String@500000bf)
	value		50000a07
ARR 50000a07 (sz=36, trace=300000, nelems=18, elem type=char[])
ARR 50000a08 (sz=14, trace=300000, nelems=7, elem type=char[])
OBJ 50000a09 (sz=24, trace=300000, class=java.util.Hashtable$Entry@50000121)
	key		50000a0f
	value		50000a0e
OBJ 50000a0a (sz=24, trace=300000, class=java.lang.String@500000bf)
	value		50000a0d
OBJ 50000a0b (sz=24, trace=300000, class=java.lang.String@500000bf)
	value		50000a0c
ARR 50000a0c (sz=52, trace=300000, nelems=26, elem type=char[])
ARR 50000a0d (sz=68, trace=300000, nelems=34, elem type=char[])
OBJ 50000a0e (sz=24, trace=300000, class=java.lang.String@500000bf)
	value		50000a11
OBJ 50000a0f (sz=24, trace=300000, class=java.lang.String@500000bf)
	value		50000a10
ARR 50000a10 (sz=16, trace=300000, nelems=8, elem type=char[])
ARR 50000a11 (sz=76, trace=300000, nelems=38, elem type=char[])
OBJ 50000a12 (sz=24, trace=300000, class=java.lang.String@500000bf)
	value		50000a15
OBJ 50000a13 (sz=24, trace=300000, class=java.lang.String@500000bf)
	value		50000a14
ARR 50000a14 (sz=40, trace=300000, nelems=20, elem type=char[])
ARR 50000a15 (sz=24, trace=300000, nelems=12, elem type=char[])
OBJ 50000a16 (sz=24, trace=300000, class=java.lang.String@500000bf)
	value		50000a19
OBJ 50000a17 (sz=24, trace=300000, class=java.lang.String@500000bf)
	value		50000a18
ARR 50000a18 (sz=40, trace=300000, nelems=20, elem type=char[])
ARR 50000a19 (sz=60, trace=300000, nelems=30, elem type=char[])
OBJ 50000a1a (sz=24, trace=300000, class=java.util.Hashtable$Entry@50000121)
	key		50000a20
	value		50000a1f
OBJ 50000a1b (sz=24, trace=300000, class=java.lang.String@500000bf)
	value		50000a1e
OBJ 50000a1c (sz=24, trace=300000, class=java.lang.String@500000bf)
	value		50000a1d
ARR 50000a1d (sz=36, trace=300000, nelems=18, elem type=char[])
ARR 50000a1e (sz=76, trace=300000, nelems=38, elem type=char[])
OBJ 50000a1f (sz=24, trace=300000, class=java.lang.String@500000bf)
	value		50000a22
OBJ 50000a20 (sz=24, trace=300000, class=java.lang.String@500000bf)
	value		50000a21
ARR 50000a21 (sz=14, trace=300000, nelems=7, elem type=char[])
ARR 50000a22 (sz=8, trace=300000, nelems=4, elem type=char[])
OBJ 50000a23 (sz=24, trace=300000, class=java.util.Hashtable$Entry@50000121)
	key		50000a28
	value		5000043b
OBJ 50000a24 (sz=24, trace=300000, class=java.lang.String@500000bf)
	value		50000a27
OBJ 50000a25 (sz=24, trace=300000, class=java.lang.String@500000bf)
	value		50000a26
ARR 50000a26 (sz=28, trace=300000, nelems=14, elem type=char[])
ARR 50000a27 (sz=8, trace=300000, nelems=4, elem type=char[])
OBJ 50000a28 (sz=24, trace=300000, class=java.lang.String@500000bf)
	value		50000a29
ARR 50000a29 (sz=28, trace=300000, nelems=14, elem type=char[])
OBJ 50000a2a (sz=24, trace=300000, class=java.lang.String@500000bf)
	value		50000a2d
OBJ 50000a2b (sz=24, trace=300000, class=java.lang.String@500000bf)
	value		50000a2c
ARR 50000a2c (sz=56, trace=300000, nelems=28, elem type=char[])
ARR 50000a2d (sz=42, trace=300000, nelems=21, elem type=char[])
OBJ 50000a2e (sz=24, trace=300000, class=java.lang.String@500000bf)
	value		50000a31
OBJ 50000a2f (sz=24, trace=300000, class=java.lang.String@500000bf)
	value		50000a30
ARR 50000a30 (sz=14, trace=300000, nelems=7, elem type=char[])
ARR 50000a31 (sz=10, trace=300000, nelems=5, elem type=char[])
OBJ 50000a32 (sz=24, trace=300000, class=java.lang.String@500000bf)
	value		50000a33
ARR 50000a33 (sz=32, trace=300000, nelems=16, elem type=char[])
OBJ 50000a34 (sz=24, trace=300000, class=java.lang.String@500000bf)
	value		50000993
OBJ 50000a35 (sz=24, trace=300000, class=java.lang.String@500000bf)
	value		50000a36
ARR 50000a36 (sz=34, trace=300000, nelems=17, elem type=char[])
OBJ 50000a37 (sz=24, trace=300000, class=java.util.Hashtable$Entry@50000121)
	key		50000a3d
	value		50000a3c
OBJ 50000a38 (sz=24, trace=300000, class=java.lang.String@500000bf)
	value		50000a3b
OBJ 50000a39 (sz=24, trace=300000, class=java.lang.String@500000bf)
	value		50000a3a
ARR 50000a3a (sz=46, trace=300000, nelems=23, elem type=char[])
ARR 50000a3b (sz=62, trace=300000, nelems=31, elem type=char[])
OBJ 50000a3c (sz=24, trace=300000, class=java.lang.String@500000bf)
	value		50000a3f
OBJ 50000a3d (sz=24, trace=300000, class=java.lang.String@500000bf)
	value		50000a3e
ARR 50000a3e (sz=36, trace=300000, nelems=18, elem type=char[])
ARR 50000a3f (sz=8, trace=300000, nelems=4, elem type=char[])
OBJ 50000a40 (sz=24, trace=300000, class=java.lang.String@500000bf)
	value		50000a43
OBJ 50000a41 (sz=24, trace=300000, class=java.lang.String@500000bf)
	value		50000a42
ARR 50000a42 (sz=46, trace=300000, nelems=23, elem type=char[])
ARR 50000a43 (sz=46, trace=300000, nelems=23, elem type=char[])
OBJ 50000a44 (sz=24, trace=300000, class=java.lang.String@500000bf)
	value		50000a47
OBJ 50000a45 (sz=24, trace=300000, class=java.lang.String@500000bf)
	value		50000a46
ARR 50000a46 (sz=20, trace=300000, nelems=10, elem type=char[])
ARR 50000a47 (sz=32, trace=300000, nelems=16, elem type=char[])
OBJ 50000a48 (sz=24, trace=300000, class=java.lang.String@500000bf)
	value		50000a4b
OBJ 50000a49 (sz=24, trace=300000, class=java.lang.String@500000bf)
	value		50000a4a
ARR 50000a4a (sz=18, trace=300000, nelems=9, elem type=char[])
ARR 50000a4b (sz=24, trace=300000, nelems=12, elem type=char[])
OBJ 50000a4c (sz=24, trace=300000, class=java.lang.String@500000bf)
	value		50000a4f
OBJ 50000a4d (sz=24, trace=300000, class=java.lang.String@500000bf)
	value		50000a4e
ARR 50000a4e (sz=26, trace=300000, nelems=13, elem type=char[])
ARR 50000a4f (sz=0, trace=300000, nelems=0, elem type=char[])
OBJ 50000a50 (sz=24, trace=300000, class=java.lang.String@500000bf)
	value		50000a53
OBJ 50000a51 (sz=24, trace=300000, class=java.lang.String@500000bf)
	value		50000a52
ARR 50000a52 (sz=38, trace=300000, nelems=19, elem type=char[])
ARR 50000a53 (sz=44, trace=300000, nelems=22, elem type=char[])
OBJ 50000a54 (sz=24, trace=300000, class=java.util.Hashtable$Entry@50000121)
	key		50000a5a
	value		50000a59
OBJ 50000a55 (sz=24, trace=300000, class=java.lang.String@500000bf)
	value		50000a58
OBJ 50000a56 (sz=24, trace=300000, class=java.lang.String@500000bf)
	value		50000a57
ARR 50000a57 (sz=26, trace=300000, nelems=13, elem type=char[])
ARR 50000a58 (sz=28, trace=300000, nelems=14, elem type=char[])
OBJ 50000a59 (sz=24, trace=300000, class=java.lang.String@500000bf)
	value		50000a5c
OBJ 50000a5a (sz=24, trace=300000, class=java.lang.String@500000bf)
	value		50000a5b
ARR 50000a5b (sz=52, trace=300000, nelems=26, elem type=char[])
ARR 50000a5c (sz=6, trace=300000, nelems=3, elem type=char[])
OBJ 50000a5d (sz=24, trace=300000, class=java.util.Hashtable$Entry@50000121)
	key		50000a63
	value		50000a62
OBJ 50000a5e (sz=24, trace=300000, class=java.lang.String@500000bf)
	value		50000a61
OBJ 50000a5f (sz=24, trace=300000, class=java.lang.String@500000bf)
	value		50000a60
ARR 50000a60 (sz=30, trace=300000, nelems=15, elem type=char[])
ARR 50000a61 (sz=2, trace=300000, nelems=1, elem type=char[])
OBJ 50000a62 (sz=24, trace=300000, class=java.lang.String@500000bf)
	value		50000a65
OBJ 50000a63 (sz=24, trace=300000, class=java.lang.String@500000bf)
	value		50000a64
ARR 50000a64 (sz=18, trace=300000, nelems=9, elem type=char[])
ARR 50000a65 (sz=12, trace=300000, nelems=6, elem type=char[])
OBJ 50000a66 (sz=24, trace=300000, class=java.lang.String@500000bf)
	value		50000a69
OBJ 50000a67 (sz=24, trace=300000, class=java.lang.String@500000bf)
	value		50000a68
ARR 50000a68 (sz=58, trace=300000, nelems=29, elem type=char[])
ARR 50000a69 (sz=6, trace=300000, nelems=3, elem type=char[])
OBJ 50000a6a (sz=24, trace=300000, class=java.util.Hashtable$Entry@50000121)
	key		50000a6e
	value		50000a6d
OBJ 50000a6b (sz=24, trace=300000, class=java.lang.String@500000bf)
	value		50000a6c
ARR 50000a6c (sz=18, trace=300000, nelems=9, elem type=char[])
OBJ 50000a6d (sz=24, trace=300000, class=java.lang.String@500000bf)
	value		50000a70
OBJ 50000a6e (sz=24, trace=300000, class=java.lang.String@500000bf)
	value		50000a6f
ARR 50000a6f (sz=38, trace=300000, nelems=19, elem type=char[])
ARR 50000a70 (sz=4, trace=300000, nelems=2, elem type=char[])
OBJ 50000a71 (sz=24, trace=300000, class=java.util.Hashtable$Entry@50000121)
	key		50000a77
	value		50000a76
OBJ 50000a72 (sz=24, trace=300000, class=java.lang.String@500000bf)
	value		50000a75
OBJ 50000a73 (sz=24, trace=300000, class=java.lang.String@500000bf)
	value		50000a74
ARR 50000a74 (sz=26, trace=300000, nelems=13, elem type=char[])
ARR 50000a75 (sz=4, trace=300000, nelems=2, elem type=char[])
OBJ 50000a76 (sz=24, trace=300000, class=java.lang.String@500000bf)
	value		50000a79
OBJ 50000a77 (sz=24, trace=300000, class=java.lang.String@500000bf)
	value		50000a78
ARR 50000a78 (sz=50, trace=300000, nelems=25, elem type=char[])
ARR 50000a79 (sz=42, trace=300000, nelems=21, elem type=char[])
OBJ 50000a7a (sz=24, trace=300000, class=java.lang.String@500000bf)
	value		50000a7d
OBJ 50000a7b (sz=24, trace=300000, class=java.lang.String@500000bf)
	value		50000a7c
ARR 50000a7c (sz=24, trace=300000, nelems=12, elem type=char[])
ARR 50000a7d (sz=20, trace=300000, nelems=10, elem type=char[])
OBJ 50000a7e (sz=24, trace=300000, class=java.lang.String@500000bf)
	value		50000a7f
ARR 50000a7f (sz=24, trace=300000, nelems=12, elem type=char[])
OBJ 50000a80 (sz=24, trace=300000, class=java.lang.String@500000bf)
	value		500003f0
OBJ 50000a81 (sz=24, trace=300000, class=java.lang.String@500000bf)
	value		50000a82
ARR 50000a82 (sz=26, trace=300000, nelems=13, elem type=char[])
OBJ 50000a83 (sz=24, trace=300000, class=java.lang.String@500000bf)
	value		50000a86
OBJ 50000a84 (sz=24, trace=300000, class=java.lang.String@500000bf)
	value		50000a85
ARR 50000a85 (sz=38, trace=300000, nelems=19, elem type=char[])
ARR 50000a86 (sz=558, trace=300000, nelems=279, elem type=char[])
OBJ 50000a87 (sz=24, trace=300000, class=java.lang.String@500000bf)
	value		50000a8a
OBJ 50000a88 (sz=24, trace=300000, class=java.lang.String@500000bf)
	value		50000a89
ARR 50000a89 (sz=22, trace=300000, nelems=11, elem type=char[])
ARR 50000a8a (sz=42, trace=300000, nelems=21, elem type=char[])
OBJ 50000a8b (sz=24, trace=300000, class=java.lang.String@500000bf)
	value		50000a8e
OBJ 50000a8c (sz=24, trace=300000, class=java.lang.String@500000bf)
	value		50000a8d
ARR 50000a8d (sz=28, trace=300000, nelems=14, elem type=char[])
ARR 50000a8e (sz=2, trace=300000, nelems=1, elem type=char[])
OBJ 50000a8f (sz=24, trace=300000, class=java.lang.String@500000bf)
	value		50000a92
OBJ 50000a90 (sz=24, trace=300000, class=java.lang.String@500000bf)
	value		50000a91
ARR 50000a91 (sz=38, trace=300000, nelems=19, elem type=char[])
ARR 50000a92 (sz=82, trace=300000, nelems=41, elem type=char[])
OBJ 50000a93 (sz=24, trace=300000, class=java.util.Hashtable$Entry@50000121)
	key		50000a99
	value		50000a98
OBJ 50000a94 (sz=24, trace=300000, class=java.lang.String@500000bf)
	value		50000a97
OBJ 50000a95 (sz=24, trace=300000, class=java.lang.String@500000bf)
	value		50000a96
ARR 50000a96 (sz=46, trace=300000, nelems=23, elem type=char[])
ARR 50000a97 (sz=26, trace=300000, nelems=13, elem type=char[])
OBJ 50000a98 (sz=24, trace=300000, class=java.lang.String@500000bf)
	value		50000a9b
OBJ 50000a99 (sz=24, trace=300000, class=java.lang.String@500000bf)
	value		50000a9a
ARR 50000a9a (sz=28, trace=300000, nelems=14, elem type=char[])
ARR 50000a9b (sz=12, trace=300000, nelems=6, elem type=char[])
OBJ 50000a9c (sz=24, trace=300000, class=java.lang.String@500000bf)
	value		50000a9f
OBJ 50000a9d (sz=24, trace=300000, class=java.lang.String@500000bf)
	value		50000a9e
ARR 50000a9e (sz=30, trace=300000, nelems=15, elem type=char[])
ARR 50000a9f (sz=0, trace=300000, nelems=0, elem type=char[])
OBJ 50000aa0 (sz=24, trace=300000, class=java.lang.String@500000bf)
	value		50000ab1
OBJ 50000aa1 (sz=24, trace=300000, class=java.lang.String@500000bf)
	value		50000aaf
OBJ 50000aa2 (sz=24, trace=300000, class=java.lang.String@500000bf)
	value		50000aad
OBJ 50000aa3 (sz=8, trace=300000, class=java.lang.Terminator$1@5000012d)
OBJ 50000aa4 (sz=16, trace=300000, class=sun.misc.NativeSignalHandler@50000112)
OBJ 50000aa5 (sz=16, trace=300000, class=sun.misc.NativeSignalHandler@50000112)
OBJ 50000aa6 (sz=40, trace=300000, class=java.util.Hashtable@500000b2)
	table		50000ab2
OBJ 50000aa7 (sz=40, trace=300000, class=java.util.Hashtable@500000b2)
	table		50000aa8
ARR 50000aa8 (sz=32, trace=300000, nelems=4, elem type=java.util.Hashtable$Entry[]@50000122)
	[1]		50000aa9
	[2]		50000aaa
	[3]		50000aab
OBJ 50000aa9 (sz=24, trace=300000, class=java.util.Hashtable$Entry@50000121)
	key		50000ab0
	value		50000aa3
OBJ 50000aaa (sz=24, trace=300000, class=java.util.Hashtable$Entry@50000121)
	key		50000aae
	value		50000aa3
OBJ 50000aab (sz=24, trace=300000, class=java.util.Hashtable$Entry@50000121)
	key		50000aac
	value		50000aa3
OBJ 50000aac (sz=16, trace=300000, class=sun.misc.Signal@50000012)
	name		50000aa2
ARR 50000aad (sz=8, trace=300000, nelems=4, elem type=char[])
OBJ 50000aae (sz=16, trace=300000, class=sun.misc.Signal@50000012)
	name		50000aa1
ARR 50000aaf (sz=6, trace=300000, nelems=3, elem type=char[])
OBJ 50000ab0 (sz=16, trace=300000, class=sun.misc.Signal@50000012)
	name		50000aa0
ARR 50000ab1 (sz=6, trace=300000, nelems=3, elem type=char[])
ARR 50000ab2 (sz=32, trace=300000, nelems=4, elem type=java.util.Hashtable$Entry[]@50000122)
	[1]		50000ab3
	[2]		50000ab4
	[3]		50000ab5
OBJ 50000ab3 (sz=24, trace=300000, class=java.util.Hashtable$Entry@50000121)
	key		50000ab8
	value		50000ab0
OBJ 50000ab4 (sz=24, trace=300000, class=java.util.Hashtable$Entry@50000121)
	key		50000ab7
	value		50000aae
OBJ 50000ab5 (sz=24, trace=300000, class=java.util.Hashtable$Entry@50000121)
	key		50000ab6
	value		50000aac
OBJ 50000ab6 (sz=16, trace=300000, class=java.lang.Integer@50000060)
OBJ 50000ab7 (sz=16, trace=300000, class=java.lang.Integer@50000060)
OBJ 50000ab8 (sz=16, trace=300000, class=java.lang.Integer@50000060)
OBJ 50000ab9 (sz=8, trace=300000, class=java.lang.Shutdown$Lock@500000a9)
OBJ 50000aba (sz=8, trace=300000, class=java.lang.Shutdown$Lock@500000a9)
OBJ 50000abb (sz=24, trace=300000, class=java.util.ArrayList@500000e4)
	elementData	50000abc
ARR 50000abc (sz=56, trace=300000, nelems=3, elem type=java.lang.Object[]@5000009c)
	[0]		50000abd
	[1]		50000abe
	[2]		50000426
OBJ 50000abd (sz=16, trace=300000, class=java.io.Console$1$1@50000035)
	this$0		50000427
OBJ 50000abe (sz=8, trace=300000, class=java.lang.ApplicationShutdownHooks@50000007)
OBJ 50000abf (sz=8, trace=300000, class=java.lang.Object@5000009b)
ARR 50000ac0 (sz=6, trace=300000, nelems=3, elem type=char[])
OBJ 50000ac1 (sz=24, trace=300000, class=java.lang.String@500000bf)
	value		50000ac2
ARR 50000ac2 (sz=10, trace=300000, nelems=5, elem type=char[])
OBJ 50000ac3 (sz=24, trace=300000, class=java.lang.String@500000bf)
	value		50000ac4
ARR 50000ac4 (sz=8, trace=300000, nelems=4, elem type=char[])
OBJ 50000ac5 (sz=24, trace=300000, class=java.lang.String@500000bf)
	value		50000ac6
ARR 50000ac6 (sz=8, trace=300000, nelems=4, elem type=char[])
ARR 50000ac7 (sz=22, trace=300000, nelems=11, elem type=char[])
OBJ 50000ac8 (sz=24, trace=300000, class=java.lang.String@500000bf)
	value		50000acb
OBJ 50000ac9 (sz=24, trace=300000, class=java.lang.String@500000bf)
	value		50000aca
ARR 50000aca (sz=46, trace=300000, nelems=23, elem type=char[])
ARR 50000acb (sz=60, trace=300000, nelems=30, elem type=char[])
OBJ 50000acc (sz=24, trace=300000, class=java.lang.String@500000bf)
	value		50000acd
ARR 50000acd (sz=40, trace=300000, nelems=20, elem type=char[])
ARR 50000ace (sz=10, trace=300000, nelems=5, elem type=char[])
ARR 50000acf (sz=20, trace=300000, nelems=10, elem type=char[])
ARR 50000ad0 (sz=8, trace=300000, nelems=4, elem type=char[])
ARR 50000ad1 (sz=10, trace=300000, nelems=5, elem type=char[])
ARR 50000ad2 (sz=8, trace=300000, nelems=4, elem type=char[])
ARR 50000ad3 (sz=8, trace=300000, nelems=4, elem type=char[])
OBJ 50000ad4 (sz=24, trace=300000, class=java.util.concurrent.ConcurrentHashMap$HashEntry@50000021)
	key		50000363
	value		50000378
	next		50000ad8
OBJ 50000ad5 (sz=24, trace=300000, class=java.util.concurrent.ConcurrentHashMap$HashEntry@50000021)
	key		50000361
	value		5000037f
ARR 50000ad6 (sz=8, trace=300000, nelems=4, elem type=char[])
ARR 50000ad7 (sz=4, trace=300000, nelems=2, elem type=char[])
OBJ 50000ad8 (sz=24, trace=300000, class=java.util.concurrent.ConcurrentHashMap$HashEntry@50000021)
	key		50000367
	value		5000037d
ARR 50000ad9 (sz=12, trace=300000, nelems=6, elem type=char[])
ARR 50000ada (sz=4, trace=300000, nelems=2, elem type=char[])
ARR 50000adb (sz=4, trace=300000, nelems=2, elem type=char[])
ARR 50000adc (sz=8, trace=300000, nelems=4, elem type=char[])
ARR 50000add (sz=4, trace=300000, nelems=2, elem type=char[])
ARR 50000ade (sz=24, trace=300000, nelems=2, elem type=java.util.concurrent.ConcurrentHashMap$HashEntry[]@50000022)
	[1]		50000ae0
OBJ 50000adf (sz=24, trace=300000, class=java.util.concurrent.locks.ReentrantLock$NonfairSync@50000017)
OBJ 50000ae0 (sz=24, trace=300000, class=java.util.concurrent.ConcurrentHashMap$HashEntry@50000021)
	key		5000035a
	value		50000382
ARR 50000ae1 (sz=8, trace=300000, nelems=4, elem type=char[])
ARR 50000ae2 (sz=4, trace=300000, nelems=2, elem type=char[])
ARR 50000ae3 (sz=24, trace=300000, nelems=1, elem type=java.util.concurrent.ConcurrentHashMap$HashEntry[]@50000022)
	[0]		50000ae5
OBJ 50000ae4 (sz=24, trace=300000, class=java.util.concurrent.locks.ReentrantLock$NonfairSync@50000017)
OBJ 50000ae5 (sz=24, trace=300000, class=java.util.concurrent.ConcurrentHashMap$HashEntry@50000021)
	key		50000358
	value		50000374
ARR 50000ae6 (sz=12, trace=300000, nelems=6, elem type=char[])
ARR 50000ae7 (sz=4, trace=300000, nelems=2, elem type=char[])
ARR 50000ae8 (sz=24, trace=300000, nelems=0, elem type=java.util.concurrent.ConcurrentHashMap$HashEntry[]@50000022)
OBJ 50000ae9 (sz=24, trace=300000, class=java.util.concurrent.locks.ReentrantLock$NonfairSync@50000017)
ARR 50000aea (sz=24, trace=300000, nelems=1, elem type=java.util.concurrent.ConcurrentHashMap$HashEntry[]@50000022)
	[0]		50000aec
OBJ 50000aeb (sz=24, trace=300000, class=java.util.concurrent.locks.ReentrantLock$NonfairSync@50000017)
OBJ 50000aec (sz=24, trace=300000, class=java.util.concurrent.ConcurrentHashMap$HashEntry@50000021)
	key		50000354
	value		5000037a
ARR 50000aed (sz=12, trace=300000, nelems=6, elem type=char[])
ARR 50000aee (sz=4, trace=300000, nelems=2, elem type=char[])
ARR 50000aef (sz=4, trace=300000, nelems=2, elem type=char[])
ARR 50000af0 (sz=24, trace=300000, nelems=1, elem type=java.util.concurrent.ConcurrentHashMap$HashEntry[]@50000022)
	[0]		50000af2
OBJ 50000af1 (sz=24, trace=300000, class=java.util.concurrent.locks.ReentrantLock$NonfairSync@50000017)
OBJ 50000af2 (sz=24, trace=300000, class=java.util.concurrent.ConcurrentHashMap$HashEntry@50000021)
	key		50000357
	value		50000373
ARR 50000af3 (sz=12, trace=300000, nelems=6, elem type=char[])
ARR 50000af4 (sz=4, trace=300000, nelems=2, elem type=char[])
ARR 50000af5 (sz=48, trace=300000, nelems=7, elem type=java.util.concurrent.ConcurrentHashMap$HashEntry[]@50000022)
	[1]		50000af7
	[4]		50000af8
	[5]		50000af9
	[6]		50000afa
OBJ 50000af6 (sz=24, trace=300000, class=java.util.concurrent.locks.ReentrantLock$NonfairSync@50000017)
OBJ 50000af7 (sz=24, trace=300000, class=java.util.concurrent.ConcurrentHashMap$HashEntry@50000021)
	key		50000352
	value		50000371
	next		50000b03
OBJ 50000af8 (sz=24, trace=300000, class=java.util.concurrent.ConcurrentHashMap$HashEntry@50000021)
	key		5000036e
	value		50000375
OBJ 50000af9 (sz=24, trace=300000, class=java.util.concurrent.ConcurrentHashMap$HashEntry@50000021)
	key		5000035d
	value		5000037b
OBJ 50000afa (sz=24, trace=300000, class=java.util.concurrent.ConcurrentHashMap$HashEntry@50000021)
	key		50000359
	value		50000370
ARR 50000afb (sz=12, trace=300000, nelems=6, elem type=char[])
ARR 50000afc (sz=4, trace=300000, nelems=2, elem type=char[])
ARR 50000afd (sz=12, trace=300000, nelems=6, elem type=char[])
ARR 50000afe (sz=4, trace=300000, nelems=2, elem type=char[])
ARR 50000aff (sz=4, trace=300000, nelems=2, elem type=char[])
ARR 50000b00 (sz=12, trace=300000, nelems=6, elem type=char[])
ARR 50000b01 (sz=4, trace=300000, nelems=2, elem type=char[])
ARR 50000b02 (sz=4, trace=300000, nelems=2, elem type=char[])
OBJ 50000b03 (sz=24, trace=300000, class=java.util.concurrent.ConcurrentHashMap$HashEntry@50000021)
	key		5000036d
	value		50000376
ARR 50000b04 (sz=4, trace=300000, nelems=2, elem type=char[])
ARR 50000b05 (sz=12, trace=300000, nelems=6, elem type=char[])
ARR 50000b06 (sz=4, trace=300000, nelems=2, elem type=char[])
ARR 50000b07 (sz=24, trace=300000, nelems=0, elem type=java.util.concurrent.ConcurrentHashMap$HashEntry[]@50000022)
OBJ 50000b08 (sz=24, trace=300000, class=java.util.concurrent.locks.ReentrantLock$NonfairSync@50000017)
ARR 50000b09 (sz=24, trace=300000, nelems=1, elem type=java.util.concurrent.ConcurrentHashMap$HashEntry[]@50000022)
	[0]		50000b0b
OBJ 50000b0a (sz=24, trace=300000, class=java.util.concurrent.locks.ReentrantLock$NonfairSync@50000017)
OBJ 50000b0b (sz=24, trace=300000, class=java.util.concurrent.ConcurrentHashMap$HashEntry@50000021)
	key		5000036f
	value		5000037c
ARR 50000b0c (sz=8, trace=300000, nelems=4, elem type=char[])
ARR 50000b0d (sz=24, trace=300000, nelems=2, elem type=java.util.concurrent.ConcurrentHashMap$HashEntry[]@50000022)
	[1]		50000b0f
OBJ 50000b0e (sz=24, trace=300000, class=java.util.concurrent.locks.ReentrantLock$NonfairSync@50000017)
OBJ 50000b0f (sz=24, trace=300000, class=java.util.concurrent.ConcurrentHashMap$HashEntry@50000021)
	key		50000355
	value		50000380
ARR 50000b10 (sz=8, trace=300000, nelems=4, elem type=char[])
ARR 50000b11 (sz=24, trace=300000, nelems=2, elem type=java.util.concurrent.ConcurrentHashMap$HashEntry[]@50000022)
	[1]		50000b13
OBJ 50000b12 (sz=24, trace=300000, class=java.util.concurrent.locks.ReentrantLock$NonfairSync@50000017)
OBJ 50000b13 (sz=24, trace=300000, class=java.util.concurrent.ConcurrentHashMap$HashEntry@50000021)
	key		5000035c
	value		50000372
ARR 50000b14 (sz=12, trace=300000, nelems=6, elem type=char[])
ARR 50000b15 (sz=24, trace=300000, nelems=2, elem type=java.util.concurrent.ConcurrentHashMap$HashEntry[]@50000022)
	[0]		50000b17
	[1]		50000b18
OBJ 50000b16 (sz=24, trace=300000, class=java.util.concurrent.locks.ReentrantLock$NonfairSync@50000017)
OBJ 50000b17 (sz=24, trace=300000, class=java.util.concurrent.ConcurrentHashMap$HashEntry@50000021)
	key		50000364
	value		5000037e
OBJ 50000b18 (sz=24, trace=300000, class=java.util.concurrent.ConcurrentHashMap$HashEntry@50000021)
	key		5000035e
	value		50000381
ARR 50000b19 (sz=8, trace=300000, nelems=4, elem type=char[])
ARR 50000b1a (sz=8, trace=300000, nelems=4, elem type=char[])
ARR 50000b1b (sz=24, trace=300000, nelems=1, elem type=java.util.concurrent.ConcurrentHashMap$HashEntry[]@50000022)
	[0]		50000b1d
OBJ 50000b1c (sz=24, trace=300000, class=java.util.concurrent.locks.ReentrantLock$NonfairSync@50000017)
OBJ 50000b1d (sz=24, trace=300000, class=java.util.concurrent.ConcurrentHashMap$HashEntry@50000021)
	key		50000360
	value		50000379
ARR 50000b1e (sz=12, trace=300000, nelems=6, elem type=char[])
ARR 50000b1f (sz=4, trace=300000, nelems=2, elem type=char[])
ARR 50000b20 (sz=24, trace=300000, nelems=0, elem type=java.util.concurrent.ConcurrentHashMap$HashEntry[]@50000022)
OBJ 50000b21 (sz=24, trace=300000, class=java.util.concurrent.locks.ReentrantLock$NonfairSync@50000017)
ARR 50000b22 (sz=24, trace=300000, nelems=0, elem type=java.util.concurrent.ConcurrentHashMap$HashEntry[]@50000022)
OBJ 50000b23 (sz=24, trace=300000, class=java.util.concurrent.locks.ReentrantLock$NonfairSync@50000017)
ARR 50000b24 (sz=24, trace=300000, nelems=2, elem type=java.util.concurrent.ConcurrentHashMap$HashEntry[]@50000022)
	[1]		50000b26
OBJ 50000b25 (sz=24, trace=300000, class=java.util.concurrent.locks.ReentrantLock$NonfairSync@50000017)
OBJ 50000b26 (sz=24, trace=300000, class=java.util.concurrent.ConcurrentHashMap$HashEntry@50000021)
	key		50000366
	value		50000377
ARR 50000b27 (sz=12, trace=300000, nelems=6, elem type=char[])
ARR 50000b28 (sz=4, trace=300000, nelems=2, elem type=char[])
ARR 50000b29 (sz=24, trace=300000, nelems=12, elem type=char[])
ARR 50000b2a (sz=22, trace=300000, nelems=11, elem type=char[])
ARR 50000b2b (sz=26, trace=300000, nelems=13, elem type=char[])
ARR 50000b2c (sz=24, trace=300000, nelems=12, elem type=char[])
OBJ 50000b2d (sz=16, trace=300000, class=java.lang.ThreadLocal@500000e3)
OBJ 50000b2e (sz=16, trace=300000, class=java.lang.ThreadLocal@500000e3)
OBJ 50000b2f (sz=24, trace=300000, class=java.lang.ref.ReferenceQueue@500000b0)
	lock		50000b32
OBJ 50000b30 (sz=40, trace=300000, class=java.util.HashMap@5000011a)
	table		50000b31
ARR 50000b31 (sz=80, trace=300000, nelems=0, elem type=java.util.HashMap$Entry[]@50000058)
OBJ 50000b32 (sz=8, trace=300000, class=java.lang.ref.ReferenceQueue$Lock@50000015)
OBJ 50000b33 (sz=8, trace=300000, class=java.lang.Object@5000009b)
OBJ 50000b34 (sz=24, trace=300000, class=java.security.AccessControlContext@500000a8)
ARR 50000b35 (sz=34, trace=300000, nelems=17, elem type=char[])
ARR 50000b36 (sz=32, trace=300000, nelems=1, elem type=java.lang.ThreadGroup[]@5000008b)
	[0]		5000033d
ARR 50000b37 (sz=32, trace=300000, nelems=3, elem type=java.lang.Thread[]@50000071)
	[0]		50000328
	[1]		50000327
	[2]		50000326
OBJ 50000b38 (sz=8, trace=300000, class=java.lang.Object@5000009b)
OBJ 50000b39 (sz=24, trace=300000, class=java.security.AccessControlContext@500000a8)
ARR 50000b3a (sz=34, trace=300000, nelems=17, elem type=char[])
OBJ 50000b3b (sz=8, trace=300000, class=java.lang.Object@5000009b)
OBJ 50000b3c (sz=24, trace=300000, class=java.security.AccessControlContext@500000a8)
ARR 50000b3d (sz=18, trace=300000, nelems=9, elem type=char[])
OBJ 50000b3e (sz=24, trace=300000, class=java.lang.String@500000bf)
	value		50000b47
OBJ 50000b3f (sz=8, trace=300000, class=java.lang.Object@5000009b)
OBJ 50000b40 (sz=32, trace=300000, class=java.lang.ref.Finalizer@50000010)
	referent	50000b42
	queue		5000033f
	next		50000b41
	prev		50000201
OBJ 50000b41 (sz=32, trace=300000, class=java.lang.ref.Finalizer@50000010)
	referent	5000098b
	queue		5000033f
	next		50000b44
	prev		50000b40
OBJ 50000b42 (sz=16, trace=300000, class=java.io.FileInputStream@50000042)
	fd		50000b43
OBJ 50000b43 (sz=16, trace=300000, class=java.io.FileDescriptor@5000009a)
OBJ 50000b44 (sz=32, trace=300000, class=java.lang.ref.Finalizer@50000010)
	referent	500009ac
	queue		5000033f
	next		50000b45
	prev		50000b41
OBJ 50000b45 (sz=32, trace=300000, class=java.lang.ref.Finalizer@50000010)
	referent	5000043a
	queue		5000033f
	next		50000b46
	prev		50000b44
OBJ 50000b46 (sz=32, trace=300000, class=java.lang.ref.Finalizer@50000010)
	referent	500003ba
	queue		5000033f
	prev		50000b45
ARR 50000b47 (sz=18, trace=300000, nelems=9, elem type=char[])
ARR 50000b48 (sz=32, trace=300000, nelems=1, elem type=java.lang.Thread[]@50000071)
	[0]		50000306
OBJ 50000b49 (sz=24, trace=300000, class=java.lang.String@500000bf)
	value		50000b4a
ARR 50000b4a (sz=8, trace=300000, nelems=4, elem type=char[])
OBJ 50000b4b (sz=24, trace=300000, class=java.security.AccessControlContext@500000a8)
OBJ 50000b4c (sz=24, trace=300000, class=java.lang.String@500000bf)
	value		50000b4d
ARR 50000b4d (sz=18, trace=300000, nelems=9, elem type=char[])
OBJ 50000b4e (sz=24, trace=300000, class=java.lang.OutOfMemoryError@50000107)
OBJ 50000b4f (sz=24, trace=300000, class=java.lang.OutOfMemoryError@50000107)
OBJ 50000b50 (sz=24, trace=300000, class=java.lang.OutOfMemoryError@50000107)
OBJ 50000b51 (sz=24, trace=300000, class=java.lang.OutOfMemoryError@50000107)
OBJ 50000b52 (sz=24, trace=300000, class=java.lang.String@500000bf)
	value		50000b53
ARR 50000b53 (sz=52, trace=300000, nelems=26, elem type=char[])
OBJ 50000b54 (sz=24, trace=300000, class=java.lang.String@500000bf)
	value		50000b55
ARR 50000b55 (sz=74, trace=300000, nelems=37, elem type=char[])
OBJ 50000b56 (sz=24, trace=300000, class=java.lang.String@500000bf)
	value		50000b57
ARR 50000b57 (sz=26, trace=300000, nelems=13, elem type=char[])
OBJ 50000b58 (sz=24, trace=300000, class=java.lang.String@500000bf)
	value		50000b59
ARR 50000b59 (sz=30, trace=300000, nelems=15, elem type=char[])
ARR 50000b5a (sz=16, trace=300000, nelems=0, elem type=java.lang.annotation.Annotation[]@5000004a)
OBJ 50000b5b (sz=24, trace=300000, class=java.lang.String@500000bf)
	value		50000b60
OBJ 50000b5c (sz=24, trace=300000, class=java.lang.String@500000bf)
	value		50000b5f
OBJ 50000b5d (sz=24, trace=300000, class=java.lang.String@500000bf)
	value		50000b5e
ARR 50000b5e (sz=24, trace=300000, nelems=12, elem type=char[])
ARR 50000b5f (sz=26, trace=300000, nelems=13, elem type=char[])
ARR 50000b60 (sz=14, trace=300000, nelems=7, elem type=char[])
CLS 5000009b (name=java.lang.Object, trace=300000)
	constant pool entry 79	50000100
	constant pool entry 18	5000009b
CLS 50000001 (name=sun.nio.cs.Surrogate$Parser, trace=300000)
	super		5000009b
	constant pool entry 45	50000001
	constant pool entry 44	500000b8
	constant pool entry 43	50000026
	constant pool entry 41	5000009b
	constant pool entry 40	5000008e
CLS 500000af (name=java.io.Reader, trace=300000)
	super		5000009b
	constant pool entry 56	5000009b
	constant pool entry 52	500000af
CLS 500000a1 (name=java.io.InputStreamReader, trace=300000)
	super		500000af
	constant pool entry 40	50000073
	constant pool entry 35	500000af
	constant pool entry 34	500000a1
CLS 50000002 (name=java.io.FileReader, trace=300000)
	super		500000a1
	constant pool entry 14	500000a1
	constant pool entry 11	50000042
CLS 500000a7 (name=java.io.OutputStream, trace=300000)
	super		5000009b
	constant pool entry 26	5000009b
CLS 50000003 (name=java.io.FileOutputStream, trace=300000)
	super		500000a7
	constant pool entry 53	5000002d
	constant pool entry 50	500000a7
	constant pool entry 48	50000003
CLS 50000095 (name=java.nio.Buffer, trace=300000)
	super		5000009b
	constant pool entry 45	50000095
	constant pool entry 44	5000009b
CLS 50000090 (name=java.nio.CharBuffer, trace=300000)
	super		50000095
	constant pool entry 91	50000004
	constant pool entry 90	50000090
	constant pool entry 87	50000095
CLS 50000004 (name=java.nio.HeapCharBuffer, trace=300000)
	super		50000090
	constant pool entry 131	50000100
	constant pool entry 64	50000090
CLS 50000005 (name=java.lang.Math, trace=300000)
	super		5000009b
	constant pool entry 93	50000005
	constant pool entry 92	50000046
	constant pool entry 91	5000004d
CLS 50000006 (name=sun.reflect.ReflectionFactory$GetReflectionFactoryAction, trace=300000)
	super		5000009b
	constant pool entry 15	500000c4
	constant pool entry 13	5000009b
CLS 50000007 (name=java.lang.ApplicationShutdownHooks, trace=300000)
	super		5000009b
	static instance	50000abe
	constant pool entry 54	500000ee
	constant pool entry 53	5000010c
	constant pool entry 52	500000b3
	constant pool entry 49	5000009b
	constant pool entry 44	50000007
CLS 50000008 (name=java.lang.Compiler$1, trace=300000)
	super		5000009b
	constant pool entry 54	5000002d
	constant pool entry 53	5000003f
	constant pool entry 51	5000009b
	constant pool entry 8	50000b5d
	constant pool entry 7	50000b5c
	constant pool entry 4	50000b5b
CLS 50000009 (name=java.net.URLClassLoader$7, trace=300000)
	super		5000009b
	constant pool entry 15	5000009b
CLS 5000000a (name=java.util.Comparator, trace=300000)
CLS 500000d7 (name=java.net.URLStreamHandler, trace=300000)
	super		5000009b
	constant pool entry 113	500000d7
	constant pool entry 112	500000b9
	constant pool entry 109	5000003f
	constant pool entry 108	5000003e
	constant pool entry 107	500000bf
	constant pool entry 105	5000009b
	constant pool entry 10	500008d2
	constant pool entry 8	500008d1
	constant pool entry 7	500008d0
	constant pool entry 6	500008cf
	constant pool entry 5	500008ce
	constant pool entry 3	500008cd
	constant pool entry 1	50000347
CLS 5000000b (name=sun.net.www.protocol.file.Handler, trace=300000)
	super		500000d7
	constant pool entry 59	5000000b
	constant pool entry 58	5000023c
	constant pool entry 57	5000010e
	constant pool entry 56	500000d7
	constant pool entry 55	500000b9
	constant pool entry 53	500000bf
	constant pool entry 51	500000e0
	constant pool entry 5	5000089d
	constant pool entry 1	50000347
CLS 5000009e (name=java.lang.Throwable, trace=300000)
	super		5000009b
	constant pool entry 51	5000009b
	constant pool entry 50	5000009e
CLS 500000fc (name=java.lang.Exception, trace=300000)
	super		5000009e
	constant pool entry 16	5000009e
CLS 500000fd (name=java.lang.RuntimeException, trace=300000)
	super		500000fc
CLS 5000000c (name=java.lang.ClassCastException, trace=300000)
	super		500000fd
CLS 5000000d (name=java.lang.Thread$UncaughtExceptionHandler, trace=300000)
CLS 5000000e (name=java.lang.Thread$UncaughtExceptionHandler[], trace=300000)
	super		5000009b
CLS 50000089 (name=sun.reflect.MagicAccessorImpl, trace=300000)
	super		5000009b
	constant pool entry 8	5000009b
CLS 5000000f (name=sun.reflect.FieldAccessorImpl, trace=300000)
	super		50000089
CLS 500000d1 (name=java.lang.ref.Reference, trace=300000)
	super		5000009b
	static lock	50000324
	constant pool entry 53	500000b0
	constant pool entry 52	500000e7
	constant pool entry 51	5000001f
	constant pool entry 49	500000d1
	constant pool entry 48	5000008a
	constant pool entry 47	50000070
	constant pool entry 46	5000009b
	constant pool entry 1	5000085e
CLS 50000074 (name=java.lang.ref.FinalReference, trace=300000)
	super		500000d1
	constant pool entry 9	500000d1
CLS 50000010 (name=java.lang.ref.Finalizer, trace=300000)
	super		50000074
	static queue	5000033f
	static unfinalized	500002f2
	static lock	50000b3f
	constant pool entry 66	500000b0
	constant pool entry 65	50000109
	constant pool entry 61	50000010
	constant pool entry 60	50000074
	constant pool entry 58	5000008a
	constant pool entry 57	50000070
	constant pool entry 56	5000009b
CLS 50000116 (name=java.util.concurrent.atomic.AtomicReferenceFieldUpdater, trace=300000)
	super		5000009b
	constant pool entry 24	50000011
	constant pool entry 22	5000009b
CLS 50000011 (name=java.util.concurrent.atomic.AtomicReferenceFieldUpdater$AtomicReferenceFieldUpdaterImpl, trace=300000)
	super		50000116
	static unsafe	5000039c
	constant pool entry 90	50000125
	constant pool entry 89	5000011e
	constant pool entry 88	50000117
	constant pool entry 87	50000011
	constant pool entry 86	50000116
	constant pool entry 85	50000052
	constant pool entry 84	50000096
	constant pool entry 81	5000009b
	constant pool entry 76	5000008e
CLS 50000012 (name=sun.misc.Signal, trace=300000)
	super		5000009b
	static handlers	50000aa7
	static signals	50000aa6
	constant pool entry 78	50000131
	constant pool entry 76	50000012
	constant pool entry 75	50000112
	constant pool entry 74	500000b2
	constant pool entry 70	5000009b
	constant pool entry 69	50000060
CLS 50000013 (name=sun.reflect.ConstructorAccessor, trace=300000)
CLS 50000014 (name=java.util.concurrent.locks.AbstractOwnableSynchronizer, trace=300000)
	super		5000009b
	constant pool entry 19	50000014
	constant pool entry 18	5000009b
CLS 50000015 (name=java.lang.ref.ReferenceQueue$Lock, trace=300000)
	super		5000009b
	constant pool entry 14	50000015
	constant pool entry 11	5000009b
CLS 50000088 (name=java.security.Permission, trace=300000)
	super		5000009b
	constant pool entry 56	50000088
	constant pool entry 49	5000009b
CLS 50000063 (name=java.security.BasicPermission, trace=300000)
	super		50000088
	constant pool entry 73	50000088
	constant pool entry 72	50000296
	constant pool entry 71	50000063
	constant pool entry 70	500000bf
	constant pool entry 4	500003aa
	constant pool entry 3	500003a9
	constant pool entry 2	500003a8
CLS 50000016 (name=java.lang.RuntimePermission, trace=300000)
	super		50000063
	constant pool entry 15	50000063
CLS 50000086 (name=java.util.concurrent.locks.AbstractQueuedSynchronizer, trace=300000)
	super		50000014
	static unsafe	5000039c
	constant pool entry 182	50000117
	constant pool entry 180	50000130
	constant pool entry 178	50000086
	constant pool entry 177	50000014
	constant pool entry 163	5000008e
	constant pool entry 11	5000039b
	constant pool entry 10	5000039a
	constant pool entry 9	50000399
	constant pool entry 7	50000398
	constant pool entry 6	50000397
CLS 500000d6 (name=java.util.concurrent.locks.ReentrantLock$Sync, trace=300000)
	super		50000086
	constant pool entry 56	500000d6
	constant pool entry 53	50000086
	constant pool entry 52	50000070
CLS 50000017 (name=java.util.concurrent.locks.ReentrantLock$NonfairSync, trace=300000)
	super		500000d6
	constant pool entry 29	500000d6
	constant pool entry 28	50000017
	constant pool entry 26	50000070
CLS 50000018 (name=java.nio.ByteBuffer, trace=300000)
	super		50000095
	constant pool entry 132	5000006e
	constant pool entry 130	50000066
	constant pool entry 129	50000018
	constant pool entry 126	50000095
	constant pool entry 125	5000011c
CLS 500000b7 (name=java.util.AbstractMap, trace=300000)
	super		5000009b
	constant pool entry 66	500000b7
	constant pool entry 63	5000009b
CLS 50000019 (name=sun.util.PreHashedMap, trace=300000)
	super		500000b7
	constant pool entry 93	50000100
	constant pool entry 47	50000019
	constant pool entry 44	500000b7
	constant pool entry 42	500000bf
	constant pool entry 41	5000009b
	constant pool entry 40	5000009c
CLS 5000001a (name=sun.misc.OSEnvironment, trace=300000)
	super		5000009b
CLS 5000001b (name=java.lang.ThreadLocal$ThreadLocalMap, trace=300000)
	super		5000009b
	constant pool entry 116	50000100
	constant pool entry 50	5000004b
	constant pool entry 49	5000001b
	constant pool entry 47	500000e3
	constant pool entry 46	5000009b
CLS 5000001c (name=java.lang.reflect.GenericDeclaration, trace=300000)
CLS 5000001d (name=java.lang.reflect.GenericDeclaration[], trace=300000)
	super		5000009b
CLS 5000001e (name=java.lang.ArrayStoreException, trace=300000)
	super		500000fd
CLS 5000001f (name=java.lang.ref.Reference$Lock, trace=300000)
	super		5000009b
	constant pool entry 14	5000001f
	constant pool entry 11	5000009b
CLS 500000ec (name=java.lang.Error, trace=300000)
	super		5000009e
	constant pool entry 6	5000009e
CLS 500000dc (name=java.lang.LinkageError, trace=300000)
	super		500000ec
	constant pool entry 4	500000ec
CLS 500000fe (name=java.lang.IncompatibleClassChangeError, trace=300000)
	super		500000dc
	constant pool entry 10	500000dc
CLS 50000020 (name=java.lang.NoSuchMethodError, trace=300000)
	super		500000fe
	constant pool entry 9	500000fe
CLS 50000021 (name=java.util.concurrent.ConcurrentHashMap$HashEntry, trace=300000)
	super		5000009b
	constant pool entry 43	50000100
	constant pool entry 22	50000021
	constant pool entry 20	5000009b
CLS 50000022 (name=java.util.concurrent.ConcurrentHashMap$HashEntry[], trace=300000)
	super		5000009b
CLS 50000023 (name=sun.misc.JavaNetAccess, trace=300000)
CLS 50000062 (name=java.util.AbstractCollection, trace=300000)
	super		5000009b
	constant pool entry 128	50000100
	constant pool entry 65	500000ee
	constant pool entry 62	50000062
	constant pool entry 57	5000009b
CLS 50000024 (name=java.util.AbstractSet, trace=300000)
	super		50000062
	constant pool entry 31	50000062
CLS 50000025 (name=java.io.BufferedReader, trace=300000)
	super		500000af
	constant pool entry 151	50000100
	constant pool entry 80	500000bf
	constant pool entry 76	500000af
	constant pool entry 74	50000025
CLS 50000026 (name=java.nio.charset.CoderResult, trace=300000)
	super		5000009b
	static names	50000468
	static UNDERFLOW	50000467
	static OVERFLOW	50000466
	static malformedCache	50000465
	static unmappableCache	50000464
	constant pool entry 139	50000100
	constant pool entry 83	500000a0
	constant pool entry 82	50000128
	constant pool entry 81	50000026
	constant pool entry 75	500000bf
	constant pool entry 74	5000009b
	constant pool entry 73	5000008e
	constant pool entry 4	50000463
	constant pool entry 3	50000462
	constant pool entry 2	50000461
	constant pool entry 1	50000460
CLS 50000027 (name=java.util.concurrent.locks.Lock, trace=300000)
CLS 50000028 (name=java.util.concurrent.locks.Lock[], trace=300000)
	super		5000009b
CLS 50000029 (name=java.util.Set, trace=300000)
CLS 5000002a (name=java.util.Collections, trace=300000)
	super		5000009b
	static EMPTY_SET	5000042d
	static EMPTY_LIST	5000042c
	static EMPTY_MAP	5000042b
	static REVERSE_ORDER	5000042a
	constant pool entry 213	50000094
	constant pool entry 198	50000041
	constant pool entry 189	5000012c
	constant pool entry 188	5000004e
	constant pool entry 187	50000080
	constant pool entry 186	5000007c
	constant pool entry 175	5000002a
CLS 5000002b (name=sun.reflect.FieldAccessor, trace=300000)
CLS 5000002c (name=java.io.Console$1, trace=300000)
	super		5000009b
	constant pool entry 24	5000009b
	constant pool entry 23	50000035
CLS 5000002d (name=java.lang.System, trace=300000)
	super		5000009b
	static in	500003b8
	static out	500003b7
	static err	500003b6
	static props	500003b5
	constant pool entry 184	5000011e
	constant pool entry 182	500000d8
	constant pool entry 181	50000126
	constant pool entry 180	50000045
	constant pool entry 179	50000105
	constant pool entry 177	500000c6
	constant pool entry 174	5000008a
	constant pool entry 173	50000070
	constant pool entry 172	500000ab
	constant pool entry 171	50000048
	constant pool entry 169	5000002d
	constant pool entry 167	500000bf
	constant pool entry 166	500000dd
	constant pool entry 163	50000065
	constant pool entry 156	50000007
	constant pool entry 155	50000087
	constant pool entry 153	50000003
	constant pool entry 152	50000042
	constant pool entry 151	5000009a
	constant pool entry 150	50000061
	constant pool entry 149	500000a3
	constant pool entry 10	500003b4
	constant pool entry 1	50000347
CLS 5000002e (name=java.io.Console, trace=300000)
	super		5000009b
	constant pool entry 117	50000045
	constant pool entry 108	5000008e
	constant pool entry 96	5000002c
	constant pool entry 95	5000002e
CLS 5000002f (name=java.lang.ClassLoader, trace=300000)
	super		5000009b
	static scl	50000323
	static loadedLibraryNames	50000874
	static systemNativeLibraries	50000873
	static nativeLibraryContext	50000872
	static usr_paths	50000871
	static sys_paths	50000870
	constant pool entry 746	50000100
	constant pool entry 324	5000011e
	constant pool entry 323	50000126
	constant pool entry 320	50000059
	constant pool entry 317	500000f3
	constant pool entry 316	500000f9
	constant pool entry 315	50000029
	constant pool entry 313	500000b2
	constant pool entry 312	50000106
	constant pool entry 311	5000011a
	constant pool entry 308	500002c1
	constant pool entry 307	500000ac
	constant pool entry 305	5000020b
	constant pool entry 304	500000b1
	constant pool entry 301	500000b9
	constant pool entry 297	50000134
	constant pool entry 296	5000002d
	constant pool entry 294	500000bf
	constant pool entry 290	5000009b
	constant pool entry 285	500000f7
	constant pool entry 284	50000098
	constant pool entry 283	5000006d
	constant pool entry 280	5000002f
	constant pool entry 278	5000008e
	constant pool entry 277	50000075
	constant pool entry 274	500000e0
	constant pool entry 273	500002c2
	constant pool entry 19	5000086f
	constant pool entry 16	5000086e
	constant pool entry 15	5000086d
	constant pool entry 1	50000347
CLS 50000030 (name=sun.security.util.Debug, trace=300000)
	super		5000009b
	static hexDigits	50000902
	constant pool entry 165	50000030
	constant pool entry 164	500000cc
	constant pool entry 161	500000b1
	constant pool entry 156	500000bf
	constant pool entry 38	50000901
	constant pool entry 37	50000900
	constant pool entry 16	500008ff
CLS 50000031 (name=java.io.ObjectStreamField, trace=300000)
	super		5000009b
	constant pool entry 77	500000bf
	constant pool entry 75	5000009b
	constant pool entry 63	50000031
	constant pool entry 62	50000114
CLS 50000032 (name=java.io.ObjectStreamField[], trace=300000)
	super		5000009b
CLS 50000033 (name=java.lang.ref.WeakReference, trace=300000)
	super		500000d1
	constant pool entry 9	500000d1
CLS 50000034 (name=java.lang.ref.WeakReference[], trace=300000)
	super		5000009b
CLS 50000035 (name=java.io.Console$1$1, trace=300000)
	super		5000009b
	constant pool entry 25	5000009b
	constant pool entry 23	50000035
	constant pool entry 21	5000002e
CLS 50000036 (name=java.lang.Iterable, trace=300000)
CLS 500000d3 (name=java.util.concurrent.locks.ReentrantLock, trace=300000)
	super		5000009b
	constant pool entry 88	500000d6
	constant pool entry 87	50000017
	constant pool entry 85	500000d3
	constant pool entry 78	5000009b
CLS 50000037 (name=java.util.concurrent.ConcurrentHashMap$Segment, trace=300000)
	super		500000d3
	constant pool entry 121	50000100
	constant pool entry 57	500000d3
	constant pool entry 56	50000037
	constant pool entry 55	50000021
	constant pool entry 53	5000009b
CLS 50000038 (name=java.util.concurrent.ConcurrentHashMap$Segment[], trace=300000)
	super		5000009b
CLS 50000039 (name=sun.nio.cs.StandardCharsets$Aliases, trace=300000)
	super		50000019
	constant pool entry 514	50000100
	constant pool entry 503	50000019
	constant pool entry 502	50000039
	constant pool entry 499	5000009b
	constant pool entry 237	500004bf
	constant pool entry 236	50000690
	constant pool entry 235	500004b1
	constant pool entry 234	50000733
	constant pool entry 233	500004b5
	constant pool entry 232	50000767
	constant pool entry 231	5000063b
	constant pool entry 230	500004f3
	constant pool entry 229	500004eb
	constant pool entry 228	50000628
	constant pool entry 227	50000516
	constant pool entry 226	5000051a
	constant pool entry 225	50000523
	constant pool entry 224	50000526
	constant pool entry 223	50000531
	constant pool entry 222	50000534
	constant pool entry 221	50000755
	constant pool entry 220	50000614
	constant pool entry 219	5000066a
	constant pool entry 218	5000066e
	constant pool entry 217	5000060c
	constant pool entry 216	500006ac
	constant pool entry 215	50000753
	constant pool entry 214	50000612
	constant pool entry 213	50000624
	constant pool entry 212	5000068a
	constant pool entry 211	5000069c
	constant pool entry 210	50000503
	constant pool entry 209	5000060e
	constant pool entry 208	500004a5
	constant pool entry 207	500006b4
	constant pool entry 206	50000529
	constant pool entry 205	5000053d
	constant pool entry 204	50000540
	constant pool entry 203	50000512
	constant pool entry 202	5000051d
	constant pool entry 201	500004d8
	constant pool entry 200	50000449
	constant pool entry 199	50000729
	constant pool entry 198	5000078f
	constant pool entry 197	500006a0
	constant pool entry 196	5000072f
	constant pool entry 195	50000769
	constant pool entry 194	50000656
	constant pool entry 193	50000637
	constant pool entry 192	500006b8
	constant pool entry 191	500006bc
	constant pool entry 190	500006be
	constant pool entry 189	500006c0
	constant pool entry 188	500006c2
	constant pool entry 187	500006c4
	constant pool entry 186	500006ef
	constant pool entry 185	500006f4
	constant pool entry 184	500006f8
	constant pool entry 183	50000701
	constant pool entry 182	50000705
	constant pool entry 181	50000761
	constant pool entry 180	50000763
	constant pool entry 179	500004a9
	constant pool entry 178	500004ad
	constant pool entry 177	500006e4
	constant pool entry 176	500006e6
	constant pool entry 175	500006e0
	constant pool entry 174	5000062c
	constant pool entry 173	5000078b
	constant pool entry 172	50000630
	constant pool entry 171	50000658
	constant pool entry 170	50000633
	constant pool entry 169	5000068c
	constant pool entry 168	50000635
	constant pool entry 167	50000731
	constant pool entry 166	50000639
	constant pool entry 165	5000076d
	constant pool entry 164	50000713
	constant pool entry 163	50000715
	constant pool entry 162	5000063e
	constant pool entry 161	5000061a
	constant pool entry 160	5000044f
	constant pool entry 159	5000071d
	constant pool entry 158	5000071f
	constant pool entry 157	50000721
	constant pool entry 156	50000723
	constant pool entry 155	50000725
	constant pool entry 154	5000072d
	constant pool entry 153	5000066c
	constant pool entry 152	50000671
	constant pool entry 151	50000727
	constant pool entry 150	50000646
	constant pool entry 149	50000648
	constant pool entry 148	5000064a
	constant pool entry 147	5000064c
	constant pool entry 146	50000650
	constant pool entry 145	5000065a
	constant pool entry 144	5000065c
	constant pool entry 143	50000652
	constant pool entry 142	5000078d
	constant pool entry 141	50000444
	constant pool entry 140	50000698
	constant pool entry 139	5000069a
	constant pool entry 138	500006b0
	constant pool entry 137	500006ba
	constant pool entry 136	500006c8
	constant pool entry 135	500006ca
	constant pool entry 134	500004ef
	constant pool entry 133	500004f6
	constant pool entry 132	500004fc
	constant pool entry 131	50000500
	constant pool entry 130	50000509
	constant pool entry 129	500004cd
	constant pool entry 128	500004d5
	constant pool entry 127	5000050c
	constant pool entry 126	50000660
	constant pool entry 125	500006ff
	constant pool entry 124	50000709
	constant pool entry 123	50000717
	constant pool entry 122	50000719
	constant pool entry 121	5000071b
	constant pool entry 120	50000692
	constant pool entry 119	5000053a
	constant pool entry 118	50000548
	constant pool entry 117	500004bc
	constant pool entry 116	500004c7
	constant pool entry 115	500004de
	constant pool entry 114	500004e7
	constant pool entry 113	500006d4
	constant pool entry 112	500006da
	constant pool entry 111	500004e1
	constant pool entry 110	500006ae
	constant pool entry 109	500004ca
	constant pool entry 108	50000640
	constant pool entry 107	500004b9
	constant pool entry 106	500006dc
	constant pool entry 105	500006de
	constant pool entry 104	50000707
	constant pool entry 103	5000070b
	constant pool entry 102	5000070e
	constant pool entry 101	5000068e
	constant pool entry 100	50000694
	constant pool entry 99	50000696
	constant pool entry 98	500006a4
	constant pool entry 97	500006a6
	constant pool entry 96	500006a8
	constant pool entry 95	500006aa
	constant pool entry 94	500006ce
	constant pool entry 93	500006d0
	constant pool entry 92	50000668
	constant pool entry 91	500006a2
	constant pool entry 90	5000065e
	constant pool entry 89	50000710
	constant pool entry 88	50000654
	constant pool entry 87	50000688
	constant pool entry 86	50000765
	constant pool entry 85	5000044d
	constant pool entry 84	500006fb
	constant pool entry 83	5000062a
	constant pool entry 82	5000062e
	constant pool entry 81	5000074e
	constant pool entry 80	50000642
	constant pool entry 79	50000610
	constant pool entry 78	5000064e
	constant pool entry 77	50000686
	constant pool entry 76	5000077c
	constant pool entry 75	50000791
	constant pool entry 74	50000793
	constant pool entry 73	50000795
	constant pool entry 72	50000797
	constant pool entry 71	50000799
	constant pool entry 70	5000079b
	constant pool entry 69	50000673
	constant pool entry 68	50000675
	constant pool entry 67	50000684
	constant pool entry 66	50000739
	constant pool entry 65	50000757
	constant pool entry 64	50000759
	constant pool entry 63	5000075b
	constant pool entry 62	5000075d
	constant pool entry 61	5000075f
	constant pool entry 60	500006cc
	constant pool entry 59	500006d6
	constant pool entry 58	500006d8
	constant pool entry 57	500006e8
	constant pool entry 56	500006ed
	constant pool entry 55	500006f2
	constant pool entry 54	500006f6
	constant pool entry 53	500006fd
	constant pool entry 52	50000749
	constant pool entry 51	5000074c
	constant pool entry 50	500006b2
	constant pool entry 49	500006ea
	constant pool entry 48	50000616
	constant pool entry 47	50000618
	constant pool entry 46	5000061c
	constant pool entry 45	5000061e
	constant pool entry 44	50000620
	constant pool entry 43	50000622
	constant pool entry 42	5000069e
	constant pool entry 41	5000044b
	constant pool entry 40	50000677
	constant pool entry 39	5000067a
	constant pool entry 38	5000067c
	constant pool entry 37	5000067e
	constant pool entry 36	50000680
	constant pool entry 35	50000682
	constant pool entry 34	50000666
	constant pool entry 33	50000644
	constant pool entry 32	50000451
	constant pool entry 31	50000626
	constant pool entry 30	500006b6
	constant pool entry 29	500006d2
	constant pool entry 28	50000750
	constant pool entry 27	50000781
	constant pool entry 26	50000783
	constant pool entry 25	50000785
	constant pool entry 24	50000787
	constant pool entry 23	50000789
	constant pool entry 22	5000076f
	constant pool entry 21	50000771
	constant pool entry 20	50000775
	constant pool entry 19	50000778
	constant pool entry 18	5000077a
	constant pool entry 17	50000662
	constant pool entry 16	50000664
	constant pool entry 15	5000077e
	constant pool entry 14	5000072b
	constant pool entry 13	50000735
	constant pool entry 12	50000737
	constant pool entry 11	5000073b
	constant pool entry 10	50000740
	constant pool entry 9	50000743
	constant pool entry 8	50000745
	constant pool entry 7	50000747
	constant pool entry 6	5000076b
	constant pool entry 5	50000773
	constant pool entry 4	500006e2
	constant pool entry 3	5000073d
	constant pool entry 2	5000044e
	constant pool entry 1	500006c6
CLS 5000003a (name=java.lang.StackTraceElement, trace=300000)
	super		5000009b
CLS 5000003b (name=java.lang.StackTraceElement[], trace=300000)
	super		5000009b
CLS 5000003c (name=java.lang.StringCoding$StringEncoder, trace=300000)
	super		5000009b
	constant pool entry 122	50000100
	constant pool entry 59	50000076
	constant pool entry 58	50000026
	constant pool entry 57	50000133
	constant pool entry 56	50000113
	constant pool entry 54	50000090
	constant pool entry 53	50000018
	constant pool entry 52	5000003c
	constant pool entry 50	50000084
	constant pool entry 49	5000009b
CLS 5000006b (name=java.lang.Number, trace=300000)
	super		5000009b
	constant pool entry 28	5000009b
CLS 5000003d (name=java.lang.Byte, trace=300000)
	super		5000006b
	static TYPE	5000032c
	constant pool entry 90	5000008e
	constant pool entry 88	5000003d
	constant pool entry 9	50000ac5
CLS 500000ef (name=java.lang.AbstractStringBuilder, trace=300000)
	super		5000009b
	static sizeTable	500003b3
	constant pool entry 309	50000100
	constant pool entry 154	5000005c
	constant pool entry 149	500000bf
	constant pool entry 148	5000009b
	constant pool entry 140	500000ef
CLS 5000003e (name=java.lang.StringBuffer, trace=300000)
	super		500000ef
	static serialPersistentFields	50000154
	constant pool entry 365	50000100
	constant pool entry 109	5000003e
	constant pool entry 108	500000bf
	constant pool entry 107	50000060
	constant pool entry 104	50000075
	constant pool entry 103	500000ef
	constant pool entry 101	50000031
	constant pool entry 95	50000137
	constant pool entry 4	50000405
	constant pool entry 3	50000404
	constant pool entry 1	50000403
CLS 5000003f (name=java.lang.StringBuilder, trace=300000)
	super		500000ef
	constant pool entry 87	5000003f
	constant pool entry 85	500000bf
	constant pool entry 82	500000ef
CLS 50000040 (name=java.util.Hashtable$EmptyEnumerator, trace=300000)
	super		5000009b
	constant pool entry 20	5000009b
CLS 50000041 (name=java.util.Collections$SynchronizedMap, trace=300000)
	super		5000009b
	constant pool entry 60	500000ce
	constant pool entry 58	50000041
	constant pool entry 55	5000009b
CLS 5000006a (name=java.io.InputStream, trace=300000)
	super		5000009b
	constant pool entry 46	5000009b
CLS 50000042 (name=java.io.FileInputStream, trace=300000)
	super		5000006a
	constant pool entry 50	5000002d
	constant pool entry 47	5000006a
	constant pool entry 44	50000042
	constant pool entry 43	5000009a
	constant pool entry 42	500000e0
CLS 50000043 (name=java.lang.Class$3, trace=300000)
	super		5000009b
	constant pool entry 33	5000002d
	constant pool entry 31	5000009b
	constant pool entry 29	5000008e
	constant pool entry 1	50000acc
CLS 50000044 (name=java.net.Parts, trace=300000)
	super		5000009b
	constant pool entry 27	50000044
	constant pool entry 26	500000bf
	constant pool entry 25	5000009b
CLS 50000045 (name=sun.misc.SharedSecrets, trace=300000)
	super		5000009b
	static unsafe	5000039c
	static javaLangAccess	50000428
	static javaIOAccess	50000427
	static javaIODeleteOnExitAccess	50000426
	static javaNetAccess	50000425
	constant pool entry 35	50000117
	constant pool entry 34	50000045
	constant pool entry 30	5000002e
CLS 50000046 (name=java.lang.Float, trace=300000)
	super		5000006b
	static TYPE	5000032a
	constant pool entry 104	50000046
	constant pool entry 101	5000008e
	constant pool entry 7	500003a0
CLS 50000047 (name=java.util.AbstractList, trace=300000)
	super		50000062
	constant pool entry 69	50000309
	constant pool entry 67	50000047
	constant pool entry 66	50000062
CLS 50000048 (name=java.lang.System$2, trace=300000)
	super		5000009b
	constant pool entry 24	5000009b
CLS 50000049 (name=java.lang.annotation.Annotation, trace=300000)
CLS 5000004a (name=java.lang.annotation.Annotation[], trace=300000)
	super		5000009b
CLS 5000004b (name=java.lang.ThreadLocal$ThreadLocalMap$Entry, trace=300000)
	super		50000033
	constant pool entry 17	50000033
	constant pool entry 16	5000004b
CLS 5000004c (name=java.lang.ThreadLocal$ThreadLocalMap$Entry[], trace=300000)
	super		5000009b
CLS 5000004d (name=java.lang.Double, trace=300000)
	super		5000006b
	static TYPE	5000032b
	constant pool entry 142	5000004d
	constant pool entry 140	5000008e
	constant pool entry 10	500008de
CLS 5000004e (name=java.util.Collections$EmptySet, trace=300000)
	super		50000024
	constant pool entry 30	5000004e
	constant pool entry 27	50000024
CLS 5000004f (name=java.lang.Comparable, trace=300000)
CLS 50000050 (name=java.lang.Comparable[], trace=300000)
	super		5000009b
CLS 50000051 (name=java.util.Locale, trace=300000)
	super		5000009b
	static cache	50000383
	static ENGLISH	50000382
	static FRENCH	50000381
	static GERMAN	50000380
	static ITALIAN	5000037f
	static JAPANESE	5000037e
	static KOREAN	5000037d
	static CHINESE	5000037c
	static SIMPLIFIED_CHINESE	50000376
	static TRADITIONAL_CHINESE	50000375
	static FRANCE	5000037b
	static GERMANY	5000037a
	static ITALY	50000379
	static JAPAN	50000378
	static KOREA	50000377
	static CHINA	50000376
	static PRC	50000376
	static TAIWAN	50000375
	static UK	50000374
	static US	50000370
	static CANADA	50000373
	static CANADA_FRENCH	50000372
	static ROOT	50000371
	static defaultLocale	50000370
	constant pool entry 302	500000cc
	constant pool entry 300	50000110
	constant pool entry 295	50000051
	constant pool entry 293	500000b1
	constant pool entry 291	5000003f
	constant pool entry 289	500000bf
	constant pool entry 287	5000009b
	constant pool entry 62	5000036f
	constant pool entry 61	5000036e
	constant pool entry 60	5000036d
	constant pool entry 59	5000036c
	constant pool entry 56	5000036b
	constant pool entry 55	5000036a
	constant pool entry 54	50000369
	constant pool entry 53	50000368
	constant pool entry 52	50000367
	constant pool entry 51	50000366
	constant pool entry 50	50000365
	constant pool entry 48	50000364
	constant pool entry 47	50000363
	constant pool entry 46	50000362
	constant pool entry 44	50000361
	constant pool entry 43	50000360
	constant pool entry 42	5000035f
	constant pool entry 38	5000035e
	constant pool entry 37	5000035d
	constant pool entry 36	5000035c
	constant pool entry 35	5000035b
	constant pool entry 34	5000035a
	constant pool entry 33	50000359
	constant pool entry 32	50000358
	constant pool entry 31	50000357
	constant pool entry 30	50000356
	constant pool entry 29	50000355
	constant pool entry 28	50000354
	constant pool entry 27	50000353
	constant pool entry 25	50000352
	constant pool entry 23	50000351
	constant pool entry 22	50000350
	constant pool entry 17	5000034f
	constant pool entry 16	5000034e
	constant pool entry 15	5000034d
	constant pool entry 14	5000034c
	constant pool entry 12	5000034b
	constant pool entry 10	5000034a
	constant pool entry 6	50000349
	constant pool entry 5	50000348
	constant pool entry 1	50000347
CLS 50000052 (name=java.lang.reflect.Modifier, trace=300000)
	super		5000009b
	constant pool entry 108	50000006
	constant pool entry 107	500000c4
	constant pool entry 106	500000b1
	constant pool entry 105	50000067
CLS 50000057 (name=java.util.HashMap$Entry, trace=300000)
	super		5000009b
	constant pool entry 43	50000057
	constant pool entry 40	5000009b
CLS 50000053 (name=java.util.LinkedHashMap$Entry, trace=300000)
	super		50000057
	constant pool entry 27	50000053
	constant pool entry 26	5000006f
	constant pool entry 25	50000057
CLS 50000054 (name=java.lang.String$CaseInsensitiveComparator, trace=300000)
	super		5000009b
	constant pool entry 33	50000054
	constant pool entry 30	5000009b
CLS 50000055 (name=java.lang.Short, trace=300000)
	super		5000006b
	static TYPE	50000330
	constant pool entry 96	50000055
	constant pool entry 91	5000008e
	constant pool entry 10	50000ac1
CLS 50000056 (name=java.security.PrivilegedAction, trace=300000)
CLS 50000058 (name=java.util.HashMap$Entry[], trace=300000)
	super		5000009b
CLS 50000059 (name=sun.misc.Launcher, trace=300000)
	super		5000009b
	static factory	50000965
	static launcher	50000964
	constant pool entry 215	50000100
	constant pool entry 118	5000010e
	constant pool entry 116	5000010a
	constant pool entry 115	50000127
	constant pool entry 114	5000008c
	constant pool entry 112	50000059
	constant pool entry 110	500000b9
	constant pool entry 108	50000070
	constant pool entry 107	5000002d
	constant pool entry 105	500000bf
	constant pool entry 103	5000009b
	constant pool entry 94	500000e0
	constant pool entry 7	500008f3
CLS 5000005a (name=sun.misc.JavaLangAccess, trace=300000)
CLS 5000008d (name=java.io.Writer, trace=300000)
	super		5000009b
	constant pool entry 49	500000bf
	constant pool entry 48	5000009b
	constant pool entry 44	5000008d
CLS 5000005b (name=java.io.BufferedWriter, trace=300000)
	super		5000008d
	constant pool entry 111	50000100
	constant pool entry 59	500000cc
	constant pool entry 58	500000b1
	constant pool entry 56	500000bf
	constant pool entry 53	5000008d
	constant pool entry 51	5000005b
	constant pool entry 3	50000973
CLS 5000005c (name=java.util.Arrays, trace=300000)
	super		5000009b
	constant pool entry 500	50000100
	constant pool entry 212	500000d5
	constant pool entry 211	5000002d
	constant pool entry 207	50000005
	constant pool entry 202	5000008e
	constant pool entry 198	5000009c
CLS 5000005d (name=java.io.FilterOutputStream, trace=300000)
	super		500000a7
	constant pool entry 20	500000a7
	constant pool entry 18	5000005d
CLS 5000005e (name=java.lang.CharSequence, trace=300000)
CLS 5000005f (name=java.lang.CharSequence[], trace=300000)
	super		5000009b
CLS 50000060 (name=java.lang.Integer, trace=300000)
	super		5000006b
	static TYPE	50000329
	static digits	50000413
	static DigitTens	50000412
	static DigitOnes	50000411
	static sizeTable	50000410
	constant pool entry 243	50000100
	constant pool entry 150	5000006b
	constant pool entry 147	50000060
	constant pool entry 144	5000008e
	constant pool entry 25	5000040f
CLS 50000061 (name=java.io.BufferedOutputStream, trace=300000)
	super		5000005d
	constant pool entry 59	50000100
	constant pool entry 32	5000002d
	constant pool entry 30	500000a7
	constant pool entry 28	5000005d
	constant pool entry 27	50000061
CLS 50000064 (name=sun.nio.cs.StandardCharsets$Cache, trace=300000)
	super		50000019
	constant pool entry 116	50000100
	constant pool entry 105	50000019
	constant pool entry 104	50000064
	constant pool entry 101	5000009b
	constant pool entry 38	500004bf
	constant pool entry 37	500004b1
	constant pool entry 36	500004b5
	constant pool entry 35	500004f3
	constant pool entry 34	500004eb
	constant pool entry 33	50000516
	constant pool entry 32	5000051a
	constant pool entry 31	50000523
	constant pool entry 30	50000526
	constant pool entry 29	50000531
	constant pool entry 28	50000534
	constant pool entry 27	50000503
	constant pool entry 26	500004a5
	constant pool entry 25	50000529
	constant pool entry 24	5000053d
	constant pool entry 23	50000540
	constant pool entry 22	50000512
	constant pool entry 21	5000051d
	constant pool entry 20	500004d8
	constant pool entry 19	500004a9
	constant pool entry 18	500004ad
	constant pool entry 17	500004ef
	constant pool entry 16	500004f6
	constant pool entry 15	500004fc
	constant pool entry 14	50000500
	constant pool entry 13	50000509
	constant pool entry 12	500004cd
	constant pool entry 11	500004d5
	constant pool entry 10	5000050c
	constant pool entry 9	5000053a
	constant pool entry 8	50000548
	constant pool entry 7	500004bc
	constant pool entry 6	500004c7
	constant pool entry 5	500004de
	constant pool entry 4	500004e7
	constant pool entry 3	500004e1
	constant pool entry 2	500004ca
	constant pool entry 1	500004b9
CLS 50000065 (name=java.lang.Runtime, trace=300000)
	super		5000009b
	static currentRuntime	5000086c
	constant pool entry 102	5000002d
	constant pool entry 100	500000bf
	constant pool entry 95	50000065
	constant pool entry 93	5000009b
	constant pool entry 91	5000002f
	constant pool entry 88	500000e0
CLS 50000066 (name=java.nio.ByteOrder, trace=300000)
	super		5000009b
	static BIG_ENDIAN	50000952
	static LITTLE_ENDIAN	50000951
	constant pool entry 23	50000066
	constant pool entry 21	5000009b
	constant pool entry 2	50000950
	constant pool entry 1	5000094f
CLS 50000067 (name=java.lang.reflect.ReflectAccess, trace=300000)
	super		5000009b
	constant pool entry 37	50000096
	constant pool entry 36	50000092
	constant pool entry 35	5000009b
CLS 50000068 (name=sun.reflect.MethodAccessor, trace=300000)
CLS 50000069 (name=sun.reflect.ReflectionFactory$1, trace=300000)
	super		5000009b
	constant pool entry 49	500000c4
	constant pool entry 47	5000002d
	constant pool entry 44	5000009b
	constant pool entry 3	50000ac9
	constant pool entry 2	50000ac8
CLS 5000006c (name=java.lang.Cloneable, trace=300000)
CLS 5000006d (name=java.lang.ClassLoader$3, trace=300000)
	super		5000009b
	constant pool entry 25	5000009b
	constant pool entry 24	5000006d
	constant pool entry 22	50000075
	constant pool entry 21	500000e0
CLS 5000006e (name=java.nio.HeapByteBuffer, trace=300000)
	super		50000018
	constant pool entry 244	50000100
	constant pool entry 111	5000006e
	constant pool entry 98	50000018
	constant pool entry 94	5000002d
CLS 5000011a (name=java.util.HashMap, trace=300000)
	super		500000b7
	constant pool entry 322	50000100
	constant pool entry 150	5000031a
	constant pool entry 145	50000057
	constant pool entry 143	5000011a
	constant pool entry 142	500000b7
	constant pool entry 140	5000009b
	constant pool entry 137	50000046
CLS 5000006f (name=java.util.LinkedHashMap, trace=300000)
	super		5000011a
	constant pool entry 73	5000031d
	constant pool entry 71	50000053
	constant pool entry 69	5000006f
	constant pool entry 67	5000011a
CLS 50000070 (name=java.lang.Thread, trace=300000)
	super		5000009b
	static EMPTY_STACK_TRACE	50000343
	static SUBCLASS_IMPLEMENTATION_PERMISSION	50000342
	static subclassAudits	50000341
	constant pool entry 489	50000100
	constant pool entry 230	500000a6
	constant pool entry 227	500000b1
	constant pool entry 224	5000008a
	constant pool entry 219	50000070
	constant pool entry 218	5000002d
	constant pool entry 216	500000bf
	constant pool entry 215	5000003a
	constant pool entry 213	50000016
	constant pool entry 211	5000009b
	constant pool entry 9	50000340
CLS 50000071 (name=java.lang.Thread[], trace=300000)
	super		5000009b
CLS 5000007e (name=sun.misc.AtomicLong, trace=300000)
	super		5000009b
CLS 50000072 (name=sun.misc.AtomicLongCSImpl, trace=300000)
	super		5000007e
CLS 50000073 (name=sun.nio.cs.StreamDecoder, trace=300000)
	super		500000af
	constant pool entry 131	50000073
	constant pool entry 128	50000076
	constant pool entry 127	50000026
	constant pool entry 126	500000f2
	constant pool entry 125	50000113
	constant pool entry 122	50000090
	constant pool entry 121	50000018
	constant pool entry 117	5000008e
	constant pool entry 114	500000af
	constant pool entry 113	5000006a
CLS 50000075 (name=java.lang.Boolean, trace=300000)
	super		5000009b
	static TRUE	50000417
	static FALSE	50000416
	static TYPE	5000032d
	constant pool entry 61	5000009b
	constant pool entry 57	5000008e
	constant pool entry 56	50000075
	constant pool entry 1	50000415
CLS 50000076 (name=java.nio.charset.CodingErrorAction, trace=300000)
	super		5000009b
	static IGNORE	5000047c
	static REPLACE	5000047b
	static REPORT	5000047a
	constant pool entry 21	50000076
	constant pool entry 20	5000009b
	constant pool entry 3	50000479
	constant pool entry 2	50000478
	constant pool entry 1	50000477
CLS 50000077 (name=java.util.Map$Entry, trace=300000)
CLS 50000078 (name=java.util.Map$Entry[], trace=300000)
	super		5000009b
CLS 5000007a (name=java.lang.VirtualMachineError, trace=300000)
	super		500000ec
CLS 50000079 (name=java.lang.StackOverflowError, trace=300000)
	super		5000007a
CLS 5000007b (name=java.lang.VirtualMachineError[], trace=300000)
	super		5000009b
CLS 5000007c (name=java.util.Collections$EmptyList, trace=300000)
	super		50000047
	constant pool entry 41	5000007c
	constant pool entry 38	50000047
CLS 5000007d (name=java.lang.NoClassDefFoundError, trace=300000)
	super		500000dc
CLS 5000007f (name=sun.reflect.DelegatingClassLoader, trace=300000)
	super		5000002f
CLS 50000080 (name=java.util.Collections$EmptyMap, trace=300000)
	super		500000b7
	constant pool entry 41	50000080
	constant pool entry 38	500000b7
CLS 50000081 (name=java.lang.reflect.Member, trace=300000)
CLS 50000082 (name=java.lang.reflect.Member[], trace=300000)
	super		5000009b
CLS 50000083 (name=java.lang.Readable, trace=300000)
CLS 50000084 (name=java.lang.StringCoding, trace=300000)
	super		5000009b
	static decoder	50000b2e
	static encoder	50000b2d
	constant pool entry 89	50000113
	constant pool entry 88	500000b4
	constant pool entry 87	500000e3
	constant pool entry 86	5000002d
	constant pool entry 85	5000003c
	constant pool entry 84	50000132
	constant pool entry 82	50000084
	constant pool entry 80	500000bf
CLS 50000085 (name=sun.nio.cs.StreamEncoder, trace=300000)
	super		5000008d
	constant pool entry 118	50000085
	constant pool entry 115	50000076
	constant pool entry 114	50000026
	constant pool entry 113	50000133
	constant pool entry 112	50000113
	constant pool entry 110	50000090
	constant pool entry 109	50000018
	constant pool entry 106	5000008e
	constant pool entry 104	5000008d
	constant pool entry 102	500000a7
CLS 50000087 (name=java.io.PrintStream, trace=300000)
	super		5000005d
	constant pool entry 98	500000bf
	constant pool entry 92	50000087
	constant pool entry 91	5000012a
	constant pool entry 90	500000a7
	constant pool entry 87	5000005d
	constant pool entry 83	5000005b
CLS 5000008a (name=java.lang.ThreadGroup, trace=300000)
	super		5000009b
	constant pool entry 254	50000100
	constant pool entry 116	5000008a
	constant pool entry 113	50000070
	constant pool entry 112	5000002d
	constant pool entry 109	5000009b
	constant pool entry 7	50000863
CLS 5000008b (name=java.lang.ThreadGroup[], trace=300000)
	super		5000009b
CLS 500000ad (name=java.security.SecureClassLoader, trace=300000)
	super		5000002f
	constant pool entry 54	50000030
	constant pool entry 53	5000011a
	constant pool entry 52	500000ad
	constant pool entry 51	500000ac
	constant pool entry 50	5000020e
	constant pool entry 49	5000002d
	constant pool entry 45	5000002f
	constant pool entry 4	50000967
CLS 500000cd (name=java.net.URLClassLoader, trace=300000)
	super		500000ad
	constant pool entry 177	500000bc
	constant pool entry 176	50000045
	constant pool entry 175	500001fd
	constant pool entry 171	500000ad
	constant pool entry 170	500001ca
	constant pool entry 169	5000020d
	constant pool entry 168	50000088
	constant pool entry 167	5000020b
	constant pool entry 166	500000b1
	constant pool entry 165	5000023a
	constant pool entry 164	50000009
	constant pool entry 158	5000014a
	constant pool entry 157	500000cd
	constant pool entry 156	500000b9
	constant pool entry 153	5000002d
	constant pool entry 152	5000003f
	constant pool entry 151	500000bf
	constant pool entry 146	500000f7
	constant pool entry 145	5000008e
	constant pool entry 143	5000024f
	constant pool entry 142	500000e0
	constant pool entry 7	500008a1
	constant pool entry 2	500008ac
CLS 5000008c (name=sun.misc.Launcher$AppClassLoader, trace=300000)
	super		500000cd
	constant pool entry 83	50000129
	constant pool entry 82	5000008c
	constant pool entry 81	50000059
	constant pool entry 79	5000020d
	constant pool entry 77	500000b1
	constant pool entry 75	500000cd
	constant pool entry 72	5000002d
	constant pool entry 71	500000bf
	constant pool entry 69	50000016
	constant pool entry 67	5000008e
	constant pool entry 2	50000966
	constant pool entry 1	500003a8
CLS 5000008e (name=java.lang.Class, trace=300000)
	super		5000009b
	static serialPersistentFields	500003a3
	static reflectionFactory	500003a2
	static EMPTY_ANNOTATIONS_ARRAY	500003a1
	constant pool entry 960	50000100
	constant pool entry 420	50000006
	constant pool entry 419	500000c4
	constant pool entry 418	5000011e
	constant pool entry 405	500000b1
	constant pool entry 397	50000096
	constant pool entry 396	50000092
	constant pool entry 393	500000b4
	constant pool entry 392	50000049
	constant pool entry 391	5000002d
	constant pool entry 389	500000bf
	constant pool entry 374	5000002f
	constant pool entry 369	50000043
	constant pool entry 367	500000c8
	constant pool entry 366	5000008e
	constant pool entry 364	50000031
	constant pool entry 361	50000097
CLS 5000008f (name=java.lang.Class[], trace=300000)
	super		5000009b
CLS 50000091 (name=java.util.concurrent.atomic.AtomicInteger, trace=300000)
	super		5000006b
	static unsafe	5000039c
	constant pool entry 64	50000117
	constant pool entry 63	50000091
	constant pool entry 62	5000006b
	constant pool entry 58	5000008e
	constant pool entry 1	50000405
CLS 500000d9 (name=java.lang.reflect.AccessibleObject, trace=300000)
	super		5000009b
	static ACCESS_PERMISSION	50000432
	static reflectionFactory	500003a2
	constant pool entry 59	50000006
	constant pool entry 58	500000c4
	constant pool entry 57	500000b1
	constant pool entry 56	500000e5
	constant pool entry 55	50000092
	constant pool entry 53	500000d9
	constant pool entry 52	5000002d
	constant pool entry 49	5000009b
	constant pool entry 48	5000008e
	constant pool entry 3	50000431
CLS 50000092 (name=java.lang.reflect.Constructor, trace=300000)
	super		500000d9
	static EMPTY_ANNOTATION_ARRAY	50000434
	constant pool entry 367	50000100
	constant pool entry 175	500000c4
	constant pool entry 173	50000013
	constant pool entry 162	50000092
	constant pool entry 161	500000d9
	constant pool entry 159	50000049
	constant pool entry 149	5000008e
	constant pool entry 145	5000008f
CLS 50000093 (name=java.lang.reflect.Constructor[], trace=300000)
	super		5000009b
CLS 50000094 (name=java.util.List, trace=300000)
CLS 50000096 (name=java.lang.reflect.Field, trace=300000)
	super		500000d9
	static EMPTY_ANNOTATION_ARRAY	50000430
	constant pool entry 364	50000100
	constant pool entry 141	50000096
	constant pool entry 140	500000d9
	constant pool entry 139	50000049
CLS 50000097 (name=java.lang.reflect.Field[], trace=300000)
	super		5000009b
CLS 50000098 (name=java.lang.ClassLoader$NativeLibrary, trace=300000)
	super		5000009b
	constant pool entry 48	500000f9
	constant pool entry 46	5000009b
	constant pool entry 45	50000098
	constant pool entry 44	5000002f
CLS 50000099 (name=java.lang.CharacterDataLatin1, trace=300000)
	super		5000009b
	static sharpsMap	500008ca
	static A	500008c9
	static A_DATA	500008c8
	constant pool entry 88	50000100
	constant pool entry 66	500000bf
	constant pool entry 64	5000008e
	constant pool entry 63	50000099
	constant pool entry 6	500008c8
CLS 5000009a (name=java.io.FileDescriptor, trace=300000)
	super		5000009b
	static in	500003bb
	static out	500003bd
	static err	500003bc
	constant pool entry 23	5000009b
	constant pool entry 21	5000009a
CLS 5000009c (name=java.lang.Object[], trace=300000)
	super		5000009b
CLS 5000009d (name=java.io.FilterInputStream, trace=300000)
	super		5000006a
	constant pool entry 26	5000006a
	constant pool entry 24	5000009d
CLS 5000009f (name=java.lang.Throwable[], trace=300000)
	super		5000009b
CLS 500000fa (name=java.nio.charset.CoderResult$Cache, trace=300000)
	super		5000009b
	constant pool entry 31	500000fa
	constant pool entry 27	5000009b
CLS 500000a0 (name=java.nio.charset.CoderResult$2, trace=300000)
	super		500000fa
	constant pool entry 16	500000fa
CLS 500000a2 (name=java.lang.reflect.Method, trace=300000)
	super		500000d9
	static EMPTY_ANNOTATION_ARRAY	50000b5a
	constant pool entry 393	50000100
	constant pool entry 175	500000a2
	constant pool entry 168	50000049
CLS 500000a3 (name=java.io.BufferedInputStream, trace=300000)
	super		5000009d
	static bufUpdater	5000042f
	constant pool entry 122	50000100
	constant pool entry 63	50000116
	constant pool entry 57	5000009d
	constant pool entry 56	500000a3
	constant pool entry 55	50000136
	constant pool entry 4	5000042e
CLS 500000a4 (name=java.lang.ThreadDeath, trace=300000)
	super		500000ec
CLS 500000c7 (name=java.io.FileSystem, trace=300000)
	super		5000009b
	constant pool entry 77	5000002d
	constant pool entry 75	5000009b
	constant pool entry 73	500000c7
	constant pool entry 2	5000041a
	constant pool entry 1	50000419
CLS 500000a5 (name=java.io.UnixFileSystem, trace=300000)
	super		500000c7
	constant pool entry 130	500000cc
	constant pool entry 129	500000b1
	constant pool entry 128	5000002d
	constant pool entry 127	5000003f
	constant pool entry 126	5000003e
	constant pool entry 125	500000bf
	constant pool entry 122	5000008e
	constant pool entry 120	500000a5
	constant pool entry 118	500000c7
	constant pool entry 117	500000e0
	constant pool entry 116	500000f1
	constant pool entry 7	50000402
	constant pool entry 6	50000401
	constant pool entry 5	50000400
	constant pool entry 4	500003ff
	constant pool entry 3	500003fe
	constant pool entry 2	50000347
CLS 500000a6 (name=sun.misc.SoftCache, trace=300000)
	super		500000b7
	constant pool entry 54	500000a6
	constant pool entry 51	5000011a
	constant pool entry 50	500000b7
	constant pool entry 49	500000b0
CLS 500000a8 (name=java.security.AccessControlContext, trace=300000)
	super		5000009b
	constant pool entry 116	500000b1
	constant pool entry 113	500000a8
	constant pool entry 107	5000009b
CLS 500000a9 (name=java.lang.Shutdown$Lock, trace=300000)
	super		5000009b
	constant pool entry 14	500000a9
	constant pool entry 11	5000009b
CLS 500000aa (name=sun.nio.cs.HistoricallyNamedCharset, trace=300000)
CLS 500000ab (name=java.lang.Terminator, trace=300000)
	super		5000009b
	static handler	50000aa3
	constant pool entry 28	50000012
	constant pool entry 27	5000012d
	constant pool entry 26	500000ab
	constant pool entry 3	50000aa2
	constant pool entry 2	50000aa1
	constant pool entry 1	50000aa0
CLS 500000ac (name=java.security.ProtectionDomain, trace=300000)
	super		5000009b
	constant pool entry 232	50000100
	constant pool entry 113	50000030
	constant pool entry 108	500000ac
	constant pool entry 107	500002bd
	constant pool entry 105	5000020e
	constant pool entry 104	5000020d
	constant pool entry 96	5000009b
	constant pool entry 10	50000968
CLS 500000ae (name=sun.net.www.protocol.jar.Handler, trace=300000)
	super		500000d7
	static separator	5000091e
	constant pool entry 78	500000d7
	constant pool entry 71	5000091e
CLS 500000b0 (name=java.lang.ref.ReferenceQueue, trace=300000)
	super		5000009b
	static NULL	50000860
	static ENQUEUED	5000085f
	constant pool entry 49	500000db
	constant pool entry 48	50000015
	constant pool entry 46	500000b0
	constant pool entry 43	5000009b
CLS 500000b1 (name=java.security.AccessController, trace=300000)
	super		5000009b
	constant pool entry 67	500000b1
	constant pool entry 65	500000a8
CLS 500000f5 (name=java.util.Dictionary, trace=300000)
	super		5000009b
	constant pool entry 19	5000009b
CLS 500000b2 (name=java.util.Hashtable, trace=300000)
	super		500000f5
	static emptyEnumerator	5000086b
	static emptyIterator	5000086a
	constant pool entry 338	50000100
	constant pool entry 156	50000121
	constant pool entry 155	500000eb
	constant pool entry 154	50000040
	constant pool entry 152	500000b2
	constant pool entry 151	500000f5
	constant pool entry 148	5000009b
	constant pool entry 143	50000046
CLS 500000b3 (name=java.util.Collection, trace=300000)
CLS 500000b4 (name=java.lang.ref.SoftReference, trace=300000)
	super		500000d1
	constant pool entry 15	500000b4
	constant pool entry 14	500000d1
CLS 500000b5 (name=java.lang.Long, trace=300000)
	super		5000006b
	static TYPE	5000032f
	constant pool entry 159	500000b5
	constant pool entry 155	5000008e
	constant pool entry 12	50000ac3
CLS 5000010d (name=java.nio.charset.spi.CharsetProvider, trace=300000)
	super		5000009b
	constant pool entry 22	5000002d
	constant pool entry 19	5000009b
CLS 500000fb (name=sun.nio.cs.FastCharsetProvider, trace=300000)
	super		5000010d
	constant pool entry 131	50000100
	constant pool entry 66	5000010f
	constant pool entry 64	500000fb
	constant pool entry 63	500000ce
	constant pool entry 62	5000010d
	constant pool entry 61	50000113
	constant pool entry 59	500000bf
	constant pool entry 2	500004d9
CLS 500000b6 (name=sun.nio.cs.StandardCharsets, trace=300000)
	super		500000fb
	static aliases_US_ASCII	50000441
	static aliases_UTF_8	50000822
	static aliases_UTF_16	50000821
	static aliases_UTF_16BE	50000820
	static aliases_UTF_16LE	5000081f
	static aliases_UTF_16LE_BOM	5000081e
	static aliases_UTF_32	5000081d
	static aliases_UTF_32LE	5000081c
	static aliases_UTF_32BE	5000081b
	static aliases_UTF_32LE_BOM	5000081a
	static aliases_UTF_32BE_BOM	50000819
	static aliases_ISO_8859_1	50000818
	static aliases_ISO_8859_2	50000817
	static aliases_ISO_8859_4	50000816
	static aliases_ISO_8859_5	50000815
	static aliases_ISO_8859_7	50000814
	static aliases_ISO_8859_9	50000813
	static aliases_ISO_8859_13	50000812
	static aliases_ISO_8859_15	50000811
	static aliases_KOI8_R	50000810
	static aliases_KOI8_U	5000080f
	static aliases_MS1250	5000080e
	static aliases_MS1251	5000080d
	static aliases_MS1252	5000080c
	static aliases_MS1253	5000080b
	static aliases_MS1254	5000080a
	static aliases_MS1257	50000809
	static aliases_IBM437	50000808
	static aliases_IBM737	50000807
	static aliases_IBM775	50000806
	static aliases_IBM850	50000805
	static aliases_IBM852	50000804
	static aliases_IBM855	50000803
	static aliases_IBM857	50000802
	static aliases_IBM858	50000801
	static aliases_IBM862	50000800
	static aliases_IBM866	500007ff
	static aliases_IBM874	500007fe
	constant pool entry 568	50000100
	constant pool entry 478	500000f6
	constant pool entry 477	50000064
	constant pool entry 476	50000039
	constant pool entry 474	500000b6
	constant pool entry 473	500000fb
	constant pool entry 472	500000bf
	constant pool entry 209	50000628
	constant pool entry 208	5000069c
	constant pool entry 207	50000449
	constant pool entry 206	50000769
	constant pool entry 205	50000656
	constant pool entry 204	50000637
	constant pool entry 203	50000489
	constant pool entry 202	500006bc
	constant pool entry 201	500006be
	constant pool entry 200	500006c0
	constant pool entry 199	500006c2
	constant pool entry 198	500006f4
	constant pool entry 197	500006f8
	constant pool entry 196	50000701
	constant pool entry 195	50000705
	constant pool entry 194	50000761
	constant pool entry 193	50000763
	constant pool entry 192	500006e4
	constant pool entry 191	50000715
	constant pool entry 190	5000044f
	constant pool entry 189	5000071d
	constant pool entry 188	5000071f
	constant pool entry 187	50000721
	constant pool entry 186	50000723
	constant pool entry 185	50000725
	constant pool entry 184	50000671
	constant pool entry 183	50000648
	constant pool entry 182	5000064c
	constant pool entry 181	50000444
	constant pool entry 180	50000698
	constant pool entry 179	5000069a
	constant pool entry 178	500006b0
	constant pool entry 177	500006ba
	constant pool entry 176	500006c8
	constant pool entry 175	500006ca
	constant pool entry 174	50000709
	constant pool entry 173	50000717
	constant pool entry 172	50000719
	constant pool entry 171	5000071b
	constant pool entry 170	50000692
	constant pool entry 169	5000053a
	constant pool entry 168	50000548
	constant pool entry 167	500004bc
	constant pool entry 166	500004c7
	constant pool entry 165	500004de
	constant pool entry 164	500004e7
	constant pool entry 163	500006da
	constant pool entry 162	500004e1
	constant pool entry 161	500006ae
	constant pool entry 160	500004ca
	constant pool entry 159	500006de
	constant pool entry 158	50000707
	constant pool entry 157	5000070b
	constant pool entry 156	5000070e
	constant pool entry 155	5000068e
	constant pool entry 154	50000694
	constant pool entry 153	50000696
	constant pool entry 152	500006a4
	constant pool entry 151	500006a6
	constant pool entry 150	500006a8
	constant pool entry 149	500006aa
	constant pool entry 148	500006d0
	constant pool entry 147	50000668
	constant pool entry 146	500006a2
	constant pool entry 145	5000065e
	constant pool entry 144	50000710
	constant pool entry 143	50000654
	constant pool entry 142	5000044d
	constant pool entry 141	500006fb
	constant pool entry 140	5000062a
	constant pool entry 139	5000074e
	constant pool entry 138	50000642
	constant pool entry 137	50000610
	constant pool entry 136	5000064e
	constant pool entry 135	500007fd
	constant pool entry 134	500007fc
	constant pool entry 133	500007fb
	constant pool entry 132	500007fa
	constant pool entry 131	500007f9
	constant pool entry 130	500007f8
	constant pool entry 129	500007f7
	constant pool entry 128	500007f6
	constant pool entry 127	500007f5
	constant pool entry 126	500007f4
	constant pool entry 125	500007f3
	constant pool entry 124	500007f2
	constant pool entry 123	5000044c
	constant pool entry 122	50000757
	constant pool entry 121	50000759
	constant pool entry 120	5000075b
	constant pool entry 119	5000075d
	constant pool entry 118	5000075f
	constant pool entry 117	500006cc
	constant pool entry 116	500006d6
	constant pool entry 115	500006d8
	constant pool entry 114	500006e8
	constant pool entry 113	500006ed
	constant pool entry 112	500006f2
	constant pool entry 111	500006f6
	constant pool entry 110	500006fd
	constant pool entry 109	50000749
	constant pool entry 108	5000074c
	constant pool entry 107	500006b2
	constant pool entry 106	500006ea
	constant pool entry 105	50000616
	constant pool entry 104	50000618
	constant pool entry 103	5000061c
	constant pool entry 102	5000061e
	constant pool entry 101	50000620
	constant pool entry 100	50000622
	constant pool entry 99	5000069e
	constant pool entry 98	5000044b
	constant pool entry 97	50000677
	constant pool entry 96	5000067a
	constant pool entry 95	5000067c
	constant pool entry 94	5000067e
	constant pool entry 93	50000680
	constant pool entry 92	50000682
	constant pool entry 91	50000666
	constant pool entry 90	50000644
	constant pool entry 89	50000451
	constant pool entry 88	50000750
	constant pool entry 87	500007f1
	constant pool entry 86	500007f0
	constant pool entry 85	500007ef
	constant pool entry 84	500007ee
	constant pool entry 83	500007ed
	constant pool entry 82	500007ec
	constant pool entry 81	500007eb
	constant pool entry 80	500007ea
	constant pool entry 79	500004c0
	constant pool entry 78	500004a6
	constant pool entry 77	500004b2
	constant pool entry 76	5000052a
	constant pool entry 75	5000053e
	constant pool entry 74	50000541
	constant pool entry 73	50000513
	constant pool entry 72	5000051e
	constant pool entry 71	500007e9
	constant pool entry 70	500007e8
	constant pool entry 69	500007e7
	constant pool entry 68	500007e6
	constant pool entry 67	500007e5
	constant pool entry 66	500007e4
	constant pool entry 65	500007e3
	constant pool entry 64	5000050d
	constant pool entry 63	500007e2
	constant pool entry 62	500007e1
	constant pool entry 61	500007e0
	constant pool entry 60	500007df
	constant pool entry 59	500007de
	constant pool entry 58	500007dd
	constant pool entry 57	500007dc
	constant pool entry 56	500007db
	constant pool entry 55	500007da
	constant pool entry 54	500007d9
	constant pool entry 53	500007d8
	constant pool entry 52	500007d7
	constant pool entry 51	500007d6
	constant pool entry 50	50000446
	constant pool entry 49	500007d5
	constant pool entry 48	500007d4
	constant pool entry 47	500007d3
	constant pool entry 46	500007d2
	constant pool entry 45	500007d1
	constant pool entry 44	500007d0
	constant pool entry 43	500007cf
	constant pool entry 42	500007ce
	constant pool entry 41	500007cd
	constant pool entry 40	50000448
	constant pool entry 39	500007cc
	constant pool entry 38	500007cb
	constant pool entry 37	500007ca
	constant pool entry 36	500007c9
	constant pool entry 35	5000044a
	constant pool entry 34	500007c8
	constant pool entry 33	500007c7
	constant pool entry 32	500007c6
	constant pool entry 31	500007c5
	constant pool entry 30	50000447
	constant pool entry 29	50000445
	constant pool entry 28	50000450
	constant pool entry 27	50000781
	constant pool entry 26	50000783
	constant pool entry 25	50000785
	constant pool entry 24	50000787
	constant pool entry 23	50000789
	constant pool entry 22	5000076f
	constant pool entry 21	50000771
	constant pool entry 20	50000775
	constant pool entry 19	50000778
	constant pool entry 18	5000077a
	constant pool entry 17	50000662
	constant pool entry 16	50000664
	constant pool entry 15	5000077e
	constant pool entry 14	5000072b
	constant pool entry 13	50000735
	constant pool entry 12	50000737
	constant pool entry 11	5000073b
	constant pool entry 10	50000740
	constant pool entry 9	50000743
	constant pool entry 8	50000745
	constant pool entry 7	50000747
	constant pool entry 6	5000076b
	constant pool entry 5	50000773
	constant pool entry 4	500006e2
	constant pool entry 3	5000073d
	constant pool entry 2	5000044e
	constant pool entry 1	500006c6
CLS 500000b8 (name=sun.nio.cs.Surrogate, trace=300000)
	super		5000009b
CLS 500000b9 (name=java.net.URL, trace=300000)
	super		5000009b
	static protocolPathProp	500008be
	static handlers	500008c3
	static streamHandlerLock	500008c2
	constant pool entry 213	500000cc
	constant pool entry 212	50000119
	constant pool entry 211	500000b2
	constant pool entry 210	500000b1
	constant pool entry 208	500000d7
	constant pool entry 206	500000b9
	constant pool entry 201	50000044
	constant pool entry 197	5000002d
	constant pool entry 196	5000003f
	constant pool entry 195	500000bf
	constant pool entry 193	5000009b
	constant pool entry 187	5000008e
	constant pool entry 17	500008c1
	constant pool entry 16	500008c0
	constant pool entry 14	500008bf
	constant pool entry 11	500008be
	constant pool entry 4	500003fe
	constant pool entry 3	500008bd
	constant pool entry 2	500008bc
	constant pool entry 1	50000347
CLS 500000ba (name=java.net.URL[], trace=300000)
	super		5000009b
CLS 500000bb (name=java.lang.Compiler, trace=300000)
	super		5000009b
	constant pool entry 26	500000b1
	constant pool entry 24	50000008
	constant pool entry 23	500000bb
CLS 500000bc (name=sun.misc.URLClassPath, trace=300000)
	super		5000009b
	static USER_AGENT_JAVA_VERSION	5000095a
	static JAVA_VERSION	5000095b
	constant pool entry 159	500000cc
	constant pool entry 157	50000150
	constant pool entry 154	5000014e
	constant pool entry 151	500000bc
	constant pool entry 149	500000f9
	constant pool entry 148	5000011a
	constant pool entry 147	500000e4
	constant pool entry 144	500000b1
	constant pool entry 143	500000e8
	constant pool entry 141	500000b9
	constant pool entry 136	500000bf
	constant pool entry 133	5000009b
	constant pool entry 126	5000095a
	constant pool entry 7	50000959
	constant pool entry 5	50000958
	constant pool entry 4	5000091c
CLS 500000bd (name=java.io.ExpiringCache$1, trace=300000)
	super		5000006f
	constant pool entry 22	5000006f
	constant pool entry 21	500000bd
	constant pool entry 20	500000f1
CLS 500000be (name=java.lang.ArithmeticException, trace=300000)
	super		500000fd
CLS 500000bf (name=java.lang.String, trace=300000)
	super		5000009b
	static serialPersistentFields	50000346
	static CASE_INSENSITIVE_ORDER	50000345
	constant pool entry 444	50000100
	constant pool entry 208	50000051
	constant pool entry 205	5000005c
	constant pool entry 204	5000002d
	constant pool entry 202	50000084
	constant pool entry 199	50000054
	constant pool entry 197	500000bf
	constant pool entry 196	5000009b
	constant pool entry 194	50000005
	constant pool entry 185	500000d0
	constant pool entry 180	50000031
CLS 500000c0 (name=java.lang.String[], trace=300000)
	super		5000009b
CLS 500000c1 (name=java.security.PrivilegedExceptionAction, trace=300000)
CLS 500000c2 (name=java.lang.IllegalMonitorStateException, trace=300000)
	super		500000fd
CLS 500000f4 (name=sun.reflect.ConstructorAccessorImpl, trace=300000)
	super		50000089
	constant pool entry 20	50000089
CLS 500000c3 (name=sun.reflect.DelegatingConstructorAccessorImpl, trace=300000)
	super		500000f4
	constant pool entry 20	500000c3
	constant pool entry 19	500000f4
CLS 500000c4 (name=sun.reflect.ReflectionFactory, trace=300000)
	super		5000009b
	static reflectionFactoryAccessPerm	500003a6
	static soleInstance	500003a2
	static langReflectAccess	500003a5
	constant pool entry 109	50000069
	constant pool entry 108	500000c4
	constant pool entry 107	5000011e
	constant pool entry 105	500000ea
	constant pool entry 103	50000111
	constant pool entry 100	500000c3
	constant pool entry 99	500000f4
	constant pool entry 97	500000b1
	constant pool entry 96	50000052
	constant pool entry 94	50000092
	constant pool entry 93	5000002d
	constant pool entry 91	50000016
	constant pool entry 90	5000009b
	constant pool entry 89	5000008e
	constant pool entry 2	500003a4
CLS 500000c5 (name=java.io.Flushable, trace=300000)
CLS 500000c6 (name=java.util.Properties, trace=300000)
	super		500000b2
	static hexDigit	50000869
	constant pool entry 250	50000100
	constant pool entry 115	500000c6
	constant pool entry 113	500000b2
	constant pool entry 108	500000bf
CLS 500000c8 (name=java.lang.Class$1, trace=300000)
	super		5000009b
	constant pool entry 23	50000092
	constant pool entry 22	5000009b
	constant pool entry 21	500000c8
CLS 500000c9 (name=java.lang.NullPointerException, trace=300000)
	super		500000fd
CLS 500000ca (name=sun.reflect.UnsafeFieldAccessorImpl, trace=300000)
	super		5000000f
CLS 500000cb (name=sun.misc.Launcher$ExtClassLoader$1, trace=300000)
	super		5000009b
	constant pool entry 28	5000011d
	constant pool entry 27	500000cb
	constant pool entry 26	50000127
	constant pool entry 23	5000009b
CLS 500000cc (name=sun.security.action.GetPropertyAction, trace=300000)
	super		5000009b
	constant pool entry 23	500000cc
	constant pool entry 21	5000002d
	constant pool entry 20	5000009b
CLS 500000ce (name=java.util.Map, trace=300000)
CLS 500000cf (name=sun.misc.JavaIODeleteOnExitAccess, trace=300000)
CLS 500000d0 (name=java.lang.Character, trace=300000)
	super		5000009b
	static TYPE	5000032e
	constant pool entry 255	5000008e
	constant pool entry 252	50000099
	constant pool entry 244	500000d0
	constant pool entry 8	500008c7
CLS 500000d2 (name=java.lang.ref.Reference[], trace=300000)
	super		5000009b
CLS 500000d4 (name=java.util.concurrent.locks.ReentrantLock[], trace=300000)
	super		5000009b
CLS 500000d5 (name=java.lang.reflect.Array, trace=300000)
	super		5000009b
	constant pool entry 39	500000d5
CLS 500000d8 (name=sun.misc.Version, trace=300000)
	super		5000009b
	static java_version	5000095b
	static java_runtime_name	500009da
	static java_runtime_version	50000a12
	constant pool entry 121	500000d8
	constant pool entry 120	5000002d
	constant pool entry 12	50000958
	constant pool entry 11	50000a13
	constant pool entry 10	500009db
	constant pool entry 7	500009da
	constant pool entry 6	50000a12
	constant pool entry 5	5000095b
CLS 500000da (name=java.lang.reflect.AccessibleObject[], trace=300000)
	super		5000009b
CLS 500000db (name=java.lang.ref.ReferenceQueue$Null, trace=300000)
	super		500000b0
	constant pool entry 14	500000db
	constant pool entry 12	500000b0
CLS 500000dd (name=java.lang.Shutdown, trace=300000)
	super		5000009b
	static hooks	50000abb
	static lock	50000aba
	static haltLock	50000ab9
	constant pool entry 66	500000ee
	constant pool entry 65	500000e4
	constant pool entry 62	500000a9
	constant pool entry 60	500000dd
	constant pool entry 59	50000103
CLS 500000de (name=java.lang.reflect.AnnotatedElement, trace=300000)
CLS 500000df (name=java.lang.reflect.AnnotatedElement[], trace=300000)
	super		5000009b
CLS 500000e0 (name=java.io.File, trace=300000)
	super		5000009b
	static fs	500003c1
	static separator	500003c0
	static pathSeparator	500003bf
	static tmpFileLock	500003be
	constant pool entry 257	50000045
	constant pool entry 248	5000002d
	constant pool entry 247	5000003f
	constant pool entry 246	500000bf
	constant pool entry 242	5000009b
	constant pool entry 235	5000008e
	constant pool entry 228	500000c7
	constant pool entry 226	500000e2
	constant pool entry 225	500000e0
	constant pool entry 2	50000347
CLS 500000e1 (name=java.io.File[], trace=300000)
	super		5000009b
CLS 500000e2 (name=java.io.File$1, trace=300000)
	super		5000009b
	constant pool entry 18	5000009b
	constant pool entry 15	50000311
CLS 500000e3 (name=java.lang.ThreadLocal, trace=300000)
	super		5000009b
	static nextHashCode	5000085d
	constant pool entry 54	50000091
	constant pool entry 52	5000004b
	constant pool entry 51	5000001b
	constant pool entry 49	500000e3
	constant pool entry 48	50000070
	constant pool entry 47	5000009b
CLS 500000e4 (name=java.util.ArrayList, trace=300000)
	super		50000047
	constant pool entry 187	50000100
	constant pool entry 101	500000b3
	constant pool entry 100	5000005c
	constant pool entry 99	500000e4
	constant pool entry 98	50000047
	constant pool entry 95	5000009b
	constant pool entry 84	5000009c
CLS 500000e5 (name=java.lang.reflect.ReflectPermission, trace=300000)
	super		50000063
	constant pool entry 15	50000063
CLS 500000e6 (name=java.lang.Appendable, trace=300000)
CLS 500000e7 (name=java.lang.ref.Reference$ReferenceHandler, trace=300000)
	super		50000070
	constant pool entry 28	500000d1
	constant pool entry 27	50000070
	constant pool entry 26	5000009b
CLS 500000e8 (name=java.net.URLStreamHandlerFactory, trace=300000)
CLS 500000e9 (name=java.util.concurrent.ConcurrentMap, trace=300000)
CLS 500000ea (name=sun.reflect.NativeConstructorAccessorImpl, trace=300000)
	super		500000f4
	constant pool entry 40	500000c4
	constant pool entry 39	500000ea
	constant pool entry 36	500000f4
CLS 500000eb (name=java.util.Hashtable$EmptyIterator, trace=300000)
	super		5000009b
	constant pool entry 23	5000009b
CLS 500000ed (name=java.lang.Error[], trace=300000)
	super		5000009b
CLS 500000ee (name=java.util.Iterator, trace=300000)
CLS 500000f0 (name=sun.reflect.UnsafeStaticFieldAccessorImpl, trace=300000)
	super		500000ca
CLS 500000f1 (name=java.io.ExpiringCache, trace=300000)
	super		5000009b
	constant pool entry 58	500000ce
	constant pool entry 56	5000002d
	constant pool entry 54	5000009b
	constant pool entry 53	50000123
	constant pool entry 52	500000bd
	constant pool entry 51	500000f1
CLS 500000f2 (name=java.nio.charset.CharsetDecoder, trace=300000)
	super		5000009b
	static stateNames	50000481
	constant pool entry 275	50000100
	constant pool entry 141	50000076
	constant pool entry 140	50000026
	constant pool entry 138	500000f2
	constant pool entry 137	50000113
	constant pool entry 134	50000018
	constant pool entry 129	500000bf
	constant pool entry 128	5000009b
	constant pool entry 125	5000008e
	constant pool entry 15	50000480
	constant pool entry 12	50000471
	constant pool entry 7	50000470
	constant pool entry 4	5000046f
	constant pool entry 3	5000046e
	constant pool entry 2	5000046d
CLS 500000f3 (name=java.util.Vector, trace=300000)
	super		50000047
	constant pool entry 238	50000100
	constant pool entry 125	500000f3
	constant pool entry 118	50000047
	constant pool entry 117	5000002d
	constant pool entry 115	5000009b
CLS 500000f6 (name=sun.nio.cs.StandardCharsets$Classes, trace=300000)
	super		50000019
	constant pool entry 192	50000100
	constant pool entry 181	50000019
	constant pool entry 180	500000f6
	constant pool entry 177	5000009b
	constant pool entry 76	500004bf
	constant pool entry 75	500004b1
	constant pool entry 74	500004b5
	constant pool entry 73	500004f3
	constant pool entry 72	500004eb
	constant pool entry 71	50000516
	constant pool entry 70	5000051a
	constant pool entry 69	50000523
	constant pool entry 68	50000526
	constant pool entry 67	50000531
	constant pool entry 66	50000534
	constant pool entry 65	50000503
	constant pool entry 64	500004a5
	constant pool entry 63	50000529
	constant pool entry 62	5000053d
	constant pool entry 61	50000540
	constant pool entry 60	50000512
	constant pool entry 59	5000051d
	constant pool entry 58	500004d8
	constant pool entry 57	500004a9
	constant pool entry 56	500004ad
	constant pool entry 55	500004ef
	constant pool entry 54	500004f6
	constant pool entry 53	500004fc
	constant pool entry 52	50000500
	constant pool entry 51	50000509
	constant pool entry 50	500004cd
	constant pool entry 49	500004d5
	constant pool entry 48	5000050c
	constant pool entry 47	5000053a
	constant pool entry 46	50000548
	constant pool entry 45	500004bc
	constant pool entry 44	500004c7
	constant pool entry 43	500004de
	constant pool entry 42	500004e7
	constant pool entry 41	500004e1
	constant pool entry 40	500004ca
	constant pool entry 39	500004b9
	constant pool entry 38	50000504
	constant pool entry 37	500004c0
	constant pool entry 36	500004a6
	constant pool entry 35	500004b2
	constant pool entry 34	5000052a
	constant pool entry 33	5000053e
	constant pool entry 32	500004b6
	constant pool entry 31	50000541
	constant pool entry 30	50000513
	constant pool entry 29	5000051e
	constant pool entry 28	500004d9
	constant pool entry 27	50000517
	constant pool entry 26	5000051b
	constant pool entry 25	50000524
	constant pool entry 24	50000527
	constant pool entry 23	50000532
	constant pool entry 22	50000535
	constant pool entry 21	500004aa
	constant pool entry 20	500004ae
	constant pool entry 19	500004f0
	constant pool entry 18	500004f7
	constant pool entry 17	500004fd
	constant pool entry 16	50000501
	constant pool entry 15	5000050a
	constant pool entry 14	500004ce
	constant pool entry 13	500004d6
	constant pool entry 12	5000050d
	constant pool entry 11	500004f4
	constant pool entry 10	5000053b
	constant pool entry 9	50000549
	constant pool entry 8	500004ba
	constant pool entry 7	500004bd
	constant pool entry 6	500004c8
	constant pool entry 5	500004df
	constant pool entry 4	500004e8
	constant pool entry 3	500004e2
	constant pool entry 2	500004ec
	constant pool entry 1	500004cb
CLS 500000f7 (name=java.lang.ClassNotFoundException, trace=300000)
	super		500000fc
	constant pool entry 20	500000fc
CLS 500000f8 (name=java.util.Enumeration, trace=300000)
CLS 500000f9 (name=java.util.Stack, trace=300000)
	super		500000f3
	constant pool entry 32	500000f3
	constant pool entry 31	500000f9
CLS 500000ff (name=java.util.RandomAccess, trace=300000)
CLS 50000100 (name=com.sun.demo.jvmti.hprof.Tracker, trace=300000)
	super		5000009b
	constant pool entry 33	50000070
	constant pool entry 8	50000100
CLS 50000101 (name=java.io.Serializable, trace=300000)
CLS 50000102 (name=java.io.Serializable[], trace=300000)
	super		5000009b
CLS 50000103 (name=java.lang.Runnable, trace=300000)
CLS 50000104 (name=java.lang.Runnable[], trace=300000)
	super		5000009b
CLS 50000105 (name=sun.misc.JavaIOAccess, trace=300000)
CLS 50000106 (name=java.util.HashSet, trace=300000)
	super		50000024
	static PRESENT	50000429
	constant pool entry 88	50000029
	constant pool entry 86	5000006f
	constant pool entry 84	50000106
	constant pool entry 83	5000011a
	constant pool entry 81	50000024
	constant pool entry 80	5000009b
CLS 50000107 (name=java.lang.OutOfMemoryError, trace=300000)
	super		5000007a
CLS 50000108 (name=java.lang.OutOfMemoryError[], trace=300000)
	super		5000009b
CLS 50000109 (name=java.lang.ref.Finalizer$FinalizerThread, trace=300000)
	super		50000070
	constant pool entry 22	500000b0
	constant pool entry 20	50000010
	constant pool entry 19	50000070
	constant pool entry 1	50000b3e
CLS 5000010a (name=sun.misc.Launcher$Factory, trace=300000)
	super		5000009b
	static PREFIX	500008bf
	constant pool entry 53	5000010a
	constant pool entry 49	500000d7
	constant pool entry 48	5000003f
	constant pool entry 47	5000009b
	constant pool entry 42	5000008e
	constant pool entry 4	500008bf
	constant pool entry 2	500008bd
	constant pool entry 1	500008bc
CLS 5000010b (name=sun.nio.cs.US_ASCII$Decoder, trace=300000)
	super		500000f2
	constant pool entry 47	5000010b
	constant pool entry 45	5000010f
	constant pool entry 44	50000026
	constant pool entry 43	500000f2
	constant pool entry 42	50000090
	constant pool entry 41	50000018
	constant pool entry 40	5000008e
CLS 5000010c (name=java.util.IdentityHashMap, trace=300000)
	super		500000b7
	static NULL_KEY	50000abf
	constant pool entry 290	50000100
	constant pool entry 147	5000030b
	constant pool entry 141	5000010c
	constant pool entry 140	500000b7
	constant pool entry 137	5000009b
CLS 5000010e (name=sun.net.www.ParseUtil, trace=300000)
	super		5000009b
	static encodedInPath	500008b4
	static hexDigits	500008b3
	constant pool entry 446	50000100
	constant pool entry 222	5000010e
	constant pool entry 221	50000115
	constant pool entry 216	500000b9
	constant pool entry 211	5000003f
	constant pool entry 209	500000bf
	constant pool entry 206	50000005
	constant pool entry 203	5000008e
	constant pool entry 200	500000e0
	constant pool entry 24	5000089a
	constant pool entry 19	500008b2
	constant pool entry 18	500008b1
	constant pool entry 17	500008b0
	constant pool entry 16	500008af
	constant pool entry 7	500003fe
	constant pool entry 6	500008ae
	constant pool entry 5	500008ad
	constant pool entry 4	500008ac
	constant pool entry 3	500008ab
	constant pool entry 2	50000347
CLS 50000113 (name=java.nio.charset.Charset, trace=300000)
	super		5000009b
	static bugLevel	50000347
	static standardProvider	50000488
	static cache1	50000487
	static cache2	50000486
	static gate	50000485
	static extendedProviderLock	50000484
	static defaultCharset	50000440
	constant pool entry 320	50000100
	constant pool entry 158	500000cc
	constant pool entry 156	500000b6
	constant pool entry 155	50000126
	constant pool entry 149	500000b1
	constant pool entry 148	5000010d
	constant pool entry 138	50000113
	constant pool entry 135	500000e3
	constant pool entry 134	500000bf
	constant pool entry 133	5000009b
	constant pool entry 7	50000483
	constant pool entry 6	50000482
	constant pool entry 2	5000046d
	constant pool entry 1	50000347
CLS 5000010f (name=sun.nio.cs.US_ASCII, trace=300000)
	super		50000113
	constant pool entry 31	5000011b
	constant pool entry 30	5000010b
	constant pool entry 27	500000b6
	constant pool entry 25	50000113
	constant pool entry 2	50000442
CLS 50000110 (name=java.util.concurrent.ConcurrentHashMap, trace=300000)
	super		500000b7
	constant pool entry 133	50000037
	constant pool entry 126	50000110
	constant pool entry 121	500000b7
	constant pool entry 120	5000009b
CLS 50000111 (name=sun.reflect.LangReflectAccess, trace=300000)
CLS 50000112 (name=sun.misc.NativeSignalHandler, trace=300000)
	super		5000009b
	constant pool entry 21	50000112
	constant pool entry 20	5000009b
CLS 50000114 (name=java.io.ObjectStreamClass, trace=300000)
	super		5000009b
	static NO_FIELDS	500003b2
	static serialPersistentFields	500003b2
	static reflFactory	500003a2
	constant pool entry 942	50000100
	constant pool entry 445	50000006
	constant pool entry 444	500000c4
	constant pool entry 435	500000b1
	constant pool entry 421	5000003f
	constant pool entry 420	500000bf
	constant pool entry 419	50000055
	constant pool entry 412	500000b5
	constant pool entry 410	50000060
	constant pool entry 407	50000046
	constant pool entry 403	5000004d
	constant pool entry 401	5000008e
	constant pool entry 400	500000d0
	constant pool entry 399	5000003d
	constant pool entry 398	50000075
	constant pool entry 396	50000031
	constant pool entry 382	50000114
CLS 50000115 (name=java.util.BitSet, trace=300000)
	super		5000009b
	static serialPersistentFields	500008b7
	constant pool entry 262	50000100
	constant pool entry 150	50000115
	constant pool entry 146	5000009b
	constant pool entry 137	5000008e
	constant pool entry 134	50000031
	constant pool entry 128	5000013a
	constant pool entry 4	500008b6
CLS 50000117 (name=sun.misc.Unsafe, trace=300000)
	super		5000009b
	static theUnsafe	5000039c
	constant pool entry 131	5000011e
	constant pool entry 130	50000117
	constant pool entry 126	5000009b
	constant pool entry 124	5000008e
CLS 50000118 (name=sun.reflect.MethodAccessorImpl, trace=300000)
	super		50000089
CLS 50000119 (name=java.util.StringTokenizer, trace=300000)
	super		5000009b
	constant pool entry 63	50000119
	constant pool entry 60	500000bf
	constant pool entry 59	5000009b
	constant pool entry 57	500000d0
CLS 50000133 (name=java.nio.charset.CharsetEncoder, trace=300000)
	super		5000009b
	static stateNames	50000472
	constant pool entry 344	50000100
	constant pool entry 154	50000076
	constant pool entry 153	50000026
	constant pool entry 151	50000133
	constant pool entry 150	500000f2
	constant pool entry 149	50000113
	constant pool entry 147	50000090
	constant pool entry 146	50000018
	constant pool entry 143	50000033
	constant pool entry 141	500000bf
	constant pool entry 140	5000009b
	constant pool entry 137	5000008e
	constant pool entry 13	50000471
	constant pool entry 7	50000470
	constant pool entry 4	5000046f
	constant pool entry 3	5000046e
	constant pool entry 2	5000046d
CLS 5000011b (name=sun.nio.cs.US_ASCII$Encoder, trace=300000)
	super		50000133
	constant pool entry 57	5000011b
	constant pool entry 55	5000010f
	constant pool entry 54	50000001
	constant pool entry 52	50000026
	constant pool entry 51	50000133
	constant pool entry 50	50000090
	constant pool entry 49	50000018
	constant pool entry 48	5000008e
CLS 5000011c (name=java.nio.Bits, trace=300000)
	super		5000009b
	static unsafe	5000039c
	static byteOrder	50000951
	constant pool entry 231	50000126
	constant pool entry 230	50000117
	constant pool entry 228	50000066
	constant pool entry 226	5000011c
	constant pool entry 216	5000008e
CLS 5000011d (name=sun.misc.MetaIndex, trace=300000)
	super		5000009b
	static jarMap	50000927
	constant pool entry 149	50000100
	constant pool entry 76	5000011d
	constant pool entry 75	500000ce
	constant pool entry 74	50000094
	constant pool entry 73	5000011a
	constant pool entry 72	500000e4
	constant pool entry 71	500000bf
	constant pool entry 70	5000009b
	constant pool entry 68	5000008e
	constant pool entry 65	50000002
	constant pool entry 64	500000e0
	constant pool entry 63	50000025
	constant pool entry 62	500000c0
	constant pool entry 3	50000926
	constant pool entry 1	50000925
CLS 5000011e (name=sun.reflect.Reflection, trace=300000)
	super		5000009b
	static fieldFilterMap	5000039d
	constant pool entry 74	5000011e
	constant pool entry 73	500000ce
	constant pool entry 72	5000011a
	constant pool entry 71	5000002a
	constant pool entry 70	50000052
	constant pool entry 63	5000008e
CLS 5000011f (name=java.lang.reflect.Type, trace=300000)
CLS 50000120 (name=java.lang.reflect.Type[], trace=300000)
	super		5000009b
CLS 50000121 (name=java.util.Hashtable$Entry, trace=300000)
	super		5000009b
	constant pool entry 45	50000121
	constant pool entry 42	5000009b
CLS 50000122 (name=java.util.Hashtable$Entry[], trace=300000)
	super		5000009b
CLS 50000123 (name=java.io.ExpiringCache$Entry, trace=300000)
	super		5000009b
	constant pool entry 23	5000009b
	constant pool entry 22	50000123
CLS 50000124 (name=java.security.Guard, trace=300000)
CLS 50000125 (name=sun.reflect.misc.ReflectUtil, trace=300000)
	super		5000009b
	constant pool entry 56	50000125
	constant pool entry 55	5000011e
	constant pool entry 54	50000052
	constant pool entry 53	5000002d
	constant pool entry 45	5000008e
CLS 50000126 (name=sun.misc.VM, trace=300000)
	super		5000009b
	constant pool entry 132	50000126
	constant pool entry 131	5000001a
	constant pool entry 130	500000c6
	constant pool entry 124	5000002d
	constant pool entry 122	500000bf
	constant pool entry 121	50000065
	constant pool entry 6	50000868
	constant pool entry 5	50000867
	constant pool entry 1	50000866
CLS 50000127 (name=sun.misc.Launcher$ExtClassLoader, trace=300000)
	super		500000cd
	constant pool entry 166	50000100
	constant pool entry 83	500000cb
	constant pool entry 82	50000127
	constant pool entry 81	50000059
	constant pool entry 80	500000f3
	constant pool entry 79	50000119
	constant pool entry 75	500000b1
	constant pool entry 73	500000cd
	constant pool entry 72	500000b9
	constant pool entry 71	5000002d
	constant pool entry 70	500000bf
	constant pool entry 68	500000e0
	constant pool entry 2	50000926
	constant pool entry 1	50000963
CLS 50000128 (name=java.nio.charset.CoderResult$1, trace=300000)
	super		500000fa
	constant pool entry 14	500000fa
CLS 50000129 (name=sun.misc.Launcher$AppClassLoader$1, trace=300000)
	super		5000009b
	constant pool entry 28	50000129
	constant pool entry 27	5000008c
	constant pool entry 26	50000059
	constant pool entry 23	5000009b
CLS 5000012a (name=java.io.OutputStreamWriter, trace=300000)
	super		5000008d
	constant pool entry 40	50000085
	constant pool entry 36	5000008d
	constant pool entry 34	5000012a
CLS 5000012b (name=java.io.Closeable, trace=300000)
CLS 5000012c (name=java.util.Collections$ReverseComparator, trace=300000)
	super		5000009b
	constant pool entry 29	5000012c
	constant pool entry 26	5000009b
CLS 5000012d (name=java.lang.Terminator$1, trace=300000)
	super		5000009b
	constant pool entry 20	5000009b
CLS 5000012e (name=java.lang.ref.PhantomReference, trace=300000)
	super		500000d1
CLS 5000012f (name=sun.reflect.ConstantPool, trace=300000)
	super		5000009b
CLS 50000130 (name=java.util.concurrent.locks.AbstractQueuedSynchronizer$Node, trace=300000)
	super		5000009b
CLS 50000131 (name=sun.misc.SignalHandler, trace=300000)
	static SIG_DFL	50000aa5
	static SIG_IGN	50000aa4
	constant pool entry 16	50000131
	constant pool entry 15	50000112
CLS 50000132 (name=java.lang.StringCoding$StringDecoder, trace=300000)
	super		5000009b
	constant pool entry 122	50000100
	constant pool entry 59	50000076
	constant pool entry 58	50000026
	constant pool entry 57	500000f2
	constant pool entry 56	50000113
	constant pool entry 54	50000090
	constant pool entry 53	50000018
	constant pool entry 52	50000132
	constant pool entry 50	50000084
	constant pool entry 49	5000009b
CLS 50000134 (name=java.lang.SystemClassLoaderAction, trace=300000)
	super		5000009b
	constant pool entry 61	50000100
	constant pool entry 34	50000134
	constant pool entry 33	5000002d
	constant pool entry 32	5000009b
	constant pool entry 30	5000002f
	constant pool entry 29	5000008e
	constant pool entry 1	50000996
CLS 50000135 (name=boolean[], trace=300000)
	super		5000009b
CLS 50000136 (name=byte[], trace=300000)
	super		5000009b
CLS 50000137 (name=char[], trace=300000)
	super		5000009b
CLS 50000138 (name=int[], trace=300000)
	super		5000009b
CLS 50000139 (name=short[], trace=300000)
	super		5000009b
CLS 5000013a (name=long[], trace=300000)
	super		5000009b
CLS 5000013b (name=float[], trace=300000)
	super		5000009b
CLS 5000013c (name=double[], trace=300000)
	super		5000009b
CLS 5000014a (name=java.net.URLClassLoader$1, trace=300009)
	super		5000009b
	constant pool entry 40	500000bc
	constant pool entry 38	5000014a
	constant pool entry 37	500000cd
	constant pool entry 36	500000bf
	constant pool entry 35	5000009b
	constant pool entry 34	500000f7
	constant pool entry 1	5000096b
CLS 5000014e (name=sun.misc.URLClassPath$3, trace=300013)
	super		5000009b
	constant pool entry 44	50000151
	constant pool entry 43	500001d0
	constant pool entry 42	5000014e
	constant pool entry 41	500000bc
	constant pool entry 39	500000b9
	constant pool entry 38	500000bf
	constant pool entry 37	5000009b
	constant pool entry 2	5000089a
	constant pool entry 1	500003fe
CLS 50000150 (name=sun.misc.URLClassPath$Loader, trace=300015)
	super		5000009b
	constant pool entry 51	50000150
	constant pool entry 45	5000009b
CLS 50000151 (name=sun.misc.URLClassPath$JarLoader, trace=300015)
	super		50000150
	constant pool entry 179	5000010e
	constant pool entry 178	50000150
	constant pool entry 174	50000151
	constant pool entry 170	5000011d
	constant pool entry 149	500000b9
	constant pool entry 146	5000003f
	constant pool entry 145	500000bf
	constant pool entry 141	500000e0
	constant pool entry 7	5000091c
	constant pool entry 6	5000089a
	constant pool entry 2	5000091e
	constant pool entry 1	50000347
CLS 500001ca (name=java.security.PrivilegedActionException, trace=300046)
	super		500000fc
	constant pool entry 33	500001ca
	constant pool entry 29	500000fc
CLS 500001d0 (name=sun.misc.URLClassPath$FileLoader, trace=300049)
	super		50000150
	constant pool entry 58	5000010e
	constant pool entry 57	50000150
	constant pool entry 56	500001fe
	constant pool entry 55	500001d0
	constant pool entry 52	500000b9
	constant pool entry 51	500000bf
	constant pool entry 47	500000e0
	constant pool entry 2	5000089a
	constant pool entry 1	500008bc
CLS 500001fd (name=sun.misc.Resource, trace=300076)
	super		5000009b
	constant pool entry 86	50000100
	constant pool entry 48	50000206
	constant pool entry 47	500001fd
	constant pool entry 46	50000070
	constant pool entry 44	5000009b
	constant pool entry 42	5000006a
CLS 500001fe (name=sun.misc.URLClassPath$FileLoader$1, trace=300076)
	super		500001fd
	constant pool entry 38	500001fe
	constant pool entry 37	500001d0
	constant pool entry 35	500001fd
	constant pool entry 33	50000042
	constant pool entry 32	500000e0
CLS 50000206 (name=sun.nio.ByteBuffered, trace=300082)
CLS 5000020b (name=java.security.CodeSource, trace=300085)
	super		5000009b
	constant pool entry 146	5000020b
	constant pool entry 144	500000b9
	constant pool entry 139	5000009b
CLS 5000020d (name=java.security.PermissionCollection, trace=300087)
	super		5000009b
	constant pool entry 42	5000020d
	constant pool entry 40	5000009b
CLS 5000020e (name=java.security.Permissions, trace=300087)
	super		5000020d
	static serialPersistentFields	5000020f
	constant pool entry 207	50000100
	constant pool entry 104	500000ce
	constant pool entry 102	500000b2
	constant pool entry 101	5000011a
	constant pool entry 96	50000294
	constant pool entry 93	5000020e
	constant pool entry 92	5000020d
	constant pool entry 91	50000088
	constant pool entry 90	50000293
	constant pool entry 88	5000009b
	constant pool entry 84	50000031
	constant pool entry 3	50000909
	constant pool entry 1	50000908
CLS 5000023a (name=java.net.URLConnection, trace=300104)
	super		5000009b
	static handlers	5000023d
	static UnknownContentHandlerP	50000241
	static contentClassPrefix	500008a8
	static contentPathProp	500008a7
	constant pool entry 287	500000b2
	constant pool entry 282	50000240
	constant pool entry 280	5000023a
	constant pool entry 272	5000009b
	constant pool entry 29	500008a8
	constant pool entry 23	500008a7
CLS 5000023b (name=sun.net.www.URLConnection, trace=300104)
	super		5000023a
	static proxiedHosts	50000242
	constant pool entry 114	5000023b
	constant pool entry 113	50000245
	constant pool entry 111	5000011a
	constant pool entry 109	5000023a
CLS 5000023c (name=sun.net.www.protocol.file.FileURLConnection, trace=300104)
	super		5000023b
	static CONTENT_LENGTH	5000089e
	static CONTENT_TYPE	5000089f
	static TEXT_PLAIN	500008a2
	static LAST_MODIFIED	500008a0
	constant pool entry 148	5000023c
	constant pool entry 147	5000023b
	constant pool entry 146	5000010e
	constant pool entry 132	500000b9
	constant pool entry 127	5000024f
	constant pool entry 124	500000e0
	constant pool entry 9	500008a2
	constant pool entry 8	500008a1
	constant pool entry 7	500008a0
	constant pool entry 6	5000089f
	constant pool entry 5	5000089e
CLS 5000023f (name=java.net.ContentHandler, trace=300107)
	super		5000009b
	constant pool entry 16	5000009b
CLS 50000240 (name=java.net.UnknownContentHandler, trace=300107)
	super		5000023f
	constant pool entry 15	5000023f
CLS 50000245 (name=sun.net.www.MessageHeader, trace=300112)
	super		5000009b
	constant pool entry 200	50000100
	constant pool entry 105	50000245
	constant pool entry 95	500000bf
	constant pool entry 94	5000009b
CLS 5000024f (name=java.io.FilePermission, trace=300119)
	super		50000088
	constant pool entry 124	50000088
	constant pool entry 123	500000b1
	constant pool entry 121	500000bf
	constant pool entry 113	50000280
	constant pool entry 112	50000251
	constant pool entry 111	5000024f
	constant pool entry 110	500000e0
	constant pool entry 8	500008a1
	constant pool entry 2	500008e8
CLS 50000251 (name=java.io.FilePermission$1, trace=300121)
	super		5000009b
	constant pool entry 29	50000254
	constant pool entry 27	5000009b
	constant pool entry 25	50000251
	constant pool entry 24	5000024f
CLS 50000253 (name=java.security.Policy, trace=300123)
	super		5000009b
	static UNSUPPORTED_EMPTY_COLLECTION	50000256
	constant pool entry 128	50000030
	constant pool entry 119	50000255
	constant pool entry 113	50000253
	constant pool entry 4	500008f5
CLS 50000254 (name=sun.security.provider.PolicyFile, trace=300123)
	super		50000253
	static NONE	500008f1
	static P11KEYSTORE	500008f2
	static SELF	500008ec
	static X500PRINCIPAL	500008f4
	static POLICY	500008ef
	static SECURITY_MANAGER	500008f3
	static POLICY_URL	500008f0
	static AUTH_POLICY	500008ee
	static AUTH_POLICY_URL	500008ed
	static PARAMS0	5000025a
	static PARAMS1	5000025b
	static PARAMS2	5000025c
	constant pool entry 997	50000100
	constant pool entry 517	50000030
	constant pool entry 496	50000254
	constant pool entry 451	500000bf
	constant pool entry 441	5000008e
	constant pool entry 435	500000e0
	constant pool entry 427	500008f5
	constant pool entry 425	500008f4
	constant pool entry 424	500008f3
	constant pool entry 419	500008f2
	constant pool entry 415	500008f1
	constant pool entry 409	500003ab
	constant pool entry 43	500008f0
	constant pool entry 36	500008ef
	constant pool entry 35	500008ee
	constant pool entry 25	500008ed
	constant pool entry 13	500008ec
CLS 50000255 (name=java.security.Policy$UnsupportedEmptyCollection, trace=300124)
	super		5000020d
	constant pool entry 20	50000255
	constant pool entry 18	5000020e
	constant pool entry 17	5000020d
CLS 50000280 (name=java.io.FilePermissionCollection, trace=300144)
	super		5000020d
	static serialPersistentFields	50000281
	constant pool entry 154	50000100
	constant pool entry 83	500000f3
	constant pool entry 82	50000094
	constant pool entry 80	500000e4
	constant pool entry 79	5000020d
	constant pool entry 73	50000031
	constant pool entry 67	50000280
	constant pool entry 66	5000024f
	constant pool entry 3	500003ae
CLS 50000293 (name=java.security.AllPermission, trace=300151)
	super		50000088
CLS 50000294 (name=java.security.UnresolvedPermission, trace=300152)
	super		50000088
CLS 50000296 (name=java.security.BasicPermissionCollection, trace=300154)
	super		5000020d
	static serialPersistentFields	50000297
	constant pool entry 218	50000100
	constant pool entry 115	500000ce
	constant pool entry 114	500000b2
	constant pool entry 113	5000011a
	constant pool entry 110	5000020d
	constant pool entry 108	50000296
	constant pool entry 107	50000063
	constant pool entry 105	500000bf
	constant pool entry 103	5000009b
	constant pool entry 100	5000008e
	constant pool entry 99	50000075
	constant pool entry 97	50000031
	constant pool entry 7	500003ae
	constant pool entry 6	500003ad
	constant pool entry 3	500003ac
	constant pool entry 1	500003ab
CLS 500002bd (name=java.security.Principal, trace=300164)
CLS 500002be (name=java.security.Principal[], trace=300165)
	super		5000009b
CLS 500002c1 (name=java.security.cert.Certificate, trace=300167)
	super		5000009b
CLS 500002c2 (name=java.security.cert.Certificate[], trace=300168)
	super		5000009b
CLS 50000301 (name=A, trace=300171)
	super		5000009b
	loader		50000323
	domain		500002bc
	constant pool entry 18	50000087
	constant pool entry 15	5000002d
	constant pool entry 6	5000009b
	constant pool entry 3	50000972
CLS 50000302 (name=Test, trace=300171)
	super		50000301
	loader		50000323
	domain		500002bc
	constant pool entry 6	50000301
	constant pool entry 2	50000302
CLS 50000309 (name=java.util.AbstractList$Itr, trace=300173)
	super		5000009b
	constant pool entry 38	50000309
	constant pool entry 36	50000047
	constant pool entry 35	5000009b
CLS 5000030b (name=java.util.IdentityHashMap$KeySet, trace=300175)
	super		50000024
	constant pool entry 38	5000030b
	constant pool entry 37	5000030e
	constant pool entry 33	50000024
CLS 5000030d (name=java.util.IdentityHashMap$IdentityHashMapIterator, trace=300177)
	super		5000009b
	constant pool entry 46	5000030d
	constant pool entry 44	5000010c
	constant pool entry 41	5000009b
CLS 5000030e (name=java.util.IdentityHashMap$KeyIterator, trace=300177)
	super		5000030d
	constant pool entry 22	5000030e
	constant pool entry 21	5000030d
CLS 50000311 (name=java.io.DeleteOnExitHook, trace=300179)
	super		5000009b
	static instance	50000317
	constant pool entry 40	50000312
	constant pool entry 39	500000ee
	constant pool entry 38	5000002a
	constant pool entry 37	500000e4
	constant pool entry 35	5000009b
	constant pool entry 32	50000311
CLS 50000312 (name=java.util.LinkedHashSet, trace=300180)
	super		50000106
	constant pool entry 32	50000106
CLS 5000031a (name=java.util.HashMap$KeySet, trace=300188)
	super		50000024
	constant pool entry 30	5000031a
	constant pool entry 27	5000011a
	constant pool entry 26	50000024
CLS 5000031c (name=java.util.LinkedHashMap$LinkedHashIterator, trace=300190)
	super		5000009b
	constant pool entry 38	5000031c
	constant pool entry 37	50000053
	constant pool entry 35	5000006f
	constant pool entry 32	5000009b
CLS 5000031d (name=java.util.LinkedHashMap$KeyIterator, trace=300190)
	super		5000031c
	constant pool entry 22	5000031c
	constant pool entry 21	5000031d
HEAP DUMP END
SITES BEGIN (ordered by live bytes) Fri Feb 15 13:26:35 2008
          percent          live          alloc'ed  stack class
 rank   self  accum     bytes objs     bytes  objs trace name
    1 21.48% 21.48%     60136  673     60136   673 300000 char[]
    2  9.04% 30.52%     25320    9     25320     9 300000 byte[]
    3  5.89% 36.41%     16488  673     16488   673 300000 java.lang.String
    4  4.43% 40.84%     12408  304     12408   304 300000 java.lang.Object[]
    5  1.31% 42.15%      3664   29      3664    29 300030 char[]
    6  0.79% 42.93%      2200   18      2200    18 300038 char[]
    7  0.71% 43.64%      1992   48      1992    48 300000 java.lang.String[]
    8  0.61% 44.25%      1704   57      1704    57 300000 java.util.Hashtable$Entry
    9  0.55% 44.80%      1544   11      1544    11 300000 java.lang.Class
   10  0.55% 45.35%      1528    5      1528     5 300000 int[]
   11  0.50% 45.85%      1400   14      1400    14 300000 java.util.HashMap$Entry[]
   12  0.35% 46.20%       984    7       984     7 300000 java.util.Hashtable$Entry[]
   13  0.35% 46.55%       968   20       968    20 300000 java.util.Locale
   14  0.31% 46.86%       872   17       872    17 300000 java.util.concurrent.ConcurrentHashMap$Segment
   15  0.29% 47.15%       816   20       816    20 300000 java.util.concurrent.ConcurrentHashMap$HashEntry
   16  0.29% 47.44%       816   17       816    17 300007 java.nio.HeapCharBuffer
   17  0.29% 47.73%       800   12       800    12 300000 java.util.HashMap
   18  0.28% 48.00%       776   17       776    17 300000 java.util.concurrent.ConcurrentHashMap$HashEntry[]
   19  0.27% 48.27%       744   17       744    17 300000 java.util.concurrent.locks.ReentrantLock$NonfairSync
   20  0.27% 48.54%       744    2       744     2 300084 byte[]
   21  0.26% 48.80%       736    7       736     7 300040 char[]
   22  0.26% 49.06%       720   15       720    15 300006 java.nio.HeapByteBuffer
   23  0.25% 49.31%       712   12       712    12 300000 java.util.LinkedHashMap$Entry
   24  0.25% 49.56%       688    6       688     6 300027 char[]
   25  0.25% 49.80%       688    6       688     6 300029 char[]
   26  0.24% 50.04%       672    4       672     4 300000 java.lang.Thread
   27  0.23% 50.27%       640    6       640     6 300000 java.net.URL
   28  0.21% 50.48%       576   10       576    10 300000 java.io.ExpiringCache$Entry
   29  0.20% 50.68%       560    6       560     6 300000 java.util.Hashtable
   30  0.20% 50.87%       552    9       552     9 300000 java.lang.OutOfMemoryError
   31  0.19% 51.06%       520    6       520     6 300000 java.lang.ref.Finalizer
   32  0.18% 51.24%       504    7       504     7 300000 java.security.AccessControlContext
   33  0.18% 51.42%       504    7       504     7 300000 java.util.Vector
   34  0.18% 51.60%       496    4       496     4 300032 char[]
   35  0.17% 51.77%       480    6       480     6 300000 java.util.ArrayList
   36  0.17% 51.94%       472    3       472     3 300000 java.io.ExpiringCache$1
   37  0.17% 52.10%       464    2       464     2 300000 java.lang.ref.Reference$ReferenceHandler
   38  0.17% 52.27%       464    2       464     2 300000 java.lang.ref.Finalizer$FinalizerThread
   39  0.16% 52.43%       456    5       456     5 300000 java.util.HashMap$Entry
   40  0.16% 52.59%       456    3       456     3 300000 java.nio.HeapByteBuffer
   41  0.16% 52.76%       456    3       456     3 300000 sun.nio.cs.StreamEncoder
   42  0.16% 52.92%       456    3       456     3 300000 java.lang.ThreadGroup
   43  0.16% 53.08%       456    7       456     7 300000 java.io.File
   44  0.16% 53.24%       456    3       456     3 300000 sun.nio.cs.US_ASCII$Encoder
   45  0.16% 53.40%       440    2       440     2 300000 java.util.concurrent.ConcurrentHashMap$Segment[]
   46  0.16% 53.56%       440    3       440     3 300000 java.io.BufferedWriter
   47  0.16% 53.72%       440    3       440     3 300000 sun.nio.cs.US_ASCII$Decoder
   48  0.15% 53.87%       432   10       432    10 300000 java.lang.Object
   49  0.15% 54.02%       432    2       432     2 300000 sun.misc.Launcher$AppClassLoader
   50  0.15% 54.18%       432    4       432     4 300000 java.util.Stack
   51  0.15% 54.33%       432    2       432     2 300000 sun.misc.Launcher$ExtClassLoader
   52  0.15% 54.49%       432    9       432     9 300021 char[]
   53  0.15% 54.64%       424    5       424     5 300000 java.io.ObjectStreamField[]
   54  0.15% 54.79%       424    5       424     5 300000 java.lang.annotation.Annotation[]
   55  0.15% 54.94%       424    3       424     3 300000 java.lang.Thread[]
   56  0.15% 55.09%       424    3       424     3 300000 java.io.PrintStream
   57  0.15% 55.24%       424    5       424     5 300000 java.io.FileDescriptor
   58  0.15% 55.40%       424    3       424     3 300000 sun.misc.URLClassPath
   59  0.15% 55.55%       424    3       424     3 300000 java.io.ExpiringCache
   60  0.15% 55.70%       424    5       424     5 300000 sun.misc.MetaIndex
   61  0.15% 55.84%       408    3       408     3 300000 sun.nio.cs.Surrogate$Parser
   62  0.15% 55.99%       408    3       408     3 300000 java.io.FileOutputStream
   63  0.15% 56.14%       408    4       408     4 300000 sun.misc.Signal
   64  0.15% 56.28%       408    3       408     3 300000 java.lang.RuntimePermission
   65  0.15% 56.43%       408    3       408     3 300000 java.lang.ref.WeakReference
   66  0.15% 56.57%       408    4       408     4 300000 java.lang.Integer
   67  0.15% 56.72%       408    3       408     3 300000 java.io.BufferedOutputStream
   68  0.15% 56.86%       408    4       408     4 300000 java.nio.charset.CodingErrorAction
   69  0.15% 57.01%       408    3       408     3 300000 java.lang.ref.ReferenceQueue
   70  0.15% 57.16%       408    2       408     2 300000 java.util.Properties
   71  0.15% 57.30%       408    3       408     3 300000 java.lang.ref.ReferenceQueue$Null
   72  0.15% 57.45%       408    4       408     4 300000 java.lang.ThreadLocal
   73  0.15% 57.59%       408    3       408     3 300000 java.io.OutputStreamWriter
   74  0.15% 57.74%       408    2       408     2 300000 long[]
   75  0.15% 57.88%       408    4       408     4 300064 char[]
   76  0.14% 58.03%       400    2       400     2 300000 sun.nio.cs.StandardCharsets$Aliases
   77  0.14% 58.17%       400    2       400     2 300000 sun.nio.cs.StandardCharsets$Cache
   78  0.14% 58.31%       400    2       400     2 300000 sun.nio.cs.StandardCharsets$Classes
   79  0.14% 58.46%       400    2       400     2 300000 java.util.concurrent.ConcurrentHashMap
   80  0.14% 58.60%       392    2       392     2 300000 java.util.concurrent.atomic.AtomicReferenceFieldUpdater$AtomicReferenceFieldUpdaterImpl
   81  0.14% 58.74%       392    5       392     5 300000 java.lang.ref.ReferenceQueue$Lock
   82  0.14% 58.88%       392    3       392     3 300000 java.nio.charset.CoderResult
   83  0.14% 59.02%       392    2       392     2 300000 java.io.ObjectStreamField
   84  0.14% 59.16%       392    2       392     2 300000 java.util.Collections$SynchronizedMap
   85  0.14% 59.30%       392    3       392     3 300000 java.io.FileInputStream
   86  0.14% 59.44%       392    3       392     3 300000 java.nio.ByteOrder
   87  0.14% 59.58%       392    3       392     3 300000 java.lang.Boolean
   88  0.14% 59.72%       392    2       392     2 300000 java.lang.ThreadGroup[]
   89  0.14% 59.86%       392    2       392     2 300000 java.lang.ClassLoader$NativeLibrary
   90  0.14% 60.00%       392    2       392     2 300000 java.io.BufferedInputStream
   91  0.14% 60.14%       392    2       392     2 300000 sun.misc.SoftCache
   92  0.14% 60.28%       392    3       392     3 300000 java.util.HashSet
   93  0.14% 60.42%       392    2       392     2 300000 java.lang.OutOfMemoryError[]
   94  0.14% 60.56%       392    3       392     3 300000 sun.misc.NativeSignalHandler
   95  0.14% 60.69%       384    2       384     2 300000 java.lang.VirtualMachineError
   96  0.14% 60.83%       384    2       384     2 300000 java.io.UnixFileSystem
   97  0.14% 60.97%       384    2       384     2 300000 sun.nio.cs.StandardCharsets
   98  0.14% 61.10%       384    2       384     2 300000 java.lang.ArithmeticException
   99  0.14% 61.24%       384    2       384     2 300000 java.lang.NullPointerException
  100  0.14% 61.38%       384    2       384     2 300000 java.io.File[]
  101  0.14% 61.52%       384    2       384     2 300000 java.lang.reflect.ReflectPermission
  102  0.14% 61.65%       384    2       384     2 300000 sun.nio.cs.US_ASCII
  103  0.14% 61.79%       384    2       384     2 300000 java.util.BitSet
  104  0.14% 61.93%       384    6       384     6 300042 byte[]
  105  0.13% 62.06%       376    2       376     2 300000 java.io.Console$1$1
  106  0.13% 62.20%       376    2       376     2 300000 java.lang.StackTraceElement[]
  107  0.13% 62.33%       376    2       376     2 300000 sun.misc.Launcher
  108  0.13% 62.46%       376    2       376     2 300000 java.util.Collections$EmptyList
  109  0.13% 62.60%       376    2       376     2 300000 java.util.Collections$EmptyMap
  110  0.13% 62.73%       376    2       376     2 300000 java.lang.Class[]
  111  0.13% 62.87%       376    2       376     2 300000 java.util.concurrent.atomic.AtomicInteger
  112  0.13% 63.00%       376    2       376     2 300000 java.nio.charset.CoderResult$2
  113  0.13% 63.14%       376    3       376     3 300000 java.lang.Shutdown$Lock
  114  0.13% 63.27%       376    3       376     3 300000 sun.net.www.protocol.jar.Handler
  115  0.13% 63.40%       376    2       376     2 300000 java.nio.charset.CoderResult$1
  116  0.13% 63.54%       376    2       376     2 300000 short[]
  117  0.13% 63.67%       376    2       376     2 300165 java.security.Principal[]
  118  0.13% 63.81%       376    2       376     2 300168 java.security.cert.Certificate[]
  119  0.13% 63.94%       368    2       368     2 300000 java.lang.ApplicationShutdownHooks
  120  0.13% 64.07%       368    2       368     2 300000 java.net.URLClassLoader$7
  121  0.13% 64.20%       368    2       368     2 300000 sun.net.www.protocol.file.Handler
  122  0.13% 64.33%       368    2       368     2 300000 java.lang.ref.Reference$Lock
  123  0.13% 64.46%       368    2       368     2 300000 java.io.Console$1
  124  0.13% 64.60%       368    2       368     2 300000 java.util.Hashtable$EmptyEnumerator
  125  0.13% 64.73%       368    2       368     2 300000 java.lang.System$2
  126  0.13% 64.86%       368    2       368     2 300000 java.util.Collections$EmptySet
  127  0.13% 64.99%       368    2       368     2 300000 java.lang.String$CaseInsensitiveComparator
  128  0.13% 65.12%       368    2       368     2 300000 java.lang.Runtime
  129  0.13% 65.25%       368    2       368     2 300000 java.lang.reflect.ReflectAccess
  130  0.13% 65.38%       368    2       368     2 300000 sun.reflect.ReflectionFactory
  131  0.13% 65.52%       368    2       368     2 300000 java.io.File$1
  132  0.13% 65.65%       368    2       368     2 300000 java.util.Hashtable$EmptyIterator
  133  0.13% 65.78%       368    2       368     2 300000 sun.misc.Launcher$Factory
  134  0.13% 65.91%       368    2       368     2 300000 sun.misc.Unsafe
  135  0.13% 66.04%       368    2       368     2 300000 java.util.Collections$ReverseComparator
  136  0.13% 66.17%       368    2       368     2 300000 java.lang.Terminator$1
  137  0.13% 66.30%       360    1       360     1 300000 java.io.FileReader
  138  0.13% 66.43%       360    1       360     1 300000 java.nio.HeapCharBuffer
  139  0.13% 66.56%       360    1       360     1 300000 java.lang.Math
  140  0.13% 66.69%       360    1       360     1 300000 sun.reflect.ReflectionFactory$GetReflectionFactoryAction
  141  0.13% 66.82%       360    1       360     1 300000 java.lang.Compiler$1
  142  0.13% 66.94%       360    1       360     1 300000 java.util.Comparator
  143  0.13% 67.07%       360    1       360     1 300000 java.lang.ClassCastException
  144  0.13% 67.20%       360    1       360     1 300000 java.lang.Thread$UncaughtExceptionHandler
  145  0.13% 67.33%       360    1       360     1 300000 java.lang.Thread$UncaughtExceptionHandler[]
  146  0.13% 67.46%       360    1       360     1 300000 sun.reflect.FieldAccessorImpl
  147  0.13% 67.59%       360    1       360     1 300000 sun.reflect.ConstructorAccessor
  148  0.13% 67.72%       360    1       360     1 300000 java.util.concurrent.locks.AbstractOwnableSynchronizer
  149  0.13% 67.84%       360    1       360     1 300000 java.nio.ByteBuffer
  150  0.13% 67.97%       360    1       360     1 300000 sun.util.PreHashedMap
  151  0.13% 68.10%       360    1       360     1 300000 sun.misc.OSEnvironment
  152  0.13% 68.23%       360    1       360     1 300000 java.lang.ThreadLocal$ThreadLocalMap
  153  0.13% 68.36%       360    1       360     1 300000 java.lang.reflect.GenericDeclaration
  154  0.13% 68.49%       360    1       360     1 300000 java.lang.reflect.GenericDeclaration[]
  155  0.13% 68.62%       360    1       360     1 300000 java.lang.ArrayStoreException
  156  0.13% 68.74%       360    1       360     1 300000 java.lang.NoSuchMethodError
  157  0.13% 68.87%       360    1       360     1 300000 sun.misc.JavaNetAccess
  158  0.13% 69.00%       360    1       360     1 300000 java.util.AbstractSet
  159  0.13% 69.13%       360    1       360     1 300000 java.io.BufferedReader
  160  0.13% 69.26%       360    1       360     1 300000 java.util.concurrent.locks.Lock
  161  0.13% 69.39%       360    1       360     1 300000 java.util.concurrent.locks.Lock[]
  162  0.13% 69.52%       360    1       360     1 300000 java.util.Set
  163  0.13% 69.64%       360    1       360     1 300000 java.util.Collections
  164  0.13% 69.77%       360    1       360     1 300000 sun.reflect.FieldAccessor
  165  0.13% 69.90%       360    1       360     1 300000 java.lang.System
  166  0.13% 70.03%       360    1       360     1 300000 java.io.Console
  167  0.13% 70.16%       360    1       360     1 300000 java.lang.ClassLoader
  168  0.13% 70.29%       360    1       360     1 300000 sun.security.util.Debug
  169  0.13% 70.42%       360    1       360     1 300000 java.lang.ref.WeakReference[]
  170  0.13% 70.54%       360    1       360     1 300000 java.lang.Iterable
  171  0.13% 70.67%       360    1       360     1 300000 java.lang.StackTraceElement
  172  0.13% 70.80%       360    1       360     1 300000 java.lang.StringCoding$StringEncoder
  173  0.13% 70.93%       360    1       360     1 300000 java.lang.Byte
  174  0.13% 71.06%       360    1       360     1 300000 java.lang.StringBuffer
  175  0.13% 71.19%       360    1       360     1 300000 java.lang.StringBuilder
  176  0.13% 71.32%       360    1       360     1 300000 java.lang.Class$3
  177  0.13% 71.44%       360    1       360     1 300000 java.net.Parts
  178  0.13% 71.57%       360    1       360     1 300000 sun.misc.SharedSecrets
  179  0.13% 71.70%       360    1       360     1 300000 java.lang.Float
  180  0.13% 71.83%       360    1       360     1 300000 java.util.AbstractList
  181  0.13% 71.96%       360    1       360     1 300000 java.lang.annotation.Annotation
  182  0.13% 72.09%       360    1       360     1 300000 java.lang.ThreadLocal$ThreadLocalMap$Entry
  183  0.13% 72.22%       360    1       360     1 300000 java.lang.ThreadLocal$ThreadLocalMap$Entry[]
  184  0.13% 72.34%       360    1       360     1 300000 java.lang.Double
  185  0.13% 72.47%       360    1       360     1 300000 java.lang.Comparable
  186  0.13% 72.60%       360    1       360     1 300000 java.lang.Comparable[]
  187  0.13% 72.73%       360    1       360     1 300000 java.lang.reflect.Modifier
  188  0.13% 72.86%       360    1       360     1 300000 java.lang.Short
  189  0.13% 72.99%       360    1       360     1 300000 java.security.PrivilegedAction
  190  0.13% 73.12%       360    1       360     1 300000 sun.misc.JavaLangAccess
  191  0.13% 73.24%       360    1       360     1 300000 java.util.Arrays
  192  0.13% 73.37%       360    1       360     1 300000 java.io.FilterOutputStream
  193  0.13% 73.50%       360    1       360     1 300000 java.lang.CharSequence
  194  0.13% 73.63%       360    1       360     1 300000 java.lang.CharSequence[]
  195  0.13% 73.76%       360    1       360     1 300000 java.util.AbstractCollection
  196  0.13% 73.89%       360    1       360     1 300000 java.security.BasicPermission
  197  0.13% 74.02%       360    1       360     1 300000 sun.reflect.MethodAccessor
  198  0.13% 74.14%       360    1       360     1 300000 sun.reflect.ReflectionFactory$1
  199  0.13% 74.27%       360    1       360     1 300000 java.io.InputStream
  200  0.13% 74.40%       360    1       360     1 300000 java.lang.Number
  201  0.13% 74.53%       360    1       360     1 300000 java.lang.Cloneable
  202  0.13% 74.66%       360    1       360     1 300000 java.lang.ClassLoader$3
  203  0.13% 74.79%       360    1       360     1 300000 java.util.LinkedHashMap
  204  0.13% 74.92%       360    1       360     1 300000 sun.misc.AtomicLongCSImpl
  205  0.13% 75.04%       360    1       360     1 300000 sun.nio.cs.StreamDecoder
  206  0.13% 75.17%       360    1       360     1 300000 java.lang.ref.FinalReference
  207  0.13% 75.30%       360    1       360     1 300000 java.util.Map$Entry
  208  0.13% 75.43%       360    1       360     1 300000 java.util.Map$Entry[]
  209  0.13% 75.56%       360    1       360     1 300000 java.lang.StackOverflowError
  210  0.13% 75.69%       360    1       360     1 300000 java.lang.VirtualMachineError[]
  211  0.13% 75.81%       360    1       360     1 300000 java.lang.NoClassDefFoundError
  212  0.13% 75.94%       360    1       360     1 300000 sun.misc.AtomicLong
  213  0.13% 76.07%       360    1       360     1 300000 sun.reflect.DelegatingClassLoader
  214  0.13% 76.20%       360    1       360     1 300000 java.lang.reflect.Member
  215  0.13% 76.33%       360    1       360     1 300000 java.lang.reflect.Member[]
  216  0.13% 76.46%       360    1       360     1 300000 java.lang.Readable
  217  0.13% 76.59%       360    1       360     1 300000 java.lang.StringCoding
  218  0.13% 76.71%       360    1       360     1 300000 java.util.concurrent.locks.AbstractQueuedSynchronizer
  219  0.13% 76.84%       360    1       360     1 300000 java.security.Permission
  220  0.13% 76.97%       360    1       360     1 300000 sun.reflect.MagicAccessorImpl
  221  0.13% 77.10%       360    1       360     1 300000 java.io.Writer
  222  0.13% 77.23%       360    1       360     1 300000 java.nio.CharBuffer
  223  0.13% 77.36%       360    1       360     1 300000 java.lang.reflect.Constructor
  224  0.13% 77.49%       360    1       360     1 300000 java.lang.reflect.Constructor[]
  225  0.13% 77.61%       360    1       360     1 300000 java.util.List
  226  0.13% 77.74%       360    1       360     1 300000 java.nio.Buffer
  227  0.13% 77.87%       360    1       360     1 300000 java.lang.reflect.Field
  228  0.13% 78.00%       360    1       360     1 300000 java.lang.reflect.Field[]
  229  0.13% 78.13%       360    1       360     1 300000 java.lang.CharacterDataLatin1
  230  0.13% 78.26%       360    1       360     1 300000 java.io.FilterInputStream
  231  0.13% 78.39%       360    1       360     1 300000 java.lang.Throwable
  232  0.13% 78.51%       360    1       360     1 300000 java.lang.Throwable[]
  233  0.13% 78.64%       360    1       360     1 300000 java.io.InputStreamReader
  234  0.13% 78.77%       360    1       360     1 300000 java.lang.reflect.Method
  235  0.13% 78.90%       360    1       360     1 300000 java.lang.ThreadDeath
  236  0.13% 79.03%       360    1       360     1 300000 java.io.OutputStream
  237  0.13% 79.16%       360    1       360     1 300000 sun.nio.cs.HistoricallyNamedCharset
  238  0.13% 79.29%       360    1       360     1 300000 java.lang.Terminator
  239  0.13% 79.41%       360    1       360     1 300000 java.security.ProtectionDomain
  240  0.13% 79.54%       360    1       360     1 300000 java.security.SecureClassLoader
  241  0.13% 79.67%       360    1       360     1 300000 java.io.Reader
  242  0.13% 79.80%       360    1       360     1 300000 java.security.AccessController
  243  0.13% 79.93%       360    1       360     1 300000 java.util.Collection
  244  0.13% 80.06%       360    1       360     1 300000 java.lang.ref.SoftReference
  245  0.13% 80.19%       360    1       360     1 300000 java.lang.Long
  246  0.13% 80.31%       360    1       360     1 300000 java.util.AbstractMap
  247  0.13% 80.44%       360    1       360     1 300000 sun.nio.cs.Surrogate
  248  0.13% 80.57%       360    1       360     1 300000 java.net.URL[]
  249  0.13% 80.70%       360    1       360     1 300000 java.lang.Compiler
  250  0.13% 80.83%       360    1       360     1 300000 java.security.PrivilegedExceptionAction
  251  0.13% 80.96%       360    1       360     1 300000 java.lang.IllegalMonitorStateException
  252  0.13% 81.09%       360    1       360     1 300000 sun.reflect.DelegatingConstructorAccessorImpl
  253  0.13% 81.21%       360    1       360     1 300000 java.io.Flushable
  254  0.13% 81.34%       360    1       360     1 300000 java.io.FileSystem
  255  0.13% 81.47%       360    1       360     1 300000 java.lang.Class$1
  256  0.13% 81.60%       360    1       360     1 300000 sun.reflect.UnsafeFieldAccessorImpl
  257  0.13% 81.73%       360    1       360     1 300000 sun.misc.Launcher$ExtClassLoader$1
  258  0.13% 81.86%       360    1       360     1 300000 sun.security.action.GetPropertyAction
  259  0.13% 81.99%       360    1       360     1 300000 java.net.URLClassLoader
  260  0.13% 82.11%       360    1       360     1 300000 java.util.Map
  261  0.13% 82.24%       360    1       360     1 300000 sun.misc.JavaIODeleteOnExitAccess
  262  0.13% 82.37%       360    1       360     1 300000 java.lang.Character
  263  0.13% 82.50%       360    1       360     1 300000 java.lang.ref.Reference
  264  0.13% 82.63%       360    1       360     1 300000 java.lang.ref.Reference[]
  265  0.13% 82.76%       360    1       360     1 300000 java.util.concurrent.locks.ReentrantLock
  266  0.13% 82.89%       360    1       360     1 300000 java.util.concurrent.locks.ReentrantLock[]
  267  0.13% 83.01%       360    1       360     1 300000 java.lang.reflect.Array
  268  0.13% 83.14%       360    1       360     1 300000 java.util.concurrent.locks.ReentrantLock$Sync
  269  0.13% 83.27%       360    1       360     1 300000 java.net.URLStreamHandler
  270  0.13% 83.40%       360    1       360     1 300000 sun.misc.Version
  271  0.13% 83.53%       360    1       360     1 300000 java.lang.reflect.AccessibleObject
  272  0.13% 83.66%       360    1       360     1 300000 java.lang.reflect.AccessibleObject[]
  273  0.13% 83.79%       360    1       360     1 300000 java.lang.LinkageError
  274  0.13% 83.91%       360    1       360     1 300000 java.lang.Shutdown
  275  0.13% 84.04%       360    1       360     1 300000 java.lang.reflect.AnnotatedElement
  276  0.13% 84.17%       360    1       360     1 300000 java.lang.reflect.AnnotatedElement[]
  277  0.13% 84.30%       360    1       360     1 300000 java.lang.Appendable
  278  0.13% 84.43%       360    1       360     1 300000 java.net.URLStreamHandlerFactory
  279  0.13% 84.56%       360    1       360     1 300000 java.util.concurrent.ConcurrentMap
  280  0.13% 84.69%       360    1       360     1 300000 sun.reflect.NativeConstructorAccessorImpl
  281  0.13% 84.81%       360    1       360     1 300000 java.lang.Error
  282  0.13% 84.94%       360    1       360     1 300000 java.lang.Error[]
  283  0.13% 85.07%       360    1       360     1 300000 java.util.Iterator
  284  0.13% 85.20%       360    1       360     1 300000 java.lang.AbstractStringBuilder
  285  0.13% 85.33%       360    1       360     1 300000 sun.reflect.UnsafeStaticFieldAccessorImpl
  286  0.13% 85.46%       360    1       360     1 300000 java.nio.charset.CharsetDecoder
  287  0.13% 85.59%       360    1       360     1 300000 sun.reflect.ConstructorAccessorImpl
  288  0.13% 85.71%       360    1       360     1 300000 java.util.Dictionary
  289  0.13% 85.84%       360    1       360     1 300000 java.lang.ClassNotFoundException
  290  0.13% 85.97%       360    1       360     1 300000 java.util.Enumeration
  291  0.13% 86.10%       360    1       360     1 300000 java.nio.charset.CoderResult$Cache
  292  0.13% 86.23%       360    1       360     1 300000 sun.nio.cs.FastCharsetProvider
  293  0.13% 86.36%       360    1       360     1 300000 java.lang.Exception
  294  0.13% 86.49%       360    1       360     1 300000 java.lang.RuntimeException
  295  0.13% 86.61%       360    1       360     1 300000 java.lang.IncompatibleClassChangeError
  296  0.13% 86.74%       360    1       360     1 300000 java.util.RandomAccess
  297  0.13% 86.87%       360    1       360     1 300000 com.sun.demo.jvmti.hprof.Tracker
  298  0.13% 87.00%       360    1       360     1 300000 java.io.Serializable
  299  0.13% 87.13%       360    1       360     1 300000 java.io.Serializable[]
  300  0.13% 87.26%       360    1       360     1 300000 java.lang.Runnable
  301  0.13% 87.39%       360    1       360     1 300000 java.lang.Runnable[]
  302  0.13% 87.51%       360    1       360     1 300000 sun.misc.JavaIOAccess
  303  0.13% 87.64%       360    1       360     1 300000 java.util.IdentityHashMap
  304  0.13% 87.77%       360    1       360     1 300000 java.nio.charset.spi.CharsetProvider
  305  0.13% 87.90%       360    1       360     1 300000 sun.net.www.ParseUtil
  306  0.13% 88.03%       360    1       360     1 300000 sun.reflect.LangReflectAccess
  307  0.13% 88.16%       360    1       360     1 300000 java.nio.charset.Charset
  308  0.13% 88.29%       360    1       360     1 300000 java.io.ObjectStreamClass
  309  0.13% 88.41%       360    1       360     1 300000 java.util.concurrent.atomic.AtomicReferenceFieldUpdater
  310  0.13% 88.54%       360    1       360     1 300000 sun.reflect.MethodAccessorImpl
  311  0.13% 88.67%       360    1       360     1 300000 java.util.StringTokenizer
  312  0.13% 88.80%       360    1       360     1 300000 java.nio.Bits
  313  0.13% 88.93%       360    1       360     1 300000 sun.reflect.Reflection
  314  0.13% 89.06%       360    1       360     1 300000 java.lang.reflect.Type
  315  0.13% 89.19%       360    1       360     1 300000 java.lang.reflect.Type[]
  316  0.13% 89.31%       360    1       360     1 300000 java.security.Guard
  317  0.13% 89.44%       360    1       360     1 300000 sun.reflect.misc.ReflectUtil
  318  0.13% 89.57%       360    1       360     1 300000 sun.misc.VM
  319  0.13% 89.70%       360    1       360     1 300000 sun.misc.Launcher$AppClassLoader$1
  320  0.13% 89.83%       360    1       360     1 300000 java.io.Closeable
  321  0.13% 89.96%       360    1       360     1 300000 java.lang.ref.PhantomReference
  322  0.13% 90.09%       360    1       360     1 300000 sun.reflect.ConstantPool
  323  0.13% 90.21%       360    1       360     1 300000 java.util.concurrent.locks.AbstractQueuedSynchronizer$Node
  324  0.13% 90.34%       360    1       360     1 300000 sun.misc.SignalHandler
  325  0.13% 90.47%       360    1       360     1 300000 java.lang.StringCoding$StringDecoder
  326  0.13% 90.60%       360    1       360     1 300000 java.nio.charset.CharsetEncoder
  327  0.13% 90.73%       360    1       360     1 300000 java.lang.SystemClassLoaderAction
  328  0.13% 90.86%       360    1       360     1 300000 boolean[]
  329  0.13% 90.99%       360    1       360     1 300000 float[]
  330  0.13% 91.11%       360    1       360     1 300000 double[]
  331  0.13% 91.24%       360    1       360     1 300009 java.net.URLClassLoader$1
  332  0.13% 91.37%       360    1       360     1 300013 sun.misc.URLClassPath$3
  333  0.13% 91.50%       360    1       360     1 300015 sun.misc.URLClassPath$Loader
  334  0.13% 91.63%       360    1       360     1 300015 sun.misc.URLClassPath$JarLoader
  335  0.13% 91.76%       360    9       360     9 300023 char[]
  336  0.13% 91.89%       360    1       360     1 300046 java.security.PrivilegedActionException
  337  0.13% 92.01%       360    1       360     1 300049 sun.misc.URLClassPath$FileLoader
  338  0.13% 92.14%       360    1       360     1 300076 sun.misc.Resource
  339  0.13% 92.27%       360    1       360     1 300076 sun.misc.URLClassPath$FileLoader$1
  340  0.13% 92.40%       360    1       360     1 300082 sun.nio.ByteBuffered
  341  0.13% 92.53%       360    1       360     1 300085 java.security.CodeSource
  342  0.13% 92.66%       360    1       360     1 300087 java.security.PermissionCollection
  343  0.13% 92.79%       360    1       360     1 300087 java.security.Permissions
  344  0.13% 92.91%       360    1       360     1 300104 java.net.URLConnection
  345  0.13% 93.04%       360    1       360     1 300104 sun.net.www.URLConnection
  346  0.13% 93.17%       360    1       360     1 300104 sun.net.www.protocol.file.FileURLConnection
  347  0.13% 93.30%       360    1       360     1 300107 java.net.ContentHandler
  348  0.13% 93.43%       360    1       360     1 300107 java.net.UnknownContentHandler
  349  0.13% 93.56%       360    1       360     1 300112 sun.net.www.MessageHeader
  350  0.13% 93.69%       360    1       360     1 300119 java.io.FilePermission
  351  0.13% 93.81%       360    1       360     1 300121 java.io.FilePermission$1
  352  0.13% 93.94%       360    1       360     1 300123 java.security.Policy
  353  0.13% 94.07%       360    1       360     1 300123 sun.security.provider.PolicyFile
  354  0.13% 94.20%       360    1       360     1 300124 java.security.Policy$UnsupportedEmptyCollection
  355  0.13% 94.33%       360    1       360     1 300144 java.io.FilePermissionCollection
  356  0.13% 94.46%       360    1       360     1 300151 java.security.AllPermission
  357  0.13% 94.59%       360    1       360     1 300152 java.security.UnresolvedPermission
  358  0.13% 94.71%       360    1       360     1 300154 java.security.BasicPermissionCollection
  359  0.13% 94.84%       360    1       360     1 300164 java.security.Principal
  360  0.13% 94.97%       360    1       360     1 300167 java.security.cert.Certificate
  361  0.13% 95.10%       360    1       360     1 300171 A
  362  0.13% 95.23%       360    1       360     1 300171 Test
  363  0.13% 95.36%       360    1       360     1 300173 java.util.AbstractList$Itr
  364  0.13% 95.49%       360    1       360     1 300175 java.util.IdentityHashMap$KeySet
  365  0.13% 95.61%       360    1       360     1 300177 java.util.IdentityHashMap$IdentityHashMapIterator
  366  0.13% 95.74%       360    1       360     1 300177 java.util.IdentityHashMap$KeyIterator
  367  0.13% 95.87%       360    1       360     1 300179 java.io.DeleteOnExitHook
  368  0.13% 96.00%       360    1       360     1 300180 java.util.LinkedHashSet
  369  0.13% 96.13%       360    1       360     1 300188 java.util.HashMap$KeySet
  370  0.13% 96.26%       360    1       360     1 300190 java.util.LinkedHashMap$LinkedHashIterator
  371  0.13% 96.39%       360    1       360     1 300190 java.util.LinkedHashMap$KeyIterator
  372  0.11% 96.50%       312    3       312     3 300001 java.lang.Thread
  373  0.11% 96.60%       296    5       296     5 300095 char[]
  374  0.10% 96.71%       288    3       288     3 300056 char[]
  375  0.10% 96.81%       288    5       288     5 300092 char[]
  376  0.09% 96.90%       264    3       264     3 300059 char[]
  377  0.09% 96.99%       240    5       240     5 300091 char[]
  378  0.08% 97.07%       224    4       224     4 300033 java.net.URL
  379  0.08% 97.15%       216    9       216     9 300022 java.lang.String
  380  0.08% 97.22%       216    2       216     2 300075 char[]
  381  0.07% 97.30%       208    3       208     3 300005 char[]
  382  0.07% 97.37%       192    4       192     4 300017 char[]
  383  0.07% 97.43%       192    4       192     4 300037 char[]
  384  0.07% 97.50%       192    4       192     4 300062 char[]
  385  0.06% 97.56%       160    4       160     4 300035 sun.misc.URLClassPath$JarLoader
  386  0.06% 97.62%       160    2       160     2 300066 char[]
  387  0.05% 97.67%       144    3       144     3 300003 char[]
  388  0.05% 97.72%       144    9       144     9 300020 java.lang.StringBuilder
  389  0.05% 97.77%       144    6       144     6 300028 java.lang.String
  390  0.05% 97.82%       144    6       144     6 300043 java.lang.String
  391  0.05% 97.87%       128    4       128     4 300011 char[]
  392  0.05% 97.91%       128    2       128     2 300081 byte[]
  393  0.05% 97.96%       128    2       128     2 300083 byte[]
  394  0.04% 98.00%       120    5       120     5 300044 java.util.HashMap$Entry
  395  0.04% 98.05%       120    5       120     5 300093 java.lang.String
  396  0.04% 98.09%       120    5       120     5 300094 java.lang.String
  397  0.04% 98.13%       112    2       112     2 300060 java.net.URL
  398  0.04% 98.17%       112    2       112     2 300070 java.net.URL
  399  0.04% 98.21%       112    2       112     2 300133 byte[]
  400  0.03% 98.24%        96    4        96     4 300012 java.lang.String
  401  0.03% 98.28%        96    6        96     6 300026 java.lang.StringBuffer
  402  0.03% 98.31%        96    4        96     4 300031 java.lang.String
  403  0.03% 98.35%        96    4        96     4 300034 java.net.Parts
  404  0.03% 98.38%        96    4        96     4 300039 java.lang.String
  405  0.03% 98.41%        96    4        96     4 300063 java.lang.String
  406  0.03% 98.45%        96    2        96     2 300073 char[]
  407  0.03% 98.48%        96    1        96     1 300111 sun.net.www.protocol.file.FileURLConnection
  408  0.03% 98.52%        96    1        96     1 300140 char[]
  409  0.03% 98.55%        80    5        80     5 300014 sun.misc.URLClassPath$3
  410  0.03% 98.57%        80    5        80     5 300090 java.lang.StringBuilder
  411  0.03% 98.60%        80    2        80     2 300098 java.util.HashMap
  412  0.03% 98.63%        80    1        80     1 300099 java.util.HashMap$Entry[]
  413  0.03% 98.66%        80    1        80     1 300110 java.util.HashMap$Entry[]
  414  0.03% 98.69%        80    1        80     1 300127 java.util.HashMap$Entry[]
  415  0.03% 98.72%        80    1        80     1 300161 java.util.HashMap$Entry[]
  416  0.03% 98.75%        80    2        80     2 300178 java.util.IdentityHashMap$KeyIterator
  417  0.03% 98.77%        80    1        80     1 300183 java.util.HashMap$Entry[]
  418  0.03% 98.80%        72    3        72     3 300057 java.lang.String
  419  0.03% 98.83%        72    3        72     3 300058 java.lang.String
  420  0.02% 98.85%        64    2        64     2 300008 java.lang.ClassNotFoundException
  421  0.02% 98.87%        64    4        64     4 300016 java.lang.StringBuilder
  422  0.02% 98.89%        64    4        64     4 300036 java.lang.StringBuilder
  423  0.02% 98.92%        64    4        64     4 300041 java.io.File
  424  0.02% 98.94%        64    2        64     2 300045 java.lang.ClassNotFoundException
  425  0.02% 98.96%        64    2        64     2 300047 java.security.PrivilegedActionException
  426  0.02% 98.99%        64    4        64     4 300061 java.lang.StringBuilder
  427  0.02% 99.01%        64    2        64     2 300067 char[]
  428  0.02% 99.03%        64    2        64     2 300069 char[]
  429  0.02% 99.05%        64    2        64     2 300077 sun.misc.URLClassPath$FileLoader$1
  430  0.02% 99.08%        64    2        64     2 300079 java.lang.ref.Finalizer
  431  0.02% 99.10%        64    2        64     2 300086 java.security.CodeSource
  432  0.02% 99.12%        64    2        64     2 300136 java.util.LinkedHashMap$Entry
  433  0.02% 99.14%        56    1        56     1 300106 java.util.Hashtable$Entry[]
  434  0.02% 99.16%        56    1        56     1 300149 java.lang.Object[]
  435  0.02% 99.18%        48    1        48     1 300052 char[]
  436  0.02% 99.20%        48    3        48     3 300055 java.lang.StringBuffer
  437  0.02% 99.21%        48    2        48     2 300065 java.lang.String
  438  0.02% 99.23%        48    2        48     2 300068 java.lang.String
  439  0.02% 99.25%        48    2        48     2 300074 java.lang.String
  440  0.02% 99.27%        48    1        48     1 300101 char[]
  441  0.02% 99.28%        48    1        48     1 300117 char[]
  442  0.02% 99.30%        48    2        48     2 300134 java.lang.String
  443  0.02% 99.32%        48    2        48     2 300135 java.io.ExpiringCache$Entry
  444  0.02% 99.33%        48    1        48     1 300138 char[]
  445  0.02% 99.35%        48    2        48     2 300150 java.util.HashMap$Entry
  446  0.02% 99.37%        48    1        48     1 300182 java.util.LinkedHashMap
  447  0.01% 99.38%        40    1        40     1 300105 java.util.Hashtable
  448  0.01% 99.40%        40    1        40     1 300109 java.util.HashMap
  449  0.01% 99.41%        40    1        40     1 300160 java.util.HashMap
  450  0.01% 99.42%        32    2        32     2 300010 java.net.URLClassLoader$1
  451  0.01% 99.43%        32    1        32     1 300019 java.io.ObjectStreamField
  452  0.01% 99.45%        32    1        32     1 300024 java.io.ObjectStreamField
  453  0.01% 99.46%        32    1        32     1 300025 java.io.ObjectStreamField
  454  0.01% 99.47%        32    2        32     2 300048 java.net.URLClassLoader$1
  455  0.01% 99.48%        32    2        32     2 300071 java.io.File
  456  0.01% 99.49%        32    2        32     2 300072 java.lang.StringBuilder
  457  0.01% 99.50%        32    2        32     2 300078 java.io.FileInputStream
  458  0.01% 99.51%        32    2        32     2 300080 java.io.FileDescriptor
  459  0.01% 99.53%        32    1        32     1 300089 java.io.ObjectStreamField
  460  0.01% 99.54%        32    1        32     1 300096 java.io.ObjectStreamField
  461  0.01% 99.55%        32    1        32     1 300114 java.lang.String[]
  462  0.01% 99.56%        32    1        32     1 300115 java.lang.String[]
  463  0.01% 99.57%        32    1        32     1 300120 java.io.FilePermission
  464  0.01% 99.58%        32    2        32     2 300131 java.io.File
  465  0.01% 99.59%        32    1        32     1 300141 java.io.FilePermission
  466  0.01% 99.61%        32    1        32     1 300146 java.io.ObjectStreamField
  467  0.01% 99.62%        32    1        32     1 300156 java.io.ObjectStreamField
  468  0.01% 99.63%        32    1        32     1 300157 java.io.ObjectStreamField
  469  0.01% 99.64%        32    1        32     1 300158 java.io.ObjectStreamField
  470  0.01% 99.65%        32    1        32     1 300163 java.security.ProtectionDomain
  471  0.01% 99.66%        32    1        32     1 300184 java.util.LinkedHashMap$Entry
  472  0.01% 99.67%        32    1        32     1 300191 java.util.LinkedHashMap$KeyIterator
SITES END
